=====UNSATISFIABLE=====
%%%mzn-stat: solveTime=0.022
%%%mzn-stat: solutions=0
%%%mzn-stat: nodes=0
%%%mzn-stat: failures=0
%%%mzn-stat: restarts=0
%%%mzn-stat: propagations=0
%%%mzn-stat: propagationWork=487313
%%%mzn-stat: rootPropagationWork=487313
%%%mzn-stat: propagationMs=5
%%%mzn-stat: rootPropagationMs=5
%%%mzn-stat: learned=0
%%%mzn-stat: relearned=0
%%%mzn-stat: caNotApplicable=0
%%%mzn-stat: caNonAsserting=0
%%%mzn-stat: openBoolDecisions=0
%%%mzn-stat: openIntDecisions=0
%%%mzn-stat: openTheoryDecisions=0
%%%mzn-stat: openTheoryChecks=0
%%%mzn-stat: openWork=0
%%%mzn-stat: openLearned=0
%%%mzn-stat: openRelearned=0
%%%mzn-stat: openRestarts=0
%%%mzn-stat: openReductions=0
%%%mzn-stat: openDropped=0
%%%mzn-stat: openRetained=0
%%%mzn-stat: openPeakRetained=0
%%%mzn-stat: openLearnedWatchVisits=0
%%%mzn-stat: profile=FiniteCp optimizing=false wide=false scheduling=false
%%%mzn-stat: arm.bt/satOptimized=segments=1 work=121 ms=18 reward=0 failures=0 faults=0 maxMs=18 initMs=15
%%%mzn-stat: arm.bt/conflictDriven=segments=0 work=0 ms=0 reward=0 failures=0 faults=0 maxMs=0 initMs=0
%%%mzn-stat: arm.bt/lp-default=segments=0 work=0 ms=0 reward=0 failures=0 faults=0 maxMs=0 initMs=0
%%%mzn-stat: arm.bt/lp-aggressive=segments=0 work=0 ms=0 reward=0 failures=0 faults=0 maxMs=0 initMs=0
%%%mzn-stat: arm.bt/free=segments=0 work=0 ms=0 reward=0 failures=0 faults=0 maxMs=0 initMs=0
%%%mzn-stat: arm.bt/selector-switch=segments=0 work=0 ms=0 reward=0 failures=0 faults=0 maxMs=0 initMs=0
%%%mzn-stat-end
