s SATISFIABLE
v X0_0=1.0 X0_1=0.9999999999999991 X0_2=1.0000000000000016 X0_3=1.0000000000000013 X0_4=1.0000000000000009 X0_5=1.0000000000000009 X0_6=1.0000000000000002 X0_7=1.0000000000000002 X0_8=0.9999999999999997 X0_9=1.0 X0_10=0.9999999999999994 X0_11=0.9999999999999994 X0_12=0.9999999999999993 X0_13=0.9999999999999997 X0_14=0.9999999999999999 X0_15=0.9999999999999994 X0_16=0.9999999999999994 X0_17=0.9999999999999997 X0_18=0.9999999999999994 X0_19=0.9999999999999996 X0_20=0.9999999999999996 X0_21=0.9999999999999999 X0_22=0.9999999999999997 X0_23=0.9999999999999996 X1_0=1.0 X1_1=0.9999999999999991 X1_2=1.0000000000000016 X1_3=1.0000000000000013 X1_4=1.0000000000000009 X1_5=1.0000000000000009 X1_6=1.0000000000000002 X1_7=1.0000000000000002 X1_8=0.9999999999999997 X1_9=1.0 X1_10=0.9999999999999994 X1_11=0.9999999999999994 X1_12=0.9999999999999993 X1_13=0.9999999999999997 X1_14=0.9999999999999999 X1_15=0.9999999999999994 X1_16=0.9999999999999994 X1_17=0.9999999999999997 X1_18=0.9999999999999994 X1_19=0.9999999999999996 X1_20=0.9999999999999996 X1_21=0.9999999999999999 X1_22=0.9999999999999997 X1_23=0.9999999999999996 X2_0=1.0 X2_1=0.9999999999999991 X2_2=1.0000000000000016 X2_3=1.0000000000000013 X2_4=1.0000000000000009 X2_5=1.0000000000000009 X2_6=1.0000000000000002 X2_7=1.0000000000000002 X2_8=0.9999999999999997 X2_9=1.0 X2_10=0.9999999999999994 X2_11=0.9999999999999994 X2_12=0.9999999999999993 X2_13=0.9999999999999997 X2_14=0.9999999999999999 X2_15=0.9999999999999994 X2_16=0.9999999999999994 X2_17=0.9999999999999997 X2_18=0.9999999999999994 X2_19=0.9999999999999996 X2_20=0.9999999999999996 X2_21=0.9999999999999999 X2_22=0.9999999999999997 X2_23=0.9999999999999996 X3_0=1.0 X3_1=0.9999999999999991 X3_2=1.0000000000000016 X3_3=1.0000000000000013 X3_4=1.0000000000000009 X3_5=1.0000000000000009 X3_6=1.0000000000000002 X3_7=1.0000000000000002 X3_8=0.9999999999999997 X3_9=1.0 X3_10=0.9999999999999994 X3_11=0.9999999999999994 X3_12=0.9999999999999993 X3_13=0.9999999999999997 X3_14=0.9999999999999999 X3_15=0.9999999999999994 X3_16=0.9999999999999994 X3_17=0.9999999999999997 X3_18=0.9999999999999994 X3_19=0.9999999999999996 X3_20=0.9999999999999996 X3_21=0.9999999999999999 X3_22=0.9999999999999997 X3_23=0.9999999999999996 X4_0=1.0 X4_1=0.9999999999999991 X4_2=1.0000000000000016 X4_3=1.0000000000000013 X4_4=1.0000000000000009 X4_5=1.0000000000000009 X4_6=1.0000000000000002 X4_7=1.0000000000000002 X4_8=0.9999999999999997 X4_9=1.0 X4_10=0.9999999999999994 X4_11=0.9999999999999994 X4_12=0.9999999999999993 X4_13=0.9999999999999997 X4_14=0.9999999999999999 X4_15=0.9999999999999994 X4_16=0.9999999999999994 X4_17=0.9999999999999997 X4_18=0.9999999999999994 X4_19=0.9999999999999996 X4_20=0.9999999999999996 X4_21=0.9999999999999999 X4_22=0.9999999999999997 X4_23=0.9999999999999996 X5_0=1.0 X5_1=0.9999999999999991 X5_2=1.0000000000000016 X5_3=1.0000000000000013 X5_4=1.0000000000000009 X5_5=1.0000000000000009 X5_6=1.0000000000000002 X5_7=1.0000000000000002 X5_8=0.9999999999999997 X5_9=1.0 X5_10=0.9999999999999994 X5_11=0.9999999999999994 X5_12=0.9999999999999993 X5_13=0.9999999999999997 X5_14=0.9999999999999999 X5_15=0.9999999999999994 X5_16=0.9999999999999994 X5_17=0.9999999999999997 X5_18=0.9999999999999994 X5_19=0.9999999999999996 X5_20=0.9999999999999996 X5_21=0.9999999999999999 X5_22=0.9999999999999997 X5_23=0.9999999999999996 X6_0=1.0 X6_1=0.9999999999999991 X6_2=1.0000000000000016 X6_3=1.0000000000000013 X6_4=1.0000000000000009 X6_5=1.0000000000000009 X6_6=1.0000000000000002 X6_7=1.0000000000000002 X6_8=0.9999999999999997 X6_9=1.0 X6_10=0.9999999999999994 X6_11=0.9999999999999994 X6_12=0.9999999999999993 X6_13=0.9999999999999997 X6_14=0.9999999999999999 X6_15=0.9999999999999994 X6_16=0.9999999999999994 X6_17=0.9999999999999997 X6_18=0.9999999999999994 X6_19=0.9999999999999996 X6_20=0.9999999999999996 X6_21=0.9999999999999999 X6_22=0.9999999999999997 X6_23=0.9999999999999996 X7_0=1.0 X7_1=0.9999999999999991 X7_2=1.0000000000000016 X7_3=1.0000000000000013 X7_4=1.0000000000000009 X7_5=1.0000000000000009 X7_6=1.0000000000000002 X7_7=1.0000000000000002 X7_8=0.9999999999999997 X7_9=1.0 X7_10=0.9999999999999994 X7_11=0.9999999999999994 X7_12=0.9999999999999993 X7_13=0.9999999999999997 X7_14=0.9999999999999999 X7_15=0.9999999999999994 X7_16=0.9999999999999994 X7_17=0.9999999999999997 X7_18=0.9999999999999994 X7_19=0.9999999999999996 X7_20=0.9999999999999996 X7_21=0.9999999999999999 X7_22=0.9999999999999997 X7_23=0.9999999999999996
c solveTime=0.234
c solutions=1
c nodes=0
c failures=0
c restarts=0
c propagations=0
c propagationWork=192
c rootPropagationWork=192
c propagationMs=0
c rootPropagationMs=0
c learned=0
c relearned=0
c openBoolDecisions=0
c openIntDecisions=0
c openTheoryDecisions=0
c openTheoryChecks=0
c openWork=0
c openLearned=0
c openRelearned=0
c openRestarts=0
c openReductions=0
c openDropped=0
c openRetained=0
c openPeakRetained=0
c openLearnedWatchVisits=0
c lpSolves=0
c lpPruned=0
c lpInfeasible=0
c lpBoundPruned=0
c lpFixed=0
c lpCuts=0
c lpPivots=0
c lpWorkOps=0
c lpOverheadOps=38016
c lpNodePasses=0
c lpStandalonePasses=1
c lpStandalonePivots=192
c lpStandaloneWorkOps=2675137
c lpStandaloneWarmStartAttempts=0
c lpStandaloneWarmStartHits=0
c lpStandaloneRefactorizations=24
c lpStandaloneRefactorInitial=1
c lpStandaloneRefactorWarmStart=0
c lpStandaloneRefactorSingularRecovery=0
c lpStandaloneRefactorUpdateLimit=23
c lpStandaloneRefactorBackendRequested=0
c lpStandaloneRefactorReconcileRecovery=0
c lpStandaloneRefactorNumericalRecovery=0
c lpStandaloneRefactorPrimal=0
c lpStandaloneSingularRefactorizations=0
c lpStandaloneSmallPivotBails=0
c lpIntegerCertifyAttempts=0
c lpIntegerCertifySuccesses=0
c lpIntegerCertifyDeclines=0
c lpIntegerCertifyNodeAttempts=0
c lpIntegerCertifyNodeSuccesses=0
c lpIntegerCertifyNodeDeclines=0
c lpIntegerCertifyStandaloneAttempts=0
c lpIntegerCertifyStandaloneSuccesses=0
c lpIntegerCertifyStandaloneDeclines=0
c lpIntegerCertifyComponentAttempts=0
c lpIntegerCertifyComponentSuccesses=0
c lpIntegerCertifyComponentDeclines=0
c lpIntegerCertifyRootAttempts=0
c lpIntegerCertifyRootSuccesses=0
c lpIntegerCertifyRootDeclines=0
c lpSafeObjectiveLowerBoundAttempts=0
c lpSafeObjectiveLowerBoundSuccesses=0
c lpSafeObjectiveLowerBoundDeclines=0
c lpSafeObjectiveLowerBoundNodeAttempts=0
c lpSafeObjectiveLowerBoundNodeSuccesses=0
c lpSafeObjectiveLowerBoundNodeDeclines=0
c lpSafeObjectiveLowerBoundStandaloneAttempts=0
c lpSafeObjectiveLowerBoundStandaloneSuccesses=0
c lpSafeObjectiveLowerBoundStandaloneDeclines=0
c lpSafeObjectiveLowerBoundComponentAttempts=0
c lpSafeObjectiveLowerBoundComponentSuccesses=0
c lpSafeObjectiveLowerBoundComponentDeclines=0
c lpSafeObjectiveLowerBoundRootAttempts=0
c lpSafeObjectiveLowerBoundRootSuccesses=0
c lpSafeObjectiveLowerBoundRootDeclines=0
c lpExactBasisFeasibleAttempts=0
c lpExactBasisFeasibleSuccesses=0
c lpExactBasisFeasibleDeclines=0
c lpExactBasisFeasibleNodeAttempts=0
c lpExactBasisFeasibleNodeSuccesses=0
c lpExactBasisFeasibleNodeDeclines=0
c lpExactBasisFeasibleStandaloneAttempts=0
c lpExactBasisFeasibleStandaloneSuccesses=0
c lpExactBasisFeasibleStandaloneDeclines=0
c lpExactBasisFeasibleComponentAttempts=0
c lpExactBasisFeasibleComponentSuccesses=0
c lpExactBasisFeasibleComponentDeclines=0
c lpExactBasisFeasibleRootAttempts=0
c lpExactBasisFeasibleRootSuccesses=0
c lpExactBasisFeasibleRootDeclines=0
c lpExactFarkasRayAttempts=0
c lpExactFarkasRaySuccesses=0
c lpExactFarkasRayDeclines=0
c lpExactFarkasRayNodeAttempts=0
c lpExactFarkasRayNodeSuccesses=0
c lpExactFarkasRayNodeDeclines=0
c lpExactFarkasRayStandaloneAttempts=0
c lpExactFarkasRayStandaloneSuccesses=0
c lpExactFarkasRayStandaloneDeclines=0
c lpExactFarkasRayComponentAttempts=0
c lpExactFarkasRayComponentSuccesses=0
c lpExactFarkasRayComponentDeclines=0
c lpExactFarkasRayRootAttempts=0
c lpExactFarkasRayRootSuccesses=0
c lpExactFarkasRayRootDeclines=0
c lpExactPointFeasibleAttempts=0
c lpExactPointFeasibleSuccesses=0
c lpExactPointFeasibleDeclines=0
c lpExactPointFeasibleNodeAttempts=0
c lpExactPointFeasibleNodeSuccesses=0
c lpExactPointFeasibleNodeDeclines=0
c lpExactPointFeasibleStandaloneAttempts=0
c lpExactPointFeasibleStandaloneSuccesses=0
c lpExactPointFeasibleStandaloneDeclines=0
c lpExactPointFeasibleComponentAttempts=0
c lpExactPointFeasibleComponentSuccesses=0
c lpExactPointFeasibleComponentDeclines=0
c lpExactPointFeasibleRootAttempts=0
c lpExactPointFeasibleRootSuccesses=0
c lpExactPointFeasibleRootDeclines=0
c lpRationalOutcomeAttempts=0
c lpRationalOutcomeSuccesses=0
c lpRationalOutcomeDeclines=0
c lpRationalOutcomeNodeAttempts=0
c lpRationalOutcomeNodeSuccesses=0
c lpRationalOutcomeNodeDeclines=0
c lpRationalOutcomeStandaloneAttempts=0
c lpRationalOutcomeStandaloneSuccesses=0
c lpRationalOutcomeStandaloneDeclines=0
c lpRationalOutcomeComponentAttempts=0
c lpRationalOutcomeComponentSuccesses=0
c lpRationalOutcomeComponentDeclines=0
c lpRationalOutcomeRootAttempts=0
c lpRationalOutcomeRootSuccesses=0
c lpRationalOutcomeRootDeclines=0
c lpBackjumps=0
c lpLagrangianPruned=0
c lpEnergeticPruned=0
c lpMs=0
c profile=Continuous optimizing=false wide=false scheduling=false
c arm.bt/satOptimized=segments=1 work=4521 ms=225 reward=0 failures=0 faults=0 maxMs=225 initMs=13
c arm.bt/conflictDriven=segments=0 work=0 ms=0 reward=0 failures=0 faults=0 maxMs=0 initMs=0
c arm.bt/lp-default=segments=0 work=0 ms=0 reward=0 failures=0 faults=0 maxMs=0 initMs=0
c arm.bt/lp-aggressive=segments=0 work=0 ms=0 reward=0 failures=0 faults=0 maxMs=0 initMs=0
c arm.bt/free=segments=0 work=0 ms=0 reward=0 failures=0 faults=0 maxMs=0 initMs=0
c arm.bt/selector-switch=segments=0 work=0 ms=0 reward=0 failures=0 faults=0 maxMs=0 initMs=0
