unknown
; budget exhausted
; solveTime=28.207
; solutions=0
; presolvePasses=strengthen,affine,symmetry,difference-system
; presolveConstraintsRemoved=92
; nodes=8755
; failures=8554
; propagations=0
; openBoolDecisions=0
; openIntDecisions=0
; openTheoryDecisions=0
; openTheoryChecks=0
; openWork=0
; openLearned=0
; openRelearned=0
; openRestarts=0
; openReductions=0
; openDropped=0
; openRetained=0
; openPeakRetained=0
; openLearnedWatchVisits=0
; lpSolves=0
; lpPruned=0
; lpInfeasible=0
; lpBoundPruned=0
; lpFixed=0
; lpCuts=0
; lpPivots=0
; lpWorkOps=0
; lpNodePasses=0
; lpComponentPasses=1
; lpComponentPivots=0
; lpComponentWorkOps=196
; lpRootPasses=93
; lpRootPivots=12236
; lpRootWorkOps=222325850
; lpComponentWarmStartAttempts=0
; lpComponentWarmStartHits=0
; lpComponentRefactorizations=4
; lpComponentRefactorInitial=4
; lpComponentRefactorWarmStart=0
; lpComponentRefactorSingularRecovery=0
; lpComponentRefactorUpdateLimit=0
; lpComponentRefactorBackendRequested=0
; lpComponentRefactorReconcileRecovery=0
; lpComponentRefactorPrimal=0
; lpComponentSingularRefactorizations=0
; lpComponentSmallPivotBails=0
; lpRootWarmStartAttempts=0
; lpRootWarmStartHits=0
; lpRootRefactorizations=305
; lpRootRefactorInitial=1
; lpRootRefactorWarmStart=0
; lpRootRefactorSingularRecovery=0
; lpRootRefactorUpdateLimit=0
; lpRootRefactorBackendRequested=212
; lpRootRefactorReconcileRecovery=0
; lpRootRefactorPrimal=92
; lpRootSingularRefactorizations=0
; lpRootSmallPivotBails=0
; lpIntegerCertifyAttempts=93
; lpIntegerCertifySuccesses=93
; lpIntegerCertifyDeclines=0
; lpIntegerCertifySuccessRate=1
; lpIntegerCertifyNodeAttempts=0
; lpIntegerCertifyNodeSuccesses=0
; lpIntegerCertifyNodeDeclines=0
; lpIntegerCertifyStandaloneAttempts=1
; lpIntegerCertifyStandaloneSuccesses=1
; lpIntegerCertifyStandaloneDeclines=0
; lpIntegerCertifyStandaloneSuccessRate=1
; lpIntegerCertifyComponentAttempts=0
; lpIntegerCertifyComponentSuccesses=0
; lpIntegerCertifyComponentDeclines=0
; lpIntegerCertifyRootAttempts=92
; lpIntegerCertifyRootSuccesses=92
; lpIntegerCertifyRootDeclines=0
; lpIntegerCertifyRootSuccessRate=1
; lpSafeObjectiveLowerBoundAttempts=92
; lpSafeObjectiveLowerBoundSuccesses=92
; lpSafeObjectiveLowerBoundDeclines=0
; lpSafeObjectiveLowerBoundSuccessRate=1
; lpSafeObjectiveLowerBoundNodeAttempts=0
; lpSafeObjectiveLowerBoundNodeSuccesses=0
; lpSafeObjectiveLowerBoundNodeDeclines=0
; lpSafeObjectiveLowerBoundStandaloneAttempts=0
; lpSafeObjectiveLowerBoundStandaloneSuccesses=0
; lpSafeObjectiveLowerBoundStandaloneDeclines=0
; lpSafeObjectiveLowerBoundComponentAttempts=0
; lpSafeObjectiveLowerBoundComponentSuccesses=0
; lpSafeObjectiveLowerBoundComponentDeclines=0
; lpSafeObjectiveLowerBoundRootAttempts=92
; lpSafeObjectiveLowerBoundRootSuccesses=92
; lpSafeObjectiveLowerBoundRootDeclines=0
; lpSafeObjectiveLowerBoundRootSuccessRate=1
; lpExactBasisFeasibleAttempts=0
; lpExactBasisFeasibleSuccesses=0
; lpExactBasisFeasibleDeclines=0
; lpExactBasisFeasibleNodeAttempts=0
; lpExactBasisFeasibleNodeSuccesses=0
; lpExactBasisFeasibleNodeDeclines=0
; lpExactBasisFeasibleStandaloneAttempts=0
; lpExactBasisFeasibleStandaloneSuccesses=0
; lpExactBasisFeasibleStandaloneDeclines=0
; lpExactBasisFeasibleComponentAttempts=0
; lpExactBasisFeasibleComponentSuccesses=0
; lpExactBasisFeasibleComponentDeclines=0
; lpExactBasisFeasibleRootAttempts=0
; lpExactBasisFeasibleRootSuccesses=0
; lpExactBasisFeasibleRootDeclines=0
; lpExactFarkasRayAttempts=0
; lpExactFarkasRaySuccesses=0
; lpExactFarkasRayDeclines=0
; lpExactFarkasRayNodeAttempts=0
; lpExactFarkasRayNodeSuccesses=0
; lpExactFarkasRayNodeDeclines=0
; lpExactFarkasRayStandaloneAttempts=0
; lpExactFarkasRayStandaloneSuccesses=0
; lpExactFarkasRayStandaloneDeclines=0
; lpExactFarkasRayComponentAttempts=0
; lpExactFarkasRayComponentSuccesses=0
; lpExactFarkasRayComponentDeclines=0
; lpExactFarkasRayRootAttempts=0
; lpExactFarkasRayRootSuccesses=0
; lpExactFarkasRayRootDeclines=0
; lpExactPointFeasibleAttempts=0
; lpExactPointFeasibleSuccesses=0
; lpExactPointFeasibleDeclines=0
; lpExactPointFeasibleNodeAttempts=0
; lpExactPointFeasibleNodeSuccesses=0
; lpExactPointFeasibleNodeDeclines=0
; lpExactPointFeasibleStandaloneAttempts=0
; lpExactPointFeasibleStandaloneSuccesses=0
; lpExactPointFeasibleStandaloneDeclines=0
; lpExactPointFeasibleComponentAttempts=0
; lpExactPointFeasibleComponentSuccesses=0
; lpExactPointFeasibleComponentDeclines=0
; lpExactPointFeasibleRootAttempts=0
; lpExactPointFeasibleRootSuccesses=0
; lpExactPointFeasibleRootDeclines=0
; lpRationalOutcomeAttempts=0
; lpRationalOutcomeSuccesses=0
; lpRationalOutcomeDeclines=0
; lpRationalOutcomeNodeAttempts=0
; lpRationalOutcomeNodeSuccesses=0
; lpRationalOutcomeNodeDeclines=0
; lpRationalOutcomeStandaloneAttempts=0
; lpRationalOutcomeStandaloneSuccesses=0
; lpRationalOutcomeStandaloneDeclines=0
; lpRationalOutcomeComponentAttempts=0
; lpRationalOutcomeComponentSuccesses=0
; lpRationalOutcomeComponentDeclines=0
; lpRationalOutcomeRootAttempts=0
; lpRationalOutcomeRootSuccesses=0
; lpRationalOutcomeRootDeclines=0
; lpBackjumps=0
; lpLagrangianPruned=0
; lpEnergeticPruned=0
; lpMs=0
