unknown
; wall timeout
; solveTime=29.576
; solutions=0
; presolvePasses=subsume,amo-clique
; presolveConstraintsRemoved=112
; nodes=0
; failures=0
; propagations=0
; openBoolDecisions=3444
; openIntDecisions=0
; openTheoryDecisions=0
; openTheoryChecks=2094
; openWork=5538
; openLearned=0
; openRelearned=0
; openRestarts=0
; openReductions=0
; openDropped=0
; openRetained=0
; openPeakRetained=0
; openLearnedWatchVisits=0
; smtPrivateChecks=0
; smtSharedChecks=2094
; smtTheoryChecks=2094
; smtTheoryChecksPerSec=70.8006
; smtConflicts=2093
; smtExplainedConflicts=0
; smtUnexplainedConflicts=2093
; smtConflictLiterals=0
; smtReductionRequests=0
; smtReductionCacheHits=0
; smtReductionAccepted=0
; smtReductionDeclined=0
; smtReductionMs=0
; smtSimplexAttempts=2094
; smtSimplexAccepted=2093
; smtSimplexDeclined=1
; smtSimplexMs=2324.4533
; smtFrac128Attempts=0
; smtFrac128Eligible=0
; smtFrac128Accepted=0
; smtFrac128Escalations=0
; smtFrac128OverflowEscalations=0
; smtFrac128InputEscalations=0
; smtEscalationMs=0
; smtWitnessCandidates=0
; smtWitnessAccepted=0
; smtStrictWitnessCandidates=0
; smtStrictWitnessAccepted=0
; smtWideWitnessCandidates=0
; smtWideWitnessAccepted=0
