unknown
; wall timeout
; solveTime=29.78
; solutions=0
; presolvePasses=subsume
; presolveConstraintsRemoved=11
; nodes=0
; failures=0
; propagations=0
; openBoolDecisions=1485
; openIntDecisions=0
; openTheoryDecisions=0
; openTheoryChecks=652
; openWork=2137
; openLearned=0
; openRelearned=0
; openRestarts=0
; openReductions=0
; openDropped=0
; openRetained=0
; openPeakRetained=0
; openLearnedWatchVisits=0
; smtPrivateChecks=0
; smtSharedChecks=652
; smtTheoryChecks=652
; smtTheoryChecksPerSec=21.8939
; smtConflicts=651
; smtExplainedConflicts=0
; smtUnexplainedConflicts=651
; smtConflictLiterals=0
; smtReductionRequests=0
; smtReductionCacheHits=0
; smtReductionAccepted=0
; smtReductionDeclined=0
; smtReductionMs=0
; smtSimplexAttempts=652
; smtSimplexAccepted=651
; smtSimplexDeclined=1
; smtSimplexMs=22507.4927
; smtFrac128Attempts=0
; smtFrac128Eligible=0
; smtFrac128Accepted=0
; smtFrac128Escalations=0
; smtFrac128OverflowEscalations=0
; smtFrac128InputEscalations=0
; smtEscalationMs=0
; smtWitnessCandidates=0
; smtWitnessAccepted=0
; smtStrictWitnessCandidates=0
; smtStrictWitnessAccepted=0
; smtWideWitnessCandidates=0
; smtWideWitnessAccepted=0
