unknown
; wall timeout
; solveTime=29.23
; solutions=0
; presolvePasses=subsume
; presolveConstraintsRemoved=285
; nodes=0
; failures=0
; propagations=0
; openBoolDecisions=21287
; openIntDecisions=0
; openTheoryDecisions=0
; openTheoryChecks=431
; openWork=21718
; openLearned=67
; openRelearned=0
; openRestarts=0
; openReductions=0
; openDropped=0
; openRetained=67
; openPeakRetained=67
; openLearnedWatchVisits=12
; smtPrivateChecks=0
; smtSharedChecks=431
; smtTheoryChecks=431
; smtTheoryChecksPerSec=14.7451
; smtConflicts=430
; smtExplainedConflicts=0
; smtUnexplainedConflicts=430
; smtConflictLiterals=0
; smtReductionRequests=0
; smtReductionCacheHits=0
; smtReductionAccepted=0
; smtReductionDeclined=0
; smtReductionMs=0
; smtSimplexAttempts=431
; smtSimplexAccepted=430
; smtSimplexDeclined=1
; smtSimplexMs=2951.9359
; smtFrac128Attempts=0
; smtFrac128Eligible=0
; smtFrac128Accepted=0
; smtFrac128Escalations=0
; smtFrac128OverflowEscalations=0
; smtFrac128InputEscalations=0
; smtEscalationMs=0
; smtWitnessCandidates=0
; smtWitnessAccepted=0
; smtStrictWitnessCandidates=0
; smtStrictWitnessAccepted=0
; smtWideWitnessCandidates=0
; smtWideWitnessAccepted=0
