unknown
; wall timeout
; solveTime=29.523
; solutions=0
; presolvePasses=amo-clique
; presolveConstraintsRemoved=1267
; nodes=0
; failures=0
; propagations=0
; openBoolDecisions=4726
; openIntDecisions=0
; openTheoryDecisions=0
; openTheoryChecks=3735
; openWork=8461
; openLearned=0
; openRelearned=0
; openRestarts=0
; openReductions=0
; openDropped=0
; openRetained=0
; openPeakRetained=0
; openLearnedWatchVisits=0
; smtPrivateChecks=0
; smtSharedChecks=3735
; smtTheoryChecks=3735
; smtTheoryChecksPerSec=126.5115
; smtConflicts=3734
; smtExplainedConflicts=0
; smtUnexplainedConflicts=3734
; smtConflictLiterals=0
; smtReductionRequests=0
; smtReductionCacheHits=0
; smtReductionAccepted=0
; smtReductionDeclined=0
; smtReductionMs=0
; smtSimplexAttempts=3735
; smtSimplexAccepted=3734
; smtSimplexDeclined=1
; smtSimplexMs=2360.8752
; smtFrac128Attempts=0
; smtFrac128Eligible=0
; smtFrac128Accepted=0
; smtFrac128Escalations=0
; smtFrac128OverflowEscalations=0
; smtFrac128InputEscalations=0
; smtEscalationMs=0
; smtWitnessCandidates=0
; smtWitnessAccepted=0
; smtStrictWitnessCandidates=0
; smtStrictWitnessAccepted=0
; smtWideWitnessCandidates=0
; smtWideWitnessAccepted=0
