Calculating task graph as no cached configuration is available for tasks: :klause-bench:bench --args=solve suite=smtlib-qfrdl per-family=1 max=10 seed=1 processors=1 timeout=30000 label=w0-3378fa6e2aa3-qfrdl-single-r3 engine=fixed

> Configure project :klause
Signing skipped: SNAPSHOT is a snapshot.

> Task :klause-bench:protobufDummy UP-TO-DATE
> Task :klause-bench:checkKotlinGradlePluginConfigurationErrors SKIPPED
> Task :klause:kmpPartiallyResolvedDependenciesChecker
> Task :klause:checkKotlinGradlePluginConfigurationErrors SKIPPED
> Task :klause:jvmProcessResources NO-SOURCE
> Task :klause:processJvmMainResources SKIPPED
> Task :klause-bench:extractProto UP-TO-DATE
> Task :klause-bench:processResources UP-TO-DATE
> Task :klause:compileKotlinJvm UP-TO-DATE
> Task :klause:compileJvmMainJava NO-SOURCE
> Task :klause:jvmMainClasses UP-TO-DATE
> Task :klause:jvmJar UP-TO-DATE
> Task :klause-bench:extractIncludeProto UP-TO-DATE
> Task :klause-bench:generateProto UP-TO-DATE
> Task :klause-bench:compileKotlin UP-TO-DATE
> Task :klause-bench:compileJava UP-TO-DATE
> Task :klause-bench:classes UP-TO-DATE

> Task :klause-bench:bench
=== solve over 6 instance(s) ===

=== solve (klause-fixed-p1-t30s-w0-3378fa6e2aa3-qfrdl-single-r3; 30000ms budget) -> output/klause-fixed-p1-t30s-w0-3378fa6e2aa3-qfrdl-single-r3/ ===
?? [SMT-Temporal-Planning-Benchmarks/cooking01] satisfy = ?
ok [check/bignum_rdl1] satisfy = SAT@654ms
ok [sal/fischer3-mutex-1] satisfy = UNSAT
?? [scheduling/abz5_1000] satisfy = ?
?? [skdmxa/skdmxa-3x3-10] satisfy = ?
?? [skdmxa2/skdmxa-3x3-10.base.cvc] satisfy = ?

1/6 feasible, 1 proved  (output/klause-fixed-p1-t30s-w0-3378fa6e2aa3-qfrdl-single-r3/, output/klause-fixed-p1-t30s-w0-3378fa6e2aa3-qfrdl-single-r3.csv)

BUILD SUCCESSFUL in 2m 8s
10 actionable tasks: 2 executed, 8 up-to-date
Configuration cache entry stored.
