% Generated FlatZinc statistics:
%%%mzn-stat: paths=0
%%%mzn-stat: flatIntVars=7
%%%mzn-stat: flatIntConstraints=15
%%%mzn-stat: method="minimize"
%%%mzn-stat: flatTime=0.0438868
%%%mzn-stat-end
%%%mzn-stat: objective=3
%%%mzn-stat: objectiveBound=2
%%%mzn-stat: boolVariables=0
%%%mzn-stat: failures=0
%%%mzn-stat: propagations=0
%%%mzn-stat: solveTime=0.001179
color = [2, 1, 3, 3, 2, 1];
chromatic = 3;
_objective = 3;
----------
==========
%%%mzn-stat: objective=3
%%%mzn-stat: objectiveBound=3
%%%mzn-stat: boolVariables=9
%%%mzn-stat: failures=0
%%%mzn-stat: propagations=44
%%%mzn-stat: solveTime=0.036547
%%%mzn-stat: nSolutions=1
%%%mzn-stat-end
