o 0
%%%klause-arm: label=bt/satOptimized objective=0 time=57
o 15144
%%%klause-arm: label=bt/satOptimized objective=15144 time=235
o 15147
%%%klause-arm: label=bt/satOptimized objective=15147 time=275
o 15155
%%%klause-arm: label=bt/satOptimized objective=15155 time=296
o 15301
%%%klause-arm: label=bt/satOptimized objective=15301 time=362
o 15482
%%%klause-arm: label=bt/satOptimized objective=15482 time=407
o 22688
%%%klause-arm: label=bt/lp-aggressive objective=22688 time=630
s SATISFIABLE
v <instantiation> <list> x[0] x[1] x[2] x[3] x[4] x[5] x[6] x[7] x[8] x[9] x[10] x[11] x[12] x[13] x[14] x[15] x[16] x[17] x[18] x[19] x[20] x[21] x[22] x[23] x[24] x[25] x[26] x[27] x[28] x[29] x[30] x[31] x[32] x[33] x[34] x[35] x[36] x[37] x[38] x[39] x[40] x[41] x[42] x[43] x[44] x[45] x[46] x[47] x[48] x[49] x[50] x[51] x[52] x[53] x[54] x[55] x[56] x[57] x[58] x[59] x[60] x[61] x[62] x[63] x[64] x[65] x[66] x[67] x[68] x[69] x[70] x[71] x[72] x[73] x[74] x[75] x[76] x[77] x[78] x[79] x[80] x[81] x[82] x[83] x[84] x[85] x[86] x[87] x[88] x[89] x[90] x[91] x[92] x[93] x[94] x[95] x[96] x[97] x[98] x[99] w[0] w[1] w[2] w[3] w[4] z </list> <values> 0 1 1 0 0 0 1 0 1 0 0 0 1 0 0 0 0 1 1 0 0 0 0 1 0 1 0 1 1 1 0 1 0 0 0 0 0 0 0 0 0 0 0 0 0 0 0 0 0 1 0 0 0 0 0 0 1 0 1 0 0 1 1 0 0 1 0 0 1 0 1 0 0 1 0 1 1 0 1 0 0 1 0 0 0 1 1 0 0 0 0 0 1 0 1 0 0 0 0 0 11927 13727 11551 13056 13460 22688 </values> </instantiation>
c solveTime=4.922
c solutions=7
c nodes=3754
c failures=3586
c restarts=8
c propagations=0
c propagationWork=69189266
c rootPropagationWork=13398
c propagationMs=204
c rootPropagationMs=0
c learnedMeanSize=42.1547
c learnedMeanLbd=20.4082
c peakDepth=275
c rootFixed=0
c glueClauses=1092
c openBoolDecisions=0
c openIntDecisions=0
c openTheoryDecisions=0
c openTheoryChecks=0
c openWork=0
c openLearned=0
c openRelearned=0
c openRestarts=0
c openReductions=0
c openDropped=0
c openRetained=0
c openPeakRetained=0
c openLearnedWatchVisits=0
c lpSolves=1062
c lpPruned=413
c lpInfeasible=208
c lpBoundPruned=205
c lpPruneRate=0.3889
c lpPivotsPerSolve=8.0866
c lpWorkPerSolve=14348
c lpSeededRate=0.5791
c lpRefactorizationsPerSolve=1.3616
c lpFixed=2460
c lpCuts=0
c lpPivots=8588
c lpWorkOps=15237740
c lpOverheadOps=36816449
c lpNodePasses=1062
c lpWorkOpsPerNode=14348
c lpRootPasses=11
c lpRootPivots=277
c lpRootWorkOps=675483
c lpRootWarmStartAttempts=0
c lpRootWarmStartHits=0
c lpRootRefactorizations=47
c lpRootRefactorInitial=8
c lpRootRefactorWarmStart=0
c lpRootRefactorSingularRecovery=0
c lpRootRefactorUpdateLimit=31
c lpRootRefactorBackendRequested=5
c lpRootRefactorReconcileRecovery=0
c lpRootRefactorNumericalRecovery=0
c lpRootRefactorPrimal=3
c lpRootSingularRefactorizations=0
c lpRootSmallPivotBails=0
c lpDemoted=1
c lpLuMaxFill=1.625
c lpLuMaxDensity=0.9174
c lpLuMaxDim=11
c lpRefactorInitial=449
c lpRefactorWarmStart=0
c lpRefactorSingularRecovery=0
c lpRefactorUpdateLimit=582
c lpRefactorBackendRequested=415
c lpRefactorReconcileRecovery=0
c lpRefactorNumericalRecovery=0
c lpRefactorPrimal=0
c lpCertified=717
c lpCertifyDeclinedContinuous=0
c lpCertifyDeclinedNumeric=0
c lpCertifyRate=1
c lpCertifyMaxRows=11
c lpFarkasAttempts=208
c lpFarkasReconstructed=15
c lpFarkasExactBasis=0
c lpFarkasRounded=193
c lpFarkasNone=0
c lpIntegerCertifyAttempts=720
c lpIntegerCertifySuccesses=720
c lpIntegerCertifyDeclines=0
c lpIntegerCertifySuccessRate=1
c lpIntegerCertifyNodeAttempts=717
c lpIntegerCertifyNodeSuccesses=717
c lpIntegerCertifyNodeDeclines=0
c lpIntegerCertifyNodeSuccessRate=1
c lpIntegerCertifyStandaloneAttempts=0
c lpIntegerCertifyStandaloneSuccesses=0
c lpIntegerCertifyStandaloneDeclines=0
c lpIntegerCertifyComponentAttempts=0
c lpIntegerCertifyComponentSuccesses=0
c lpIntegerCertifyComponentDeclines=0
c lpIntegerCertifyRootAttempts=3
c lpIntegerCertifyRootSuccesses=3
c lpIntegerCertifyRootDeclines=0
c lpIntegerCertifyRootSuccessRate=1
c lpSafeObjectiveLowerBoundAttempts=720
c lpSafeObjectiveLowerBoundSuccesses=720
c lpSafeObjectiveLowerBoundDeclines=0
c lpSafeObjectiveLowerBoundSuccessRate=1
c lpSafeObjectiveLowerBoundNodeAttempts=717
c lpSafeObjectiveLowerBoundNodeSuccesses=717
c lpSafeObjectiveLowerBoundNodeDeclines=0
c lpSafeObjectiveLowerBoundNodeSuccessRate=1
c lpSafeObjectiveLowerBoundStandaloneAttempts=0
c lpSafeObjectiveLowerBoundStandaloneSuccesses=0
c lpSafeObjectiveLowerBoundStandaloneDeclines=0
c lpSafeObjectiveLowerBoundComponentAttempts=0
c lpSafeObjectiveLowerBoundComponentSuccesses=0
c lpSafeObjectiveLowerBoundComponentDeclines=0
c lpSafeObjectiveLowerBoundRootAttempts=3
c lpSafeObjectiveLowerBoundRootSuccesses=3
c lpSafeObjectiveLowerBoundRootDeclines=0
c lpSafeObjectiveLowerBoundRootSuccessRate=1
c lpExactBasisFeasibleAttempts=0
c lpExactBasisFeasibleSuccesses=0
c lpExactBasisFeasibleDeclines=0
c lpExactBasisFeasibleNodeAttempts=0
c lpExactBasisFeasibleNodeSuccesses=0
c lpExactBasisFeasibleNodeDeclines=0
c lpExactBasisFeasibleStandaloneAttempts=0
c lpExactBasisFeasibleStandaloneSuccesses=0
c lpExactBasisFeasibleStandaloneDeclines=0
c lpExactBasisFeasibleComponentAttempts=0
c lpExactBasisFeasibleComponentSuccesses=0
c lpExactBasisFeasibleComponentDeclines=0
c lpExactBasisFeasibleRootAttempts=0
c lpExactBasisFeasibleRootSuccesses=0
c lpExactBasisFeasibleRootDeclines=0
c lpExactFarkasRayAttempts=208
c lpExactFarkasRaySuccesses=208
c lpExactFarkasRayDeclines=0
c lpExactFarkasRaySuccessRate=1
c lpExactFarkasRayNodeAttempts=208
c lpExactFarkasRayNodeSuccesses=208
c lpExactFarkasRayNodeDeclines=0
c lpExactFarkasRayNodeSuccessRate=1
c lpExactFarkasRayStandaloneAttempts=0
c lpExactFarkasRayStandaloneSuccesses=0
c lpExactFarkasRayStandaloneDeclines=0
c lpExactFarkasRayComponentAttempts=0
c lpExactFarkasRayComponentSuccesses=0
c lpExactFarkasRayComponentDeclines=0
c lpExactFarkasRayRootAttempts=0
c lpExactFarkasRayRootSuccesses=0
c lpExactFarkasRayRootDeclines=0
c lpExactPointFeasibleAttempts=0
c lpExactPointFeasibleSuccesses=0
c lpExactPointFeasibleDeclines=0
c lpExactPointFeasibleNodeAttempts=0
c lpExactPointFeasibleNodeSuccesses=0
c lpExactPointFeasibleNodeDeclines=0
c lpExactPointFeasibleStandaloneAttempts=0
c lpExactPointFeasibleStandaloneSuccesses=0
c lpExactPointFeasibleStandaloneDeclines=0
c lpExactPointFeasibleComponentAttempts=0
c lpExactPointFeasibleComponentSuccesses=0
c lpExactPointFeasibleComponentDeclines=0
c lpExactPointFeasibleRootAttempts=0
c lpExactPointFeasibleRootSuccesses=0
c lpExactPointFeasibleRootDeclines=0
c lpRationalOutcomeAttempts=0
c lpRationalOutcomeSuccesses=0
c lpRationalOutcomeDeclines=0
c lpRationalOutcomeNodeAttempts=0
c lpRationalOutcomeNodeSuccesses=0
c lpRationalOutcomeNodeDeclines=0
c lpRationalOutcomeStandaloneAttempts=0
c lpRationalOutcomeStandaloneSuccesses=0
c lpRationalOutcomeStandaloneDeclines=0
c lpRationalOutcomeComponentAttempts=0
c lpRationalOutcomeComponentSuccesses=0
c lpRationalOutcomeComponentDeclines=0
c lpRationalOutcomeRootAttempts=0
c lpRationalOutcomeRootSuccesses=0
c lpRationalOutcomeRootDeclines=0
c lpWarmStartAttempts=1062
c lpWarmStartHits=615
c lpWarmStartHitRate=0.5791
c lpRootReducedCostFixes=10
c lpRootMatrixMin=1.0
c lpRootMatrixMax=1169.0
c lpRootRowRatio=1169.0
c lpBackjumps=165
c lpLagrangianPruned=0
c lpEnergeticPruned=0
c lpMs=49
c lpRootBound=-24108
c profile=FiniteCp optimizing=true wide=false scheduling=false
c arm.bt/satOptimized=segments=5 work=26751 ms=1115 reward=0.2129 failures=0 faults=0 maxMs=407 initMs=17 FirstSolution=1 Glue=8 ClauseUses=6 shareClauses=us:2639,out:10,in:1620,dup:0 shareFloor=us:5,out:0,in:0,dup:0 shareBounds=us:450,out:0,in:0,dup:0 shareIncumbents=us:21,out:6,in:0,dup:0
c arm.bt/conflictDriven=segments=4 work=49365 ms=920 reward=0.25 failures=0 faults=0 maxMs=496 initMs=1 Glue=6819 ClauseUses=5 shareClauses=us:5402,out:1507,in:1340,dup:0 shareFloor=us:1,out:0,in:0,dup:0 shareBounds=us:166,out:0,in:0,dup:0 shareIncumbents=us:0,out:0,in:0,dup:0
c arm.bt/lp-aggressive=segments=5 work=105274 ms=944 reward=0.2 failures=0 faults=0 maxMs=394 initMs=2 Improvement=7206 ClauseUses=4 shareClauses=us:2016,out:16,in:1624,dup:15 shareCuts=us:217,out:0,in:0,dup:0 shareFloor=us:3,out:2,in:0,dup:0 shareBounds=us:151,out:0,in:0,dup:0 shareIncumbents=us:4,out:1,in:0,dup:0
c arm.bt/lp-default=segments=2 work=90431 ms=562 reward=0 failures=0 faults=0 maxMs=496 initMs=0 shareClauses=us:1112,out:25,in:15,dup:25 shareCuts=us:17,out:0,in:0,dup:0 shareFloor=us:1,out:1,in:0,dup:0 shareBounds=us:108,out:0,in:0,dup:0 shareIncumbents=us:125,out:1,in:0,dup:0
c arm.bt/lp-lbtree=segments=4 work=171245 ms=1053 reward=0 failures=0 faults=0 maxMs=752 initMs=1 shareClauses=us:2626,out:82,in:1649,dup:82 shareCuts=us:36,out:0,in:0,dup:0 shareFloor=us:3,out:2,in:0,dup:0 shareBounds=us:176,out:0,in:0,dup:0 shareIncumbents=us:4,out:1,in:0,dup:0
c arm.bt/linucb=segments=2 work=12500 ms=311 reward=0 failures=0 faults=0 maxMs=158 initMs=0 shareClauses=us:1225,out:0,in:0,dup:0 shareFloor=us:2,out:0,in:0,dup:0 shareBounds=us:160,out:0,in:0,dup:0 shareIncumbents=us:4,out:0,in:0,dup:0
