unknown
; wall timeout
; solveTime=32.228
; solutions=0
; nodes=0
; failures=0
; propagations=0
; openBoolDecisions=311
; openIntDecisions=0
; openTheoryDecisions=0
; openTheoryChecks=44
; openWork=355
; openLearned=6
; openRelearned=0
; openRestarts=0
; openReductions=0
; openDropped=0
; openRetained=6
; openPeakRetained=6
; openLearnedWatchVisits=2
; smtPrivateChecks=44
; smtSharedChecks=0
; smtTheoryChecks=44
; smtTheoryChecksPerSec=1.3653
; smtConflicts=1
; smtExplainedConflicts=1
; smtUnexplainedConflicts=0
; smtConflictLiterals=71925
; smtLiteralsPerExplainedConflict=71925
; smtReductionRequests=31
; smtReductionCacheHits=0
; smtReductionAccepted=31
; smtReductionDeclined=0
; smtReductionMs=5183.7236
; smtSimplexAttempts=10759
; smtSimplexAccepted=10759
; smtSimplexDeclined=0
; smtSimplexMs=13165.2589
; smtFrac128Attempts=0
; smtFrac128Eligible=0
; smtFrac128Accepted=0
; smtFrac128Escalations=0
; smtFrac128OverflowEscalations=0
; smtFrac128InputEscalations=0
; smtEscalationMs=0
; smtWitnessCandidates=0
; smtWitnessAccepted=0
; smtStrictWitnessCandidates=0
; smtStrictWitnessAccepted=0
; smtWideWitnessCandidates=0
; smtWideWitnessAccepted=0
; lpSolves=0
; lpPruned=0
; lpInfeasible=0
; lpBoundPruned=0
; lpFixed=0
; lpCuts=0
; lpPivots=0
; lpWorkOps=0
; lpNodePasses=0
; lpStandalonePasses=128
; lpStandalonePivots=0
; lpStandaloneWorkOps=0
; lpStandaloneWarmStartAttempts=127
; lpStandaloneWarmStartHits=127
; lpStandaloneWarmStartHitRate=1
; lpStandaloneRefactorizations=128
; lpStandaloneRefactorInitial=0
; lpStandaloneRefactorWarmStart=0
; lpStandaloneRefactorSingularRecovery=0
; lpStandaloneRefactorUpdateLimit=0
; lpStandaloneRefactorBackendRequested=0
; lpStandaloneRefactorReconcileRecovery=0
; lpStandaloneRefactorPrimal=128
; lpStandaloneSingularRefactorizations=0
; lpStandaloneSmallPivotBails=0
; lpIntegerCertifyAttempts=128
; lpIntegerCertifySuccesses=128
; lpIntegerCertifyDeclines=0
; lpIntegerCertifySuccessRate=1
; lpIntegerCertifyNodeAttempts=0
; lpIntegerCertifyNodeSuccesses=0
; lpIntegerCertifyNodeDeclines=0
; lpIntegerCertifyStandaloneAttempts=128
; lpIntegerCertifyStandaloneSuccesses=128
; lpIntegerCertifyStandaloneDeclines=0
; lpIntegerCertifyStandaloneSuccessRate=1
; lpIntegerCertifyComponentAttempts=0
; lpIntegerCertifyComponentSuccesses=0
; lpIntegerCertifyComponentDeclines=0
; lpIntegerCertifyRootAttempts=0
; lpIntegerCertifyRootSuccesses=0
; lpIntegerCertifyRootDeclines=0
; lpSafeObjectiveLowerBoundAttempts=128
; lpSafeObjectiveLowerBoundSuccesses=128
; lpSafeObjectiveLowerBoundDeclines=0
; lpSafeObjectiveLowerBoundSuccessRate=1
; lpSafeObjectiveLowerBoundNodeAttempts=0
; lpSafeObjectiveLowerBoundNodeSuccesses=0
; lpSafeObjectiveLowerBoundNodeDeclines=0
; lpSafeObjectiveLowerBoundStandaloneAttempts=128
; lpSafeObjectiveLowerBoundStandaloneSuccesses=128
; lpSafeObjectiveLowerBoundStandaloneDeclines=0
; lpSafeObjectiveLowerBoundStandaloneSuccessRate=1
; lpSafeObjectiveLowerBoundComponentAttempts=0
; lpSafeObjectiveLowerBoundComponentSuccesses=0
; lpSafeObjectiveLowerBoundComponentDeclines=0
; lpSafeObjectiveLowerBoundRootAttempts=0
; lpSafeObjectiveLowerBoundRootSuccesses=0
; lpSafeObjectiveLowerBoundRootDeclines=0
; lpExactBasisFeasibleAttempts=0
; lpExactBasisFeasibleSuccesses=0
; lpExactBasisFeasibleDeclines=0
; lpExactBasisFeasibleNodeAttempts=0
; lpExactBasisFeasibleNodeSuccesses=0
; lpExactBasisFeasibleNodeDeclines=0
; lpExactBasisFeasibleStandaloneAttempts=0
; lpExactBasisFeasibleStandaloneSuccesses=0
; lpExactBasisFeasibleStandaloneDeclines=0
; lpExactBasisFeasibleComponentAttempts=0
; lpExactBasisFeasibleComponentSuccesses=0
; lpExactBasisFeasibleComponentDeclines=0
; lpExactBasisFeasibleRootAttempts=0
; lpExactBasisFeasibleRootSuccesses=0
; lpExactBasisFeasibleRootDeclines=0
; lpExactFarkasRayAttempts=0
; lpExactFarkasRaySuccesses=0
; lpExactFarkasRayDeclines=0
; lpExactFarkasRayNodeAttempts=0
; lpExactFarkasRayNodeSuccesses=0
; lpExactFarkasRayNodeDeclines=0
; lpExactFarkasRayStandaloneAttempts=0
; lpExactFarkasRayStandaloneSuccesses=0
; lpExactFarkasRayStandaloneDeclines=0
; lpExactFarkasRayComponentAttempts=0
; lpExactFarkasRayComponentSuccesses=0
; lpExactFarkasRayComponentDeclines=0
; lpExactFarkasRayRootAttempts=0
; lpExactFarkasRayRootSuccesses=0
; lpExactFarkasRayRootDeclines=0
; lpExactPointFeasibleAttempts=0
; lpExactPointFeasibleSuccesses=0
; lpExactPointFeasibleDeclines=0
; lpExactPointFeasibleNodeAttempts=0
; lpExactPointFeasibleNodeSuccesses=0
; lpExactPointFeasibleNodeDeclines=0
; lpExactPointFeasibleStandaloneAttempts=0
; lpExactPointFeasibleStandaloneSuccesses=0
; lpExactPointFeasibleStandaloneDeclines=0
; lpExactPointFeasibleComponentAttempts=0
; lpExactPointFeasibleComponentSuccesses=0
; lpExactPointFeasibleComponentDeclines=0
; lpExactPointFeasibleRootAttempts=0
; lpExactPointFeasibleRootSuccesses=0
; lpExactPointFeasibleRootDeclines=0
; lpRationalOutcomeAttempts=0
; lpRationalOutcomeSuccesses=0
; lpRationalOutcomeDeclines=0
; lpRationalOutcomeNodeAttempts=0
; lpRationalOutcomeNodeSuccesses=0
; lpRationalOutcomeNodeDeclines=0
; lpRationalOutcomeStandaloneAttempts=0
; lpRationalOutcomeStandaloneSuccesses=0
; lpRationalOutcomeStandaloneDeclines=0
; lpRationalOutcomeComponentAttempts=0
; lpRationalOutcomeComponentSuccesses=0
; lpRationalOutcomeComponentDeclines=0
; lpRationalOutcomeRootAttempts=0
; lpRationalOutcomeRootSuccesses=0
; lpRationalOutcomeRootDeclines=0
; lpBackjumps=0
; lpLagrangianPruned=0
; lpEnergeticPruned=0
; lpMs=0
