WARNING: Using incubator modules: jdk.incubator.vector
unknown
; budget exhausted
; solveTime=8.355
; solutions=0
; presolvePasses=comparison-clause,difference-system
; presolveConstraintsRemoved=252
; nodes=873
; failures=1647
; propagations=0
; openBoolDecisions=0
; openIntDecisions=0
; openTheoryDecisions=0
; openTheoryChecks=0
; openWork=0
; openLearned=0
; openRelearned=0
; openRestarts=0
; openReductions=0
; openDropped=0
; openRetained=0
; openPeakRetained=0
; openLearnedWatchVisits=0
; openAssertingConflicts=0
; openNonAssertingConflicts=0
; openReductionNs=0
; profile=FiniteCp optimizing=false wide=false scheduling=false
; arm.bt/conflictDriven=segments=1 work=75176 ms=8316 reward=1 failures=0 faults=0 maxMs=8316 initMs=129 RootFixings=820 Glue=174 shareClauses=us:16954,out:672,in:0,dup:314
