objective = 58113;
p = [0, 2, 0, 0, 0, 2, 2, 0, 0, 0, 2, 0, 0, 0, 0, 2, 0, 2, 0, 0, 0, 2, 0, 2, 3, 0, 0, 0, 0, 2, 0, 2, 2, 0, 0, 0, 0, 2, 0, 0, 0, 2, 2, 0, 0, 2, 2, 0, 0, 2, 0, 0, 2, 0, 0, 0, 0, 0, 0, 0, 0, 1, 3, 0, 0, 2, 3, 0, 1, 2, 0, 1, 0, 0, 0, 13, 0, 13, 0, 2, 2, 0, 0, 0, 0, 0, 0, 0, 13, 0, 0, 0, 0, 0, 0, 2, 0, 0, 2, 13, 0, 2, 0, 0, 2, 3, 0, 1, 0, 2, 13, 0, 2, 0, 0, 1, 0, 2, 0, 3, 0, 3, 0, 2, 0, 0, 13, 0, 13, 0, 13, 13, 0, 1, 0, 1, 0, 0, 0, 0, 13, 0, 0, 0, 1, 3, 2, 13, 0, 3, 1, 0, 0, 0, 2, 0, 0, 0, 0, 1, 0, 0, 1, 1, 2, 0, 2, 3, 0, 0, 1, 0, 1, 0, 1, 1, 2, 0, 1, 0, 0, 2, 0, 0, 0, 0, 3, 0, 0, 1, 3, 1, 0, 1, 2, 0, 0, 2, 13, 2, 13, 0, 0, 13, 3, 1, 0, 3, 2];
_objective = 58113;
----------
%%%klause-arm: label=backtrack#0 objective=58113 time=1011
%%%mzn-stat: solveTime=1.35
%%%mzn-stat: solutions=1
%%%mzn-stat: presolvePasses=strengthen,difference-system
%%%mzn-stat: presolveConstraintsRemoved=418
%%%mzn-stat: nodes=373
%%%mzn-stat: failures=0
%%%mzn-stat: restarts=0
%%%mzn-stat: propagations=0
%%%mzn-stat: learned=0
%%%mzn-stat: relearned=0
%%%mzn-stat: peakDepth=234
%%%mzn-stat: caNotApplicable=0
%%%mzn-stat: caNonAsserting=0
%%%mzn-stat: caRejectedTrueLit=0
%%%mzn-stat: openBoolDecisions=0
%%%mzn-stat: openIntDecisions=0
%%%mzn-stat: openTheoryDecisions=0
%%%mzn-stat: openTheoryChecks=0
%%%mzn-stat: openWork=0
%%%mzn-stat: openLearned=0
%%%mzn-stat: openRelearned=0
%%%mzn-stat: openRestarts=0
%%%mzn-stat: openReductions=0
%%%mzn-stat: openDropped=0
%%%mzn-stat: openRetained=0
%%%mzn-stat: openPeakRetained=0
%%%mzn-stat: openLearnedWatchVisits=0
%%%mzn-stat-end
