evemorn = 17;
isolated = 44;
X_INTRODUCED_17_ = [4, 3, 1, 1, 3, 1, 1, 5, 1, 5, 1, 1, 5, 1, 1, 3, 1, 1, 3, 1, 1, 1, 3, 1, 5, 1, 1, 3, 1, 3, 3, 1, 1, 1, 5, 1, 1, 3, 1, 1, 5, 1, 3, 5, 3, 1, 3, 1, 1, 5, 5, 1, 1, 1, 1, 5, 1, 5, 1, 5, 5, 4, 1, 1, 3, 1, 3, 1, 3, 1, 3, 1, 4, 3, 3, 5, 1, 1, 1, 4, 3, 5, 3, 4, 5, 1, 4, 3, 1, 1, 3, 1, 1, 5, 3, 5, 1, 3, 4, 1, 5, 1, 1, 3, 4, 4, 1, 5, 4, 3, 1, 4, 5, 1, 3, 4, 1, 4, 4, 4, 1, 4, 5, 3, 4, 3, 1, 4, 1, 1, 4, 4, 5, 4, 4, 1, 5, 2, 4, 5];
_objective = 61;
----------
%%%klause-arm: label=backtrack#0 objective=61 time=476
evemorn = 16;
isolated = 44;
X_INTRODUCED_17_ = [4, 3, 1, 1, 3, 1, 1, 5, 1, 3, 1, 1, 5, 1, 1, 3, 1, 1, 3, 1, 1, 1, 3, 1, 5, 1, 1, 3, 1, 3, 3, 1, 1, 1, 5, 1, 1, 3, 1, 1, 5, 1, 3, 5, 3, 1, 3, 1, 1, 5, 5, 1, 1, 1, 1, 5, 1, 5, 1, 5, 5, 4, 1, 1, 3, 1, 3, 1, 3, 1, 3, 1, 5, 3, 3, 5, 1, 1, 1, 4, 3, 5, 3, 4, 5, 1, 4, 3, 1, 1, 3, 1, 1, 5, 3, 5, 1, 3, 4, 1, 5, 1, 1, 3, 4, 4, 1, 5, 4, 3, 1, 4, 5, 1, 4, 4, 1, 4, 4, 4, 1, 4, 5, 3, 4, 3, 1, 4, 1, 1, 4, 4, 5, 4, 4, 1, 5, 2, 4, 5];
_objective = 60;
----------
%%%klause-arm: label=backtrack#0 objective=60 time=656
evemorn = 15;
isolated = 44;
X_INTRODUCED_17_ = [4, 3, 1, 1, 3, 1, 1, 5, 1, 5, 1, 1, 5, 1, 1, 3, 1, 1, 3, 1, 1, 1, 3, 1, 5, 1, 1, 3, 1, 3, 3, 1, 1, 1, 5, 1, 1, 3, 1, 1, 5, 1, 3, 5, 3, 1, 3, 1, 1, 5, 5, 1, 1, 1, 1, 5, 1, 5, 3, 5, 5, 4, 1, 1, 3, 1, 3, 1, 3, 1, 3, 1, 5, 3, 3, 5, 1, 1, 1, 1, 3, 5, 3, 4, 5, 1, 4, 3, 1, 1, 3, 1, 1, 5, 3, 5, 1, 3, 4, 1, 5, 1, 1, 3, 4, 4, 1, 4, 4, 3, 1, 4, 5, 1, 4, 4, 1, 4, 4, 4, 1, 4, 5, 3, 4, 3, 1, 4, 1, 1, 4, 4, 5, 4, 4, 1, 5, 2, 4, 5];
_objective = 59;
----------
%%%klause-arm: label=backtrack#0 objective=59 time=785
evemorn = 14;
isolated = 44;
X_INTRODUCED_17_ = [4, 3, 1, 1, 3, 1, 1, 5, 1, 5, 1, 1, 5, 1, 1, 3, 1, 1, 3, 1, 1, 1, 3, 1, 5, 1, 1, 3, 1, 3, 3, 1, 1, 1, 5, 1, 1, 3, 1, 1, 5, 1, 3, 5, 3, 1, 3, 1, 1, 5, 5, 1, 1, 1, 1, 5, 1, 5, 3, 5, 5, 4, 1, 1, 3, 1, 3, 1, 3, 1, 3, 1, 5, 3, 3, 5, 1, 1, 1, 1, 3, 5, 3, 3, 5, 1, 4, 3, 1, 1, 3, 1, 1, 5, 3, 5, 1, 3, 4, 1, 5, 1, 1, 3, 4, 4, 1, 4, 4, 3, 1, 4, 5, 1, 4, 4, 1, 4, 4, 4, 1, 4, 5, 3, 4, 4, 1, 4, 1, 1, 4, 4, 5, 4, 4, 1, 5, 2, 4, 5];
_objective = 58;
----------
%%%klause-arm: label=backtrack#0 objective=58 time=899
evemorn = 13;
isolated = 44;
X_INTRODUCED_17_ = [4, 3, 1, 1, 3, 1, 1, 5, 1, 5, 1, 1, 5, 1, 1, 3, 1, 1, 3, 1, 1, 1, 3, 1, 5, 1, 1, 3, 1, 3, 3, 1, 1, 1, 5, 1, 1, 3, 1, 1, 5, 1, 3, 5, 3, 1, 3, 1, 1, 5, 5, 3, 1, 1, 1, 5, 1, 5, 5, 5, 5, 4, 1, 1, 3, 1, 3, 1, 3, 1, 3, 1, 5, 3, 3, 5, 1, 1, 1, 1, 3, 5, 3, 3, 5, 1, 1, 3, 1, 1, 3, 1, 1, 5, 3, 5, 1, 3, 4, 1, 4, 1, 1, 3, 4, 4, 1, 4, 4, 3, 1, 4, 5, 1, 4, 4, 1, 4, 4, 4, 1, 4, 5, 3, 4, 4, 1, 4, 1, 1, 4, 4, 5, 4, 4, 1, 5, 2, 4, 5];
_objective = 57;
----------
%%%klause-arm: label=backtrack#0 objective=57 time=1040
evemorn = 12;
isolated = 44;
X_INTRODUCED_17_ = [4, 3, 1, 1, 3, 1, 1, 5, 1, 5, 1, 1, 5, 1, 1, 3, 1, 1, 3, 1, 1, 1, 3, 1, 5, 1, 1, 3, 1, 3, 3, 1, 1, 1, 5, 1, 1, 3, 1, 1, 5, 1, 3, 5, 3, 1, 3, 1, 1, 5, 5, 3, 1, 1, 1, 5, 1, 5, 5, 5, 5, 4, 1, 1, 3, 1, 3, 1, 3, 1, 3, 1, 5, 3, 3, 5, 1, 1, 1, 1, 3, 5, 3, 3, 5, 1, 1, 3, 1, 1, 3, 1, 1, 5, 3, 5, 1, 3, 4, 1, 4, 1, 1, 3, 5, 4, 1, 4, 4, 3, 1, 4, 5, 1, 4, 4, 1, 4, 4, 4, 1, 4, 5, 3, 4, 4, 1, 4, 1, 1, 4, 4, 4, 4, 4, 1, 5, 2, 4, 5];
_objective = 56;
----------
%%%klause-arm: label=backtrack#0 objective=56 time=1186
evemorn = 12;
isolated = 43;
X_INTRODUCED_17_ = [4, 3, 1, 1, 3, 1, 1, 5, 1, 5, 1, 1, 5, 1, 1, 3, 1, 1, 3, 1, 1, 1, 3, 1, 5, 1, 1, 1, 1, 3, 3, 1, 1, 1, 5, 1, 1, 3, 1, 1, 5, 1, 3, 5, 3, 1, 3, 1, 1, 5, 5, 3, 1, 1, 1, 5, 1, 5, 5, 5, 5, 4, 3, 1, 3, 1, 3, 1, 3, 1, 3, 1, 5, 3, 3, 5, 1, 1, 1, 1, 3, 5, 3, 3, 5, 1, 1, 3, 1, 1, 3, 1, 1, 5, 3, 5, 1, 3, 4, 1, 4, 1, 1, 3, 5, 4, 1, 4, 4, 3, 1, 4, 5, 1, 4, 4, 1, 4, 4, 4, 1, 4, 5, 3, 4, 4, 1, 4, 1, 1, 4, 4, 4, 4, 4, 1, 5, 2, 4, 5];
_objective = 55;
----------
%%%klause-arm: label=backtrack#0 objective=55 time=1301
evemorn = 11;
isolated = 43;
X_INTRODUCED_17_ = [4, 3, 1, 1, 3, 1, 1, 5, 1, 5, 1, 1, 5, 1, 1, 3, 1, 1, 3, 1, 1, 1, 3, 1, 5, 1, 1, 1, 1, 3, 3, 1, 1, 1, 5, 1, 1, 3, 1, 1, 5, 1, 3, 5, 3, 1, 3, 1, 1, 5, 5, 3, 1, 1, 1, 5, 1, 5, 5, 5, 5, 4, 3, 1, 3, 1, 3, 1, 3, 1, 3, 1, 5, 3, 3, 5, 1, 1, 1, 1, 3, 5, 3, 3, 5, 1, 1, 3, 1, 1, 3, 1, 1, 5, 3, 5, 1, 3, 4, 1, 4, 1, 1, 3, 5, 4, 1, 4, 1, 3, 1, 4, 5, 1, 4, 4, 1, 4, 4, 4, 1, 4, 5, 3, 4, 4, 1, 4, 1, 4, 4, 4, 4, 4, 4, 1, 5, 2, 4, 5];
_objective = 54;
----------
%%%klause-arm: label=backtrack#0 objective=54 time=1396
evemorn = 10;
isolated = 43;
X_INTRODUCED_17_ = [4, 3, 1, 1, 3, 1, 1, 5, 1, 5, 1, 1, 5, 1, 1, 3, 1, 1, 3, 1, 1, 1, 3, 1, 5, 1, 1, 1, 1, 3, 3, 1, 1, 1, 5, 1, 1, 3, 1, 1, 5, 1, 3, 5, 3, 1, 3, 1, 1, 5, 5, 3, 1, 1, 1, 5, 1, 5, 5, 5, 5, 4, 3, 1, 3, 1, 3, 1, 3, 1, 3, 1, 5, 3, 3, 5, 1, 1, 1, 1, 3, 5, 3, 3, 5, 1, 1, 3, 1, 1, 3, 1, 1, 5, 3, 5, 1, 3, 4, 1, 4, 1, 1, 3, 5, 4, 1, 4, 1, 3, 1, 5, 5, 1, 4, 4, 1, 4, 4, 4, 1, 4, 5, 3, 4, 4, 1, 4, 1, 4, 4, 4, 4, 4, 4, 1, 5, 2, 4, 4];
_objective = 53;
----------
%%%klause-arm: label=backtrack#0 objective=53 time=1513
evemorn = 10;
isolated = 42;
X_INTRODUCED_17_ = [4, 3, 1, 1, 3, 1, 1, 1, 1, 5, 1, 1, 5, 1, 1, 3, 1, 1, 3, 1, 1, 1, 3, 1, 5, 1, 1, 1, 1, 3, 3, 1, 1, 1, 5, 1, 1, 3, 1, 1, 5, 1, 3, 5, 3, 1, 3, 1, 1, 5, 5, 3, 1, 1, 1, 5, 1, 5, 5, 5, 5, 4, 3, 5, 3, 1, 3, 1, 3, 1, 3, 1, 5, 3, 3, 5, 1, 1, 1, 1, 3, 5, 3, 3, 5, 1, 1, 3, 1, 1, 3, 1, 1, 5, 3, 5, 1, 3, 4, 1, 4, 1, 1, 3, 5, 4, 1, 4, 1, 3, 1, 5, 5, 1, 4, 4, 1, 4, 4, 4, 1, 4, 5, 3, 4, 4, 1, 4, 1, 4, 4, 4, 4, 4, 4, 1, 5, 2, 4, 4];
_objective = 52;
----------
%%%klause-arm: label=backtrack#0 objective=52 time=1659
evemorn = 9;
isolated = 42;
X_INTRODUCED_17_ = [4, 3, 1, 1, 3, 1, 1, 1, 1, 5, 1, 1, 5, 1, 1, 3, 1, 1, 3, 1, 1, 1, 3, 1, 5, 1, 1, 1, 1, 3, 3, 1, 1, 1, 5, 1, 1, 3, 1, 1, 5, 1, 3, 5, 3, 1, 3, 1, 1, 5, 5, 3, 1, 1, 1, 5, 1, 5, 5, 5, 5, 4, 3, 5, 3, 1, 3, 1, 3, 1, 3, 1, 5, 3, 3, 5, 1, 1, 1, 1, 3, 5, 3, 3, 5, 1, 1, 3, 1, 1, 3, 1, 1, 5, 3, 5, 1, 3, 4, 1, 4, 1, 1, 3, 5, 4, 1, 4, 1, 3, 1, 5, 5, 1, 4, 5, 1, 4, 4, 4, 1, 4, 4, 3, 4, 4, 1, 4, 1, 4, 4, 4, 4, 4, 4, 1, 5, 2, 4, 4];
_objective = 51;
----------
%%%klause-arm: label=backtrack#0 objective=51 time=1794
%%%mzn-stat: solveTime=1.827
%%%mzn-stat: solutions=11
%%%mzn-stat: presolvePasses=strengthen,affine,difference-system
%%%mzn-stat: presolveConstraintsRemoved=560
%%%mzn-stat: nodes=3950
%%%mzn-stat: failures=36
%%%mzn-stat: restarts=0
%%%mzn-stat: propagations=0
%%%mzn-stat: learned=0
%%%mzn-stat: relearned=0
%%%mzn-stat: peakDepth=398
%%%mzn-stat: caNotApplicable=0
%%%mzn-stat: caNonAsserting=0
%%%mzn-stat: caRejectedTrueLit=0
%%%mzn-stat: openBoolDecisions=0
%%%mzn-stat: openIntDecisions=0
%%%mzn-stat: openTheoryDecisions=0
%%%mzn-stat: openTheoryChecks=0
%%%mzn-stat: openWork=0
%%%mzn-stat: openLearned=0
%%%mzn-stat: openRelearned=0
%%%mzn-stat: openRestarts=0
%%%mzn-stat: openReductions=0
%%%mzn-stat: openDropped=0
%%%mzn-stat: openRetained=0
%%%mzn-stat: openPeakRetained=0
%%%mzn-stat: openLearnedWatchVisits=0
%%%mzn-stat-end
