objective = 58113;
p = [0, 2, 0, 0, 0, 2, 2, 0, 0, 0, 2, 0, 0, 0, 0, 2, 0, 2, 0, 0, 0, 2, 0, 2, 3, 0, 0, 0, 0, 2, 0, 2, 2, 0, 0, 0, 0, 2, 0, 0, 0, 2, 2, 0, 0, 2, 2, 0, 0, 2, 0, 0, 2, 0, 0, 0, 0, 0, 0, 0, 0, 1, 3, 0, 0, 2, 3, 0, 1, 2, 0, 1, 0, 0, 0, 13, 0, 13, 0, 2, 2, 0, 0, 0, 0, 0, 0, 0, 13, 0, 0, 0, 0, 0, 0, 2, 0, 0, 2, 13, 0, 2, 0, 0, 2, 3, 0, 1, 0, 2, 13, 0, 2, 0, 0, 1, 0, 2, 0, 3, 0, 3, 0, 2, 0, 0, 13, 0, 13, 0, 13, 13, 0, 1, 0, 1, 0, 0, 0, 0, 13, 0, 0, 0, 1, 3, 2, 13, 0, 3, 1, 0, 0, 0, 2, 0, 0, 0, 0, 1, 0, 0, 1, 1, 2, 0, 2, 3, 0, 0, 1, 0, 1, 0, 1, 1, 2, 0, 1, 0, 0, 2, 0, 0, 0, 0, 3, 0, 0, 1, 3, 1, 0, 1, 2, 0, 0, 2, 13, 2, 13, 0, 0, 13, 3, 1, 0, 3, 2];
_objective = 58113;
----------
%%%klause-arm: label=backtrack#0 objective=58113 time=333
objective = 57113;
p = [0, 2, 2, 0, 0, 2, 2, 0, 0, 0, 2, 0, 0, 0, 0, 2, 0, 2, 0, 0, 0, 2, 0, 2, 3, 0, 0, 0, 0, 2, 0, 2, 2, 0, 0, 0, 0, 2, 0, 0, 0, 2, 2, 0, 0, 2, 2, 0, 0, 2, 0, 0, 2, 0, 0, 0, 0, 0, 0, 0, 0, 1, 3, 0, 0, 2, 3, 0, 1, 2, 0, 1, 0, 0, 0, 13, 0, 13, 0, 2, 2, 0, 0, 0, 0, 0, 0, 0, 13, 0, 0, 0, 0, 0, 0, 2, 0, 0, 2, 13, 0, 2, 0, 0, 2, 3, 0, 1, 0, 2, 13, 0, 2, 0, 0, 1, 0, 2, 0, 3, 0, 3, 0, 2, 0, 0, 13, 0, 13, 0, 13, 13, 0, 1, 0, 1, 0, 0, 0, 0, 13, 0, 0, 0, 1, 3, 2, 13, 0, 3, 1, 0, 0, 0, 2, 0, 0, 0, 0, 1, 0, 0, 1, 1, 3, 0, 2, 3, 0, 0, 1, 0, 1, 0, 1, 1, 3, 0, 1, 0, 0, 2, 0, 0, 0, 0, 3, 0, 0, 1, 3, 1, 0, 1, 2, 0, 0, 2, 13, 2, 13, 0, 0, 13, 3, 1, 0, 3, 2];
_objective = 57113;
----------
%%%klause-arm: label=backtrack#0 objective=57113 time=455
objective = 56113;
p = [0, 2, 2, 0, 0, 2, 0, 2, 2, 0, 2, 0, 0, 0, 0, 2, 0, 2, 0, 0, 0, 2, 0, 2, 3, 0, 0, 0, 0, 2, 0, 2, 2, 0, 0, 0, 0, 2, 0, 0, 0, 2, 2, 0, 0, 2, 2, 0, 0, 2, 0, 0, 2, 0, 0, 0, 0, 0, 0, 0, 0, 1, 3, 0, 0, 2, 3, 0, 1, 2, 0, 1, 0, 0, 0, 13, 0, 13, 0, 2, 2, 0, 0, 0, 0, 0, 0, 0, 13, 0, 0, 0, 0, 0, 0, 2, 0, 0, 2, 13, 0, 2, 0, 0, 2, 3, 0, 1, 0, 2, 13, 0, 2, 0, 0, 1, 0, 2, 0, 3, 0, 3, 0, 2, 0, 0, 13, 0, 13, 0, 13, 13, 0, 1, 0, 1, 0, 0, 0, 0, 13, 0, 0, 0, 1, 3, 2, 13, 0, 3, 1, 0, 0, 0, 2, 0, 0, 0, 0, 1, 0, 0, 1, 1, 3, 0, 2, 3, 0, 0, 1, 0, 1, 0, 1, 1, 3, 0, 1, 0, 0, 2, 0, 0, 0, 0, 3, 0, 0, 1, 3, 1, 0, 1, 2, 0, 0, 2, 13, 2, 13, 0, 0, 13, 3, 1, 0, 3, 2];
_objective = 56113;
----------
%%%klause-arm: label=backtrack#0 objective=56113 time=517
objective = 56112;
p = [0, 2, 2, 0, 0, 2, 2, 0, 2, 0, 0, 2, 2, 0, 0, 2, 0, 2, 0, 0, 0, 2, 0, 2, 3, 0, 0, 0, 0, 2, 0, 2, 2, 0, 0, 0, 0, 2, 0, 0, 0, 2, 2, 0, 0, 2, 2, 0, 0, 2, 0, 0, 2, 0, 0, 0, 0, 0, 0, 0, 0, 1, 3, 0, 0, 2, 3, 0, 1, 2, 0, 1, 0, 0, 0, 13, 0, 13, 0, 2, 2, 0, 0, 0, 0, 0, 0, 0, 13, 0, 0, 0, 0, 0, 0, 2, 0, 0, 2, 13, 0, 2, 0, 0, 2, 3, 0, 1, 0, 2, 13, 0, 2, 0, 0, 1, 0, 2, 0, 3, 0, 3, 0, 2, 0, 0, 13, 0, 13, 0, 13, 13, 0, 1, 0, 1, 0, 0, 0, 0, 13, 0, 0, 0, 1, 3, 2, 13, 0, 3, 1, 0, 0, 0, 2, 0, 0, 0, 0, 1, 0, 0, 1, 1, 3, 0, 2, 3, 0, 0, 1, 0, 1, 0, 1, 1, 3, 0, 1, 0, 0, 2, 0, 0, 0, 0, 3, 0, 0, 1, 3, 1, 0, 1, 2, 0, 0, 2, 13, 2, 13, 0, 0, 13, 3, 1, 0, 3, 2];
_objective = 56112;
----------
%%%klause-arm: label=backtrack#0 objective=56112 time=624
objective = 56111;
p = [0, 2, 2, 0, 0, 2, 2, 0, 2, 0, 0, 2, 0, 1, 0, 2, 0, 2, 0, 0, 0, 2, 0, 2, 3, 0, 0, 0, 0, 2, 0, 2, 2, 0, 0, 0, 0, 2, 0, 0, 0, 2, 2, 0, 0, 2, 2, 0, 0, 2, 0, 0, 2, 0, 0, 0, 0, 0, 0, 0, 0, 1, 3, 0, 0, 2, 3, 0, 1, 2, 0, 1, 0, 0, 0, 13, 0, 13, 0, 2, 2, 0, 0, 0, 0, 0, 0, 0, 13, 0, 0, 0, 0, 0, 0, 2, 0, 0, 2, 13, 0, 2, 0, 0, 2, 3, 0, 1, 0, 2, 13, 0, 2, 0, 0, 1, 0, 2, 0, 3, 0, 3, 0, 2, 0, 0, 13, 0, 13, 0, 13, 13, 0, 1, 0, 1, 0, 0, 0, 0, 13, 0, 0, 0, 1, 3, 2, 13, 0, 3, 1, 0, 0, 0, 2, 0, 0, 0, 0, 1, 0, 0, 1, 1, 3, 0, 2, 3, 0, 0, 1, 0, 1, 0, 1, 1, 3, 0, 1, 0, 0, 2, 0, 0, 0, 0, 3, 0, 0, 1, 3, 1, 0, 1, 2, 0, 0, 2, 13, 2, 13, 0, 0, 13, 3, 1, 0, 3, 2];
_objective = 56111;
----------
%%%klause-arm: label=backtrack#0 objective=56111 time=717
objective = 56110;
p = [0, 2, 2, 0, 0, 2, 0, 2, 2, 0, 0, 2, 2, 1, 0, 2, 0, 2, 0, 0, 0, 2, 0, 2, 3, 0, 0, 0, 0, 2, 0, 2, 2, 0, 0, 0, 0, 2, 0, 0, 0, 2, 2, 0, 0, 2, 2, 0, 0, 2, 0, 0, 2, 0, 0, 0, 0, 0, 0, 0, 0, 1, 3, 0, 0, 2, 3, 0, 1, 2, 0, 1, 0, 0, 0, 13, 0, 13, 0, 2, 2, 0, 0, 0, 0, 0, 0, 0, 13, 0, 0, 0, 0, 0, 0, 2, 0, 0, 2, 13, 0, 2, 0, 0, 2, 3, 0, 1, 0, 2, 13, 0, 2, 0, 0, 1, 0, 2, 0, 3, 0, 3, 0, 2, 0, 0, 13, 0, 13, 0, 13, 13, 0, 1, 0, 1, 0, 0, 0, 0, 13, 0, 0, 0, 1, 3, 2, 13, 0, 3, 1, 0, 0, 0, 2, 0, 0, 0, 0, 1, 0, 0, 1, 1, 3, 0, 2, 3, 0, 0, 1, 0, 1, 0, 1, 1, 3, 0, 1, 0, 0, 2, 0, 0, 0, 0, 3, 0, 0, 1, 3, 1, 0, 1, 2, 0, 0, 2, 13, 2, 13, 0, 0, 13, 3, 1, 0, 3, 2];
_objective = 56110;
----------
%%%klause-arm: label=backtrack#0 objective=56110 time=778
objective = 55111;
p = [0, 2, 2, 0, 2, 0, 2, 0, 2, 0, 2, 0, 0, 1, 2, 0, 0, 0, 13, 0, 0, 2, 0, 2, 3, 0, 0, 0, 0, 2, 0, 2, 2, 0, 0, 0, 0, 2, 0, 0, 0, 2, 2, 0, 0, 2, 2, 0, 0, 2, 0, 0, 2, 0, 0, 0, 0, 0, 0, 0, 0, 1, 3, 0, 0, 2, 3, 0, 1, 2, 0, 1, 0, 0, 0, 13, 0, 13, 0, 2, 2, 0, 0, 0, 0, 0, 0, 0, 13, 0, 0, 0, 0, 0, 0, 2, 0, 0, 2, 13, 0, 2, 0, 0, 2, 3, 0, 1, 0, 2, 13, 0, 2, 0, 0, 1, 0, 2, 0, 3, 0, 3, 0, 2, 0, 0, 13, 0, 13, 0, 13, 13, 0, 1, 0, 1, 0, 0, 0, 0, 13, 0, 0, 0, 1, 3, 2, 13, 0, 3, 1, 0, 0, 0, 2, 0, 0, 0, 0, 1, 0, 0, 1, 1, 3, 0, 2, 3, 0, 0, 1, 0, 1, 0, 1, 1, 3, 0, 1, 0, 0, 2, 0, 0, 0, 0, 3, 0, 0, 1, 3, 1, 0, 1, 2, 0, 0, 2, 13, 2, 13, 0, 0, 13, 3, 1, 0, 3, 2];
_objective = 55111;
----------
%%%klause-arm: label=backtrack#0 objective=55111 time=1276
objective = 54113;
p = [0, 2, 2, 0, 2, 0, 0, 2, 2, 0, 2, 0, 0, 0, 2, 0, 2, 0, 13, 0, 0, 2, 0, 2, 3, 0, 0, 0, 0, 2, 0, 2, 2, 0, 0, 0, 0, 2, 0, 0, 0, 2, 2, 0, 0, 2, 2, 0, 0, 2, 0, 0, 2, 0, 0, 0, 0, 0, 0, 0, 0, 1, 3, 0, 0, 2, 3, 0, 1, 2, 0, 1, 0, 0, 0, 13, 0, 13, 0, 2, 2, 0, 0, 0, 0, 0, 0, 0, 13, 0, 0, 0, 0, 0, 0, 2, 0, 0, 2, 13, 0, 2, 0, 0, 2, 3, 0, 1, 0, 2, 13, 0, 2, 0, 0, 1, 0, 2, 0, 3, 0, 3, 0, 2, 0, 0, 13, 0, 13, 0, 13, 13, 0, 1, 0, 1, 0, 0, 0, 0, 13, 0, 0, 0, 1, 3, 2, 13, 0, 3, 1, 0, 0, 0, 2, 0, 0, 0, 0, 1, 0, 0, 1, 1, 3, 0, 2, 3, 0, 0, 1, 0, 1, 0, 1, 1, 3, 0, 1, 0, 0, 2, 0, 0, 0, 0, 3, 0, 0, 1, 3, 1, 0, 1, 2, 0, 0, 2, 13, 2, 13, 0, 0, 13, 3, 1, 0, 3, 2];
_objective = 54113;
----------
%%%klause-arm: label=backtrack#0 objective=54113 time=1313
objective = 54112;
p = [0, 2, 2, 0, 2, 0, 0, 2, 2, 0, 2, 0, 2, 0, 2, 0, 2, 0, 13, 0, 0, 2, 0, 2, 3, 0, 0, 0, 0, 2, 0, 2, 2, 0, 0, 0, 0, 2, 0, 0, 0, 2, 2, 0, 0, 2, 2, 0, 0, 2, 0, 0, 2, 0, 0, 0, 0, 0, 0, 0, 0, 1, 3, 0, 0, 2, 3, 0, 1, 2, 0, 1, 0, 0, 0, 13, 0, 13, 0, 2, 2, 0, 0, 0, 0, 0, 0, 0, 13, 0, 0, 0, 0, 0, 0, 2, 0, 0, 2, 13, 0, 2, 0, 0, 2, 3, 0, 1, 0, 2, 13, 0, 2, 0, 0, 1, 0, 2, 0, 3, 0, 3, 0, 2, 0, 0, 13, 0, 13, 0, 13, 13, 0, 1, 0, 1, 0, 0, 0, 0, 13, 0, 0, 0, 1, 3, 2, 13, 0, 3, 1, 0, 0, 0, 2, 0, 0, 0, 0, 1, 0, 0, 1, 1, 3, 0, 2, 3, 0, 0, 1, 0, 1, 0, 1, 1, 3, 0, 1, 0, 0, 2, 0, 0, 0, 0, 3, 0, 0, 1, 3, 1, 0, 1, 2, 0, 0, 2, 13, 2, 13, 0, 0, 13, 3, 1, 0, 3, 2];
_objective = 54112;
----------
%%%klause-arm: label=backtrack#0 objective=54112 time=1359
objective = 54110;
p = [0, 2, 2, 0, 0, 2, 2, 0, 2, 0, 2, 0, 2, 1, 0, 2, 0, 2, 13, 0, 0, 2, 0, 2, 3, 0, 0, 0, 0, 2, 0, 2, 2, 0, 0, 0, 0, 2, 0, 0, 0, 2, 2, 0, 0, 2, 2, 0, 0, 2, 0, 0, 2, 0, 0, 0, 0, 0, 0, 0, 0, 1, 3, 0, 0, 2, 3, 0, 1, 2, 0, 1, 0, 0, 0, 13, 0, 13, 0, 2, 2, 0, 0, 0, 0, 0, 0, 0, 13, 0, 0, 0, 0, 0, 0, 2, 0, 0, 2, 13, 0, 2, 0, 0, 2, 3, 0, 1, 0, 2, 13, 0, 2, 0, 0, 1, 0, 2, 0, 3, 0, 3, 0, 2, 0, 0, 13, 0, 13, 0, 13, 13, 0, 1, 0, 1, 0, 0, 0, 0, 13, 0, 0, 0, 1, 3, 2, 13, 0, 3, 1, 0, 0, 0, 2, 0, 0, 0, 0, 1, 0, 0, 1, 1, 3, 0, 2, 3, 0, 0, 1, 0, 1, 0, 1, 1, 3, 0, 1, 0, 0, 2, 0, 0, 0, 0, 3, 0, 0, 1, 3, 1, 0, 1, 2, 0, 0, 2, 13, 2, 13, 0, 0, 13, 3, 1, 0, 3, 2];
_objective = 54110;
----------
%%%klause-arm: label=backtrack#0 objective=54110 time=1493
objective = 52110;
p = [0, 2, 2, 0, 0, 2, 2, 0, 2, 0, 2, 0, 2, 1, 0, 2, 0, 2, 13, 0, 13, 2, 0, 2, 3, 0, 0, 0, 0, 2, 0, 2, 2, 0, 0, 0, 0, 2, 0, 0, 0, 2, 2, 0, 0, 2, 2, 0, 0, 2, 0, 0, 2, 0, 0, 0, 0, 0, 0, 0, 0, 1, 3, 0, 0, 2, 3, 0, 1, 2, 0, 1, 0, 0, 0, 13, 0, 13, 0, 2, 2, 0, 0, 0, 0, 0, 0, 0, 13, 0, 0, 0, 0, 0, 0, 2, 0, 0, 2, 13, 0, 2, 0, 0, 2, 3, 0, 1, 0, 2, 13, 0, 2, 0, 0, 1, 0, 2, 0, 3, 0, 3, 0, 2, 0, 0, 13, 0, 13, 0, 13, 13, 0, 1, 0, 1, 0, 0, 0, 0, 13, 0, 0, 0, 1, 3, 2, 13, 0, 3, 1, 0, 0, 0, 2, 0, 0, 0, 0, 1, 0, 0, 1, 1, 3, 0, 2, 3, 0, 0, 1, 0, 1, 0, 1, 1, 3, 0, 1, 0, 0, 2, 0, 0, 0, 0, 3, 0, 0, 1, 3, 1, 0, 1, 2, 0, 0, 2, 13, 2, 13, 0, 0, 13, 3, 1, 0, 3, 2];
_objective = 52110;
----------
%%%klause-arm: label=backtrack#0 objective=52110 time=1892
%%%mzn-stat: solveTime=2.355
%%%mzn-stat: solutions=11
%%%mzn-stat: presolvePasses=strengthen,difference-system
%%%mzn-stat: presolveConstraintsRemoved=418
%%%mzn-stat: nodes=4868
%%%mzn-stat: failures=2182
%%%mzn-stat: restarts=0
%%%mzn-stat: propagations=0
%%%mzn-stat: learned=0
%%%mzn-stat: relearned=0
%%%mzn-stat: peakDepth=234
%%%mzn-stat: caNotApplicable=0
%%%mzn-stat: caNonAsserting=0
%%%mzn-stat: caRejectedTrueLit=0
%%%mzn-stat: openBoolDecisions=0
%%%mzn-stat: openIntDecisions=0
%%%mzn-stat: openTheoryDecisions=0
%%%mzn-stat: openTheoryChecks=0
%%%mzn-stat: openWork=0
%%%mzn-stat: openLearned=0
%%%mzn-stat: openRelearned=0
%%%mzn-stat: openRestarts=0
%%%mzn-stat: openReductions=0
%%%mzn-stat: openDropped=0
%%%mzn-stat: openRetained=0
%%%mzn-stat: openPeakRetained=0
%%%mzn-stat: openLearnedWatchVisits=0
%%%mzn-stat-end
