evemorn = 17;
isolated = 44;
X_INTRODUCED_17_ = [4, 3, 1, 1, 3, 1, 1, 5, 1, 5, 1, 1, 5, 1, 1, 3, 1, 1, 3, 1, 1, 1, 3, 1, 5, 1, 1, 3, 1, 3, 3, 1, 1, 1, 5, 1, 1, 3, 1, 1, 5, 1, 3, 5, 3, 1, 3, 1, 1, 5, 5, 1, 1, 1, 1, 5, 1, 5, 1, 5, 5, 4, 1, 1, 3, 1, 3, 1, 3, 1, 3, 1, 4, 3, 3, 5, 1, 1, 1, 4, 3, 5, 3, 4, 5, 1, 4, 3, 1, 1, 3, 1, 1, 5, 3, 5, 1, 3, 4, 1, 5, 1, 1, 3, 4, 4, 1, 5, 4, 3, 1, 4, 5, 1, 3, 4, 1, 4, 4, 4, 1, 4, 5, 3, 4, 3, 1, 4, 1, 1, 4, 4, 5, 4, 4, 1, 5, 2, 4, 5];
_objective = 61;
----------
%%%klause-arm: label=backtrack#0 objective=61 time=500
evemorn = 16;
isolated = 44;
X_INTRODUCED_17_ = [4, 3, 1, 1, 3, 1, 1, 5, 1, 3, 1, 1, 5, 1, 1, 3, 1, 1, 3, 1, 1, 1, 3, 1, 5, 1, 1, 3, 1, 3, 3, 1, 1, 1, 5, 1, 1, 3, 1, 1, 5, 1, 3, 5, 3, 1, 3, 1, 1, 5, 5, 1, 1, 1, 1, 5, 1, 5, 1, 5, 5, 4, 1, 1, 3, 1, 3, 1, 3, 1, 3, 1, 5, 3, 3, 5, 1, 1, 1, 4, 3, 5, 3, 4, 5, 1, 4, 3, 1, 1, 3, 1, 1, 5, 3, 5, 1, 3, 4, 1, 5, 1, 1, 3, 4, 4, 1, 5, 4, 3, 1, 4, 5, 1, 4, 4, 1, 4, 4, 4, 1, 4, 5, 3, 4, 3, 1, 4, 1, 1, 4, 4, 5, 4, 4, 1, 5, 2, 4, 5];
_objective = 60;
----------
%%%klause-arm: label=backtrack#0 objective=60 time=733
evemorn = 15;
isolated = 44;
X_INTRODUCED_17_ = [4, 3, 1, 1, 3, 1, 1, 5, 1, 5, 1, 1, 5, 1, 1, 3, 1, 1, 3, 1, 1, 1, 3, 1, 5, 1, 1, 3, 1, 3, 3, 1, 1, 1, 5, 1, 1, 3, 1, 1, 5, 1, 3, 5, 3, 1, 3, 1, 1, 5, 5, 1, 1, 1, 1, 5, 1, 5, 3, 5, 5, 4, 1, 1, 3, 1, 3, 1, 3, 1, 3, 1, 5, 3, 3, 5, 1, 1, 1, 1, 3, 5, 3, 4, 5, 1, 4, 3, 1, 1, 3, 1, 1, 5, 3, 5, 1, 3, 4, 1, 5, 1, 1, 3, 4, 4, 1, 4, 4, 3, 1, 4, 5, 1, 4, 4, 1, 4, 4, 4, 1, 4, 5, 3, 4, 3, 1, 4, 1, 1, 4, 4, 5, 4, 4, 1, 5, 2, 4, 5];
_objective = 59;
----------
%%%klause-arm: label=backtrack#0 objective=59 time=850
evemorn = 14;
isolated = 44;
X_INTRODUCED_17_ = [4, 3, 1, 1, 3, 1, 1, 5, 1, 5, 1, 1, 5, 1, 1, 3, 1, 1, 3, 1, 1, 1, 3, 1, 5, 1, 1, 3, 1, 3, 3, 1, 1, 1, 5, 1, 1, 3, 1, 1, 5, 1, 3, 5, 3, 1, 3, 1, 1, 5, 5, 1, 1, 1, 1, 5, 1, 5, 3, 5, 5, 4, 1, 1, 3, 1, 3, 1, 3, 1, 3, 1, 5, 3, 3, 5, 1, 1, 1, 1, 3, 5, 3, 3, 5, 1, 4, 3, 1, 1, 3, 1, 1, 5, 3, 5, 1, 3, 4, 1, 5, 1, 1, 3, 4, 4, 1, 4, 4, 3, 1, 4, 5, 1, 4, 4, 1, 4, 4, 4, 1, 4, 5, 3, 4, 4, 1, 4, 1, 1, 4, 4, 5, 4, 4, 1, 5, 2, 4, 5];
_objective = 58;
----------
%%%klause-arm: label=backtrack#0 objective=58 time=978
evemorn = 13;
isolated = 44;
X_INTRODUCED_17_ = [4, 3, 1, 1, 3, 1, 1, 5, 1, 5, 1, 1, 5, 1, 1, 3, 1, 1, 3, 1, 1, 1, 3, 1, 5, 1, 1, 3, 1, 3, 3, 1, 1, 1, 5, 1, 1, 3, 1, 1, 5, 1, 3, 5, 3, 1, 3, 1, 1, 5, 5, 3, 1, 1, 1, 5, 1, 5, 5, 5, 5, 4, 1, 1, 3, 1, 3, 1, 3, 1, 3, 1, 5, 3, 3, 5, 1, 1, 1, 1, 3, 5, 3, 3, 5, 1, 1, 3, 1, 1, 3, 1, 1, 5, 3, 5, 1, 3, 4, 1, 4, 1, 1, 3, 4, 4, 1, 4, 4, 3, 1, 4, 5, 1, 4, 4, 1, 4, 4, 4, 1, 4, 5, 3, 4, 4, 1, 4, 1, 1, 4, 4, 5, 4, 4, 1, 5, 2, 4, 5];
_objective = 57;
----------
%%%klause-arm: label=backtrack#0 objective=57 time=1079
evemorn = 12;
isolated = 44;
X_INTRODUCED_17_ = [4, 3, 1, 1, 3, 1, 1, 5, 1, 5, 1, 1, 5, 1, 1, 3, 1, 1, 3, 1, 1, 1, 3, 1, 5, 1, 1, 3, 1, 3, 3, 1, 1, 1, 5, 1, 1, 3, 1, 1, 5, 1, 3, 5, 3, 1, 3, 1, 1, 5, 5, 3, 1, 1, 1, 5, 1, 5, 5, 5, 5, 4, 1, 1, 3, 1, 3, 1, 3, 1, 3, 1, 5, 3, 3, 5, 1, 1, 1, 1, 3, 5, 3, 3, 5, 1, 1, 3, 1, 1, 3, 1, 1, 5, 3, 5, 1, 3, 4, 1, 4, 1, 1, 3, 5, 4, 1, 4, 4, 3, 1, 4, 5, 1, 4, 4, 1, 4, 4, 4, 1, 4, 5, 3, 4, 4, 1, 4, 1, 1, 4, 4, 4, 4, 4, 1, 5, 2, 4, 5];
_objective = 56;
----------
%%%klause-arm: label=backtrack#0 objective=56 time=1186
evemorn = 12;
isolated = 43;
X_INTRODUCED_17_ = [4, 3, 1, 1, 3, 1, 1, 5, 1, 5, 1, 1, 5, 1, 1, 3, 1, 1, 3, 1, 1, 1, 3, 1, 5, 1, 1, 1, 1, 3, 3, 1, 1, 1, 5, 1, 1, 3, 1, 1, 5, 1, 3, 5, 3, 1, 3, 1, 1, 5, 5, 3, 1, 1, 1, 5, 1, 5, 5, 5, 5, 4, 3, 1, 3, 1, 3, 1, 3, 1, 3, 1, 5, 3, 3, 5, 1, 1, 1, 1, 3, 5, 3, 3, 5, 1, 1, 3, 1, 1, 3, 1, 1, 5, 3, 5, 1, 3, 4, 1, 4, 1, 1, 3, 5, 4, 1, 4, 4, 3, 1, 4, 5, 1, 4, 4, 1, 4, 4, 4, 1, 4, 5, 3, 4, 4, 1, 4, 1, 1, 4, 4, 4, 4, 4, 1, 5, 2, 4, 5];
_objective = 55;
----------
%%%klause-arm: label=backtrack#0 objective=55 time=1295
evemorn = 11;
isolated = 43;
X_INTRODUCED_17_ = [4, 3, 1, 1, 3, 1, 1, 5, 1, 5, 1, 1, 5, 1, 1, 3, 1, 1, 3, 1, 1, 1, 3, 1, 5, 1, 1, 1, 1, 3, 3, 1, 1, 1, 5, 1, 1, 3, 1, 1, 5, 1, 3, 5, 3, 1, 3, 1, 1, 5, 5, 3, 1, 1, 1, 5, 1, 5, 5, 5, 5, 4, 3, 1, 3, 1, 3, 1, 3, 1, 3, 1, 5, 3, 3, 5, 1, 1, 1, 1, 3, 5, 3, 3, 5, 1, 1, 3, 1, 1, 3, 1, 1, 5, 3, 5, 1, 3, 4, 1, 4, 1, 1, 3, 5, 4, 1, 4, 1, 3, 1, 4, 5, 1, 4, 4, 1, 4, 4, 4, 1, 4, 5, 3, 4, 4, 1, 4, 1, 4, 4, 4, 4, 4, 4, 1, 5, 2, 4, 5];
_objective = 54;
----------
%%%klause-arm: label=backtrack#0 objective=54 time=1390
evemorn = 10;
isolated = 43;
X_INTRODUCED_17_ = [4, 3, 1, 1, 3, 1, 1, 5, 1, 5, 1, 1, 5, 1, 1, 3, 1, 1, 3, 1, 1, 1, 3, 1, 5, 1, 1, 1, 1, 3, 3, 1, 1, 1, 5, 1, 1, 3, 1, 1, 5, 1, 3, 5, 3, 1, 3, 1, 1, 5, 5, 3, 1, 1, 1, 5, 1, 5, 5, 5, 5, 4, 3, 1, 3, 1, 3, 1, 3, 1, 3, 1, 5, 3, 3, 5, 1, 1, 1, 1, 3, 5, 3, 3, 5, 1, 1, 3, 1, 1, 3, 1, 1, 5, 3, 5, 1, 3, 4, 1, 4, 1, 1, 3, 5, 4, 1, 4, 1, 3, 1, 5, 5, 1, 4, 4, 1, 4, 4, 4, 1, 4, 5, 3, 4, 4, 1, 4, 1, 4, 4, 4, 4, 4, 4, 1, 5, 2, 4, 4];
_objective = 53;
----------
%%%klause-arm: label=backtrack#0 objective=53 time=1486
evemorn = 10;
isolated = 42;
X_INTRODUCED_17_ = [4, 3, 1, 1, 3, 1, 1, 1, 1, 5, 1, 1, 5, 1, 1, 3, 1, 1, 3, 1, 1, 1, 3, 1, 5, 1, 1, 1, 1, 3, 3, 1, 1, 1, 5, 1, 1, 3, 1, 1, 5, 1, 3, 5, 3, 1, 3, 1, 1, 5, 5, 3, 1, 1, 1, 5, 1, 5, 5, 5, 5, 4, 3, 5, 3, 1, 3, 1, 3, 1, 3, 1, 5, 3, 3, 5, 1, 1, 1, 1, 3, 5, 3, 3, 5, 1, 1, 3, 1, 1, 3, 1, 1, 5, 3, 5, 1, 3, 4, 1, 4, 1, 1, 3, 5, 4, 1, 4, 1, 3, 1, 5, 5, 1, 4, 4, 1, 4, 4, 4, 1, 4, 5, 3, 4, 4, 1, 4, 1, 4, 4, 4, 4, 4, 4, 1, 5, 2, 4, 4];
_objective = 52;
----------
%%%klause-arm: label=backtrack#0 objective=52 time=1589
evemorn = 9;
isolated = 42;
X_INTRODUCED_17_ = [4, 3, 1, 1, 3, 1, 1, 1, 1, 5, 1, 1, 5, 1, 1, 3, 1, 1, 3, 1, 1, 1, 3, 1, 5, 1, 1, 1, 1, 3, 3, 1, 1, 1, 5, 1, 1, 3, 1, 1, 5, 1, 3, 5, 3, 1, 3, 1, 1, 5, 5, 3, 1, 1, 1, 5, 1, 5, 5, 5, 5, 4, 3, 5, 3, 1, 3, 1, 3, 1, 3, 1, 5, 3, 3, 5, 1, 1, 1, 1, 3, 5, 3, 3, 5, 1, 1, 3, 1, 1, 3, 1, 1, 5, 3, 5, 1, 3, 4, 1, 4, 1, 1, 3, 5, 4, 1, 4, 1, 3, 1, 5, 5, 1, 4, 5, 1, 4, 4, 4, 1, 4, 4, 3, 4, 4, 1, 4, 1, 4, 4, 4, 4, 4, 4, 1, 5, 2, 4, 4];
_objective = 51;
----------
%%%klause-arm: label=backtrack#0 objective=51 time=1685
evemorn = 8;
isolated = 42;
X_INTRODUCED_17_ = [4, 3, 1, 1, 3, 1, 1, 1, 1, 5, 1, 1, 5, 1, 1, 3, 1, 1, 3, 1, 1, 1, 3, 1, 5, 1, 1, 1, 1, 3, 3, 1, 1, 1, 5, 1, 1, 3, 1, 1, 5, 1, 3, 5, 3, 1, 3, 1, 1, 5, 5, 3, 1, 1, 1, 5, 1, 5, 5, 5, 5, 4, 3, 5, 3, 1, 3, 1, 4, 1, 3, 1, 5, 3, 3, 5, 1, 1, 1, 1, 3, 5, 3, 3, 5, 1, 1, 3, 1, 1, 3, 1, 1, 5, 3, 5, 1, 3, 4, 1, 4, 1, 1, 3, 5, 4, 1, 4, 1, 3, 1, 5, 5, 1, 4, 5, 1, 3, 4, 4, 1, 4, 4, 3, 4, 4, 1, 4, 1, 4, 4, 4, 4, 4, 4, 1, 5, 2, 4, 4];
_objective = 50;
----------
%%%klause-arm: label=backtrack#0 objective=50 time=1777
evemorn = 7;
isolated = 42;
X_INTRODUCED_17_ = [4, 3, 1, 1, 3, 1, 1, 1, 1, 5, 1, 1, 5, 1, 1, 3, 1, 1, 3, 1, 1, 1, 3, 1, 5, 1, 1, 1, 1, 3, 3, 1, 1, 1, 5, 1, 1, 3, 1, 1, 5, 1, 3, 5, 3, 1, 3, 1, 1, 5, 5, 3, 1, 1, 1, 3, 1, 5, 5, 5, 5, 4, 3, 5, 3, 1, 3, 1, 4, 1, 3, 1, 5, 3, 3, 5, 1, 1, 1, 1, 3, 5, 3, 3, 5, 1, 1, 3, 1, 1, 3, 1, 1, 5, 3, 5, 1, 4, 4, 1, 4, 1, 1, 3, 5, 4, 1, 4, 1, 3, 1, 5, 5, 1, 4, 5, 1, 3, 5, 4, 1, 4, 4, 3, 4, 4, 1, 4, 1, 4, 4, 4, 4, 4, 4, 1, 5, 2, 4, 4];
_objective = 49;
----------
%%%klause-arm: label=backtrack#0 objective=49 time=1874
evemorn = 6;
isolated = 42;
X_INTRODUCED_17_ = [4, 3, 1, 1, 3, 1, 1, 1, 1, 5, 1, 1, 5, 1, 1, 3, 1, 1, 3, 1, 1, 1, 3, 1, 5, 1, 1, 1, 1, 3, 3, 1, 1, 1, 5, 1, 1, 3, 1, 1, 5, 1, 3, 5, 5, 1, 3, 1, 1, 5, 5, 3, 1, 1, 1, 3, 1, 5, 5, 5, 5, 4, 3, 5, 3, 1, 3, 1, 4, 1, 3, 1, 5, 3, 3, 5, 1, 1, 1, 1, 3, 5, 3, 3, 5, 1, 1, 3, 1, 1, 3, 1, 1, 4, 3, 5, 1, 4, 4, 1, 4, 1, 1, 3, 5, 4, 1, 4, 1, 3, 1, 5, 5, 1, 4, 5, 1, 3, 5, 4, 1, 3, 4, 3, 4, 4, 1, 4, 1, 4, 4, 4, 4, 4, 4, 1, 5, 2, 4, 4];
_objective = 48;
----------
%%%klause-arm: label=backtrack#0 objective=48 time=1970
%%%mzn-stat: solveTime=2.05
%%%mzn-stat: solutions=14
%%%mzn-stat: presolvePasses=strengthen,affine,difference-system
%%%mzn-stat: presolveConstraintsRemoved=560
%%%mzn-stat: nodes=5052
%%%mzn-stat: failures=41
%%%mzn-stat: restarts=0
%%%mzn-stat: propagations=0
%%%mzn-stat: learned=0
%%%mzn-stat: relearned=0
%%%mzn-stat: peakDepth=398
%%%mzn-stat: caNotApplicable=0
%%%mzn-stat: caNonAsserting=0
%%%mzn-stat: caRejectedTrueLit=0
%%%mzn-stat: openBoolDecisions=0
%%%mzn-stat: openIntDecisions=0
%%%mzn-stat: openTheoryDecisions=0
%%%mzn-stat: openTheoryChecks=0
%%%mzn-stat: openWork=0
%%%mzn-stat: openLearned=0
%%%mzn-stat: openRelearned=0
%%%mzn-stat: openRestarts=0
%%%mzn-stat: openReductions=0
%%%mzn-stat: openDropped=0
%%%mzn-stat: openRetained=0
%%%mzn-stat: openPeakRetained=0
%%%mzn-stat: openLearnedWatchVisits=0
%%%mzn-stat-end
