=====UNKNOWN=====
% budget exhausted
%%%mzn-stat: solveTime=2.073
%%%mzn-stat: solutions=0
%%%mzn-stat: presolvePasses=strengthen,comparison-clause,difference-system
%%%mzn-stat: presolveConstraintsRemoved=154
%%%mzn-stat: nodes=1190
%%%mzn-stat: failures=1182
%%%mzn-stat: restarts=0
%%%mzn-stat: propagations=0
%%%mzn-stat: learned=0
%%%mzn-stat: relearned=0
%%%mzn-stat: peakDepth=36
%%%mzn-stat: caNotApplicable=0
%%%mzn-stat: caNonAsserting=0
%%%mzn-stat: caRejectedTrueLit=0
%%%mzn-stat: openBoolDecisions=0
%%%mzn-stat: openIntDecisions=0
%%%mzn-stat: openTheoryDecisions=0
%%%mzn-stat: openTheoryChecks=0
%%%mzn-stat: openWork=0
%%%mzn-stat: openLearned=0
%%%mzn-stat: openRelearned=0
%%%mzn-stat: openRestarts=0
%%%mzn-stat: openReductions=0
%%%mzn-stat: openDropped=0
%%%mzn-stat: openRetained=0
%%%mzn-stat: openPeakRetained=0
%%%mzn-stat: openLearnedWatchVisits=0
%%%mzn-stat: lpSolves=0
%%%mzn-stat: lpPruned=0
%%%mzn-stat: lpInfeasible=0
%%%mzn-stat: lpBoundPruned=0
%%%mzn-stat: lpFixed=0
%%%mzn-stat: lpCuts=0
%%%mzn-stat: lpPivots=0
%%%mzn-stat: lpWorkOps=0
%%%mzn-stat: lpNodePasses=0
%%%mzn-stat: lpRootPasses=3
%%%mzn-stat: lpRootPivots=1189
%%%mzn-stat: lpRootWorkOps=198046044
%%%mzn-stat: lpRootWarmStartAttempts=0
%%%mzn-stat: lpRootWarmStartHits=0
%%%mzn-stat: lpRootRefactorizations=26
%%%mzn-stat: lpRootRefactorInitial=1
%%%mzn-stat: lpRootRefactorWarmStart=0
%%%mzn-stat: lpRootRefactorSingularRecovery=0
%%%mzn-stat: lpRootRefactorUpdateLimit=22
%%%mzn-stat: lpRootRefactorBackendRequested=1
%%%mzn-stat: lpRootRefactorReconcileRecovery=0
%%%mzn-stat: lpRootRefactorPrimal=2
%%%mzn-stat: lpRootSingularRefactorizations=0
%%%mzn-stat: lpRootSmallPivotBails=0
%%%mzn-stat: lpIntegerCertifyAttempts=0
%%%mzn-stat: lpIntegerCertifySuccesses=0
%%%mzn-stat: lpIntegerCertifyDeclines=0
%%%mzn-stat: lpIntegerCertifyNodeAttempts=0
%%%mzn-stat: lpIntegerCertifyNodeSuccesses=0
%%%mzn-stat: lpIntegerCertifyNodeDeclines=0
%%%mzn-stat: lpIntegerCertifyStandaloneAttempts=0
%%%mzn-stat: lpIntegerCertifyStandaloneSuccesses=0
%%%mzn-stat: lpIntegerCertifyStandaloneDeclines=0
%%%mzn-stat: lpIntegerCertifyComponentAttempts=0
%%%mzn-stat: lpIntegerCertifyComponentSuccesses=0
%%%mzn-stat: lpIntegerCertifyComponentDeclines=0
%%%mzn-stat: lpIntegerCertifyRootAttempts=0
%%%mzn-stat: lpIntegerCertifyRootSuccesses=0
%%%mzn-stat: lpIntegerCertifyRootDeclines=0
%%%mzn-stat: lpSafeObjectiveLowerBoundAttempts=0
%%%mzn-stat: lpSafeObjectiveLowerBoundSuccesses=0
%%%mzn-stat: lpSafeObjectiveLowerBoundDeclines=0
%%%mzn-stat: lpSafeObjectiveLowerBoundNodeAttempts=0
%%%mzn-stat: lpSafeObjectiveLowerBoundNodeSuccesses=0
%%%mzn-stat: lpSafeObjectiveLowerBoundNodeDeclines=0
%%%mzn-stat: lpSafeObjectiveLowerBoundStandaloneAttempts=0
%%%mzn-stat: lpSafeObjectiveLowerBoundStandaloneSuccesses=0
%%%mzn-stat: lpSafeObjectiveLowerBoundStandaloneDeclines=0
%%%mzn-stat: lpSafeObjectiveLowerBoundComponentAttempts=0
%%%mzn-stat: lpSafeObjectiveLowerBoundComponentSuccesses=0
%%%mzn-stat: lpSafeObjectiveLowerBoundComponentDeclines=0
%%%mzn-stat: lpSafeObjectiveLowerBoundRootAttempts=0
%%%mzn-stat: lpSafeObjectiveLowerBoundRootSuccesses=0
%%%mzn-stat: lpSafeObjectiveLowerBoundRootDeclines=0
%%%mzn-stat: lpExactBasisFeasibleAttempts=0
%%%mzn-stat: lpExactBasisFeasibleSuccesses=0
%%%mzn-stat: lpExactBasisFeasibleDeclines=0
%%%mzn-stat: lpExactBasisFeasibleNodeAttempts=0
%%%mzn-stat: lpExactBasisFeasibleNodeSuccesses=0
%%%mzn-stat: lpExactBasisFeasibleNodeDeclines=0
%%%mzn-stat: lpExactBasisFeasibleStandaloneAttempts=0
%%%mzn-stat: lpExactBasisFeasibleStandaloneSuccesses=0
%%%mzn-stat: lpExactBasisFeasibleStandaloneDeclines=0
%%%mzn-stat: lpExactBasisFeasibleComponentAttempts=0
%%%mzn-stat: lpExactBasisFeasibleComponentSuccesses=0
%%%mzn-stat: lpExactBasisFeasibleComponentDeclines=0
%%%mzn-stat: lpExactBasisFeasibleRootAttempts=0
%%%mzn-stat: lpExactBasisFeasibleRootSuccesses=0
%%%mzn-stat: lpExactBasisFeasibleRootDeclines=0
%%%mzn-stat: lpExactFarkasRayAttempts=0
%%%mzn-stat: lpExactFarkasRaySuccesses=0
%%%mzn-stat: lpExactFarkasRayDeclines=0
%%%mzn-stat: lpExactFarkasRayNodeAttempts=0
%%%mzn-stat: lpExactFarkasRayNodeSuccesses=0
%%%mzn-stat: lpExactFarkasRayNodeDeclines=0
%%%mzn-stat: lpExactFarkasRayStandaloneAttempts=0
%%%mzn-stat: lpExactFarkasRayStandaloneSuccesses=0
%%%mzn-stat: lpExactFarkasRayStandaloneDeclines=0
%%%mzn-stat: lpExactFarkasRayComponentAttempts=0
%%%mzn-stat: lpExactFarkasRayComponentSuccesses=0
%%%mzn-stat: lpExactFarkasRayComponentDeclines=0
%%%mzn-stat: lpExactFarkasRayRootAttempts=0
%%%mzn-stat: lpExactFarkasRayRootSuccesses=0
%%%mzn-stat: lpExactFarkasRayRootDeclines=0
%%%mzn-stat: lpExactPointFeasibleAttempts=0
%%%mzn-stat: lpExactPointFeasibleSuccesses=0
%%%mzn-stat: lpExactPointFeasibleDeclines=0
%%%mzn-stat: lpExactPointFeasibleNodeAttempts=0
%%%mzn-stat: lpExactPointFeasibleNodeSuccesses=0
%%%mzn-stat: lpExactPointFeasibleNodeDeclines=0
%%%mzn-stat: lpExactPointFeasibleStandaloneAttempts=0
%%%mzn-stat: lpExactPointFeasibleStandaloneSuccesses=0
%%%mzn-stat: lpExactPointFeasibleStandaloneDeclines=0
%%%mzn-stat: lpExactPointFeasibleComponentAttempts=0
%%%mzn-stat: lpExactPointFeasibleComponentSuccesses=0
%%%mzn-stat: lpExactPointFeasibleComponentDeclines=0
%%%mzn-stat: lpExactPointFeasibleRootAttempts=0
%%%mzn-stat: lpExactPointFeasibleRootSuccesses=0
%%%mzn-stat: lpExactPointFeasibleRootDeclines=0
%%%mzn-stat: lpRationalOutcomeAttempts=0
%%%mzn-stat: lpRationalOutcomeSuccesses=0
%%%mzn-stat: lpRationalOutcomeDeclines=0
%%%mzn-stat: lpRationalOutcomeNodeAttempts=0
%%%mzn-stat: lpRationalOutcomeNodeSuccesses=0
%%%mzn-stat: lpRationalOutcomeNodeDeclines=0
%%%mzn-stat: lpRationalOutcomeStandaloneAttempts=0
%%%mzn-stat: lpRationalOutcomeStandaloneSuccesses=0
%%%mzn-stat: lpRationalOutcomeStandaloneDeclines=0
%%%mzn-stat: lpRationalOutcomeComponentAttempts=0
%%%mzn-stat: lpRationalOutcomeComponentSuccesses=0
%%%mzn-stat: lpRationalOutcomeComponentDeclines=0
%%%mzn-stat: lpRationalOutcomeRootAttempts=0
%%%mzn-stat: lpRationalOutcomeRootSuccesses=0
%%%mzn-stat: lpRationalOutcomeRootDeclines=0
%%%mzn-stat: lpBackjumps=0
%%%mzn-stat: lpLagrangianPruned=0
%%%mzn-stat: lpEnergeticPruned=0
%%%mzn-stat: lpMs=0
%%%mzn-stat-end
