o 428235.478919670002
%%%klause-arm: label=backtrack#0 objective=428235478919670002 time=519
o 428081.188924565928
%%%klause-arm: label=backtrack#0 objective=428081188924565928 time=741
o 427895.818919405358
%%%klause-arm: label=backtrack#0 objective=427895818919405358 time=1166
o 427639.408919140713
%%%klause-arm: label=backtrack#0 objective=427639408919140713 time=1222
o 427154.338918611424
%%%klause-arm: label=backtrack#0 objective=427154338918611424 time=1282
o 427119.58891971411
%%%klause-arm: label=backtrack#0 objective=427119588919714110 time=1330
o 427077.838918551819
%%%klause-arm: label=backtrack#0 objective=427077838918551819 time=1373
o 426919.588918969052
%%%klause-arm: label=backtrack#0 objective=426919588918969052 time=1413
o 426761.338919386285
%%%klause-arm: label=backtrack#0 objective=426761338919386285 time=1453
o 426603.088919803518
%%%klause-arm: label=backtrack#0 objective=426603088919803518 time=1490
o 426444.838920220751
%%%klause-arm: label=backtrack#0 objective=426444838920220751 time=1539
o 426369.088920936007
%%%klause-arm: label=backtrack#0 objective=426369088920936007 time=1617
o 426286.798921152968
%%%klause-arm: label=backtrack#0 objective=426286798921152968 time=1668
o 426279.648921191711
%%%klause-arm: label=backtrack#0 objective=426279648921191711 time=1716
o 426270.158921331186
%%%klause-arm: label=backtrack#0 objective=426270158921331186 time=1777
o 426252.088921904583
%%%klause-arm: label=backtrack#0 objective=426252088921904583 time=1830
o 426222.058921873589
%%%klause-arm: label=backtrack#0 objective=426222058921873589 time=1868
o 426165.2489218116
%%%klause-arm: label=backtrack#0 objective=426165248921811600 time=1908
o 426157.948921918888
%%%klause-arm: label=backtrack#0 objective=426157948921918888 time=1943
o 426147.648921906967
%%%klause-arm: label=backtrack#0 objective=426147648921906967 time=1981
o 426124.548921883125
%%%klause-arm: label=backtrack#0 objective=426124548921883125 time=2010
o 425573.838923335094
%%%klause-arm: label=backtrack#0 objective=425573838923335094 time=2040
o 425023.128924787063
%%%klause-arm: label=backtrack#0 objective=425023128924787063 time=2073
o 424472.418926239032
%%%klause-arm: label=backtrack#0 objective=424472418926239032 time=2103
o 423921.708927691001
%%%klause-arm: label=backtrack#0 objective=423921708927691001 time=2133
o 423370.99892914297
%%%klause-arm: label=backtrack#0 objective=423370998929142970 time=2160
o 422820.288930594939
%%%klause-arm: label=backtrack#0 objective=422820288930594939 time=2193
o 422269.578932046908
%%%klause-arm: label=backtrack#0 objective=422269578932046908 time=2235
o 422225.878931999224
%%%klause-arm: label=backtrack#0 objective=422225878931999224 time=2310
o 422178.028932258504
%%%klause-arm: label=backtrack#0 objective=422178028932258504 time=2370
o 422088.418932154792
%%%klause-arm: label=backtrack#0 objective=422088418932154792 time=2420
o 421455.418933823722
%%%klause-arm: label=backtrack#0 objective=421455418933823722 time=2454
o 420822.418935492652
%%%klause-arm: label=backtrack#0 objective=420822418935492652 time=2512
o 420189.418937161582
%%%klause-arm: label=backtrack#0 objective=420189418937161582 time=2557
o 419556.418938830512
%%%klause-arm: label=backtrack#0 objective=419556418938830512 time=2593
o 418923.418940499442
%%%klause-arm: label=backtrack#0 objective=418923418940499442 time=2630
o 418802.488944336789
%%%klause-arm: label=backtrack#0 objective=418802488944336789 time=2664
o 418601.518944129365
%%%klause-arm: label=backtrack#0 objective=418601518944129365 time=2695
s SATISFIABLE
v x367=0 x368=1 x369=0 x370=0 x371=0 x372=0 x373=0 x374=0 x375=0 x376=0 x377=0 x378=0 x379=0 x380=0 x381=0 x382=0 x383=0 x384=1 x385=0 x386=0 x387=0 x388=0 x389=0 x390=0 x391=0 x392=0 x393=0 x394=0 x395=0 x396=0 x397=0 x398=0 x399=0 x400=0 x401=0 x402=0 x403=0 x404=0 x405=0 x406=0 x407=0 x408=0 x409=1 x410=0 x411=8 x412=1 x413=0 x414=0 x415=0 x416=0 x417=1 x418=1 x419=0 x420=34 x421=0 x422=0 x423=1 x424=0 x425=1 x426=0 x427=0 x428=0 x429=0 x430=1 x431=1 x432=1 x433=0 x434=1 x435=1 x436=0 x437=0 x438=0 x439=0 x440=1 x441=1 x442=1 x443=0 x444=0 x445=0 x446=1 x447=2 x448=0 x449=1 x450=0 x451=1 x452=1 x453=0 x454=1 x455=1 x456=0 x457=0 x458=1 x459=1 x460=1 x461=1 x462=0 x463=1 x464=1 x465=0 x466=0 x467=1 x468=0 x469=0 x470=0 x471=1 x472=1 x473=1 x474=0 x475=1 x476=0 x477=0 x478=1 x479=1 x480=1 x481=0 x482=0 x483=1 x484=1 x485=1 x486=0 x487=0 x488=0 x489=0 x490=1 x491=0 x492=0 x493=1 x494=1 x495=0 x496=1 x497=1 x498=1 x499=0 x500=0 x501=1 x502=1 x503=0 x504=1 x505=1 x506=1 x507=1 x508=0 x509=0 x510=1 x511=1 x512=0 x513=1 x514=0 x515=1 x516=1 x517=0 x518=1 x519=0 x520=1 x521=0 x522=1 x523=1 x524=0 x525=0 x526=1 x527=0 x528=0 x529=1 x530=0 x531=0 x532=0 x533=0 x534=1 x535=1 x536=0 x537=1 x538=1 x539=1 x540=1 x541=0 x542=1 x543=1 x544=1 x545=0 x546=9 x547=1 x548=1 x549=1 x550=0 x551=0 x552=0 x553=1 x554=0 x555=2 x556=0 x557=0 x558=0 x559=1 x560=0 x561=0 x562=1 x563=1 x564=0 x565=1 x566=0 x567=0 x568=0 x569=0 x570=1 x571=1 x572=1 x573=1 x574=1 x575=0 x576=1 x577=1 x578=0 x579=0 x580=1 x581=0 x582=7 x583=1 x584=0 x585=0 x586=0 x587=0 x588=0 x589=0 x590=0 x591=0 x592=0 x593=1 x594=0 x595=0 x596=1 x597=1 x598=0 x599=0 x600=1 x601=1 x602=0 x603=1 x604=1 x605=0 x606=1 x607=1 x608=0 x609=0 x610=1 x611=1 x612=1 x613=0 x614=0 x615=0 x616=0 x617=0 x618=9 x619=0 x620=1 x621=0 x622=0 x623=0 x624=1 x625=1 x626=1 x627=0 x628=0 x629=0 x630=1 x631=0 x632=1 x633=0 x634=1 x635=1 x636=1 x637=1 x638=1 x639=1 x640=0 x641=1 x642=1 x643=1 x644=0 x645=0 x646=0 x647=1 x648=0 x649=1 x650=0 x651=1 x652=0 x653=1 x654=1 x655=1 x656=0 x657=0 x658=0 x659=1 x660=0 x661=1 x662=1 x663=0 x664=0 x665=1 x666=1 x667=0 x668=0 x669=1 x670=0 x671=0 x672=0 x673=0 x674=1 x675=0 x676=1 x677=1 x678=1 x679=1 x680=0 x681=4 x682=1 x683=0 x684=1 x685=0 x686=1 x687=1 x688=0 x689=0 x690=0 x691=0 x692=0 x693=1 x694=0 x695=0 x696=0 x697=0 x698=1 x699=9 x700=1 x701=0 x702=1 x703=1 x704=1 x705=1 x706=1 x707=0 x708=13 x709=0 x710=1 x711=1 x712=0 x713=0 x714=1 x715=0 x716=1 x717=3 x718=1 x719=0 x720=0 x721=1 x722=0 x723=1 x724=1 x725=0 x726=4 x727=0 x728=1 x729=0 x730=1 x731=1 x732=1 x733=0 x734=0 x735=13 x736=1 x737=1 x738=0 x739=0 x740=1 x741=0 x742=0 x743=1 x744=0 x745=1 x746=1 x747=1 x748=0 x749=0 x750=0 x751=1 x752=0 x753=0 x754=0 x755=1 x756=0 x757=0 x758=1 x759=0 x760=1 x761=0 x762=49 x763=1 x764=1 x765=0 x766=0 x767=0 x768=0 x769=1 x770=1 x771=0 x772=1 x773=1 x774=1 x775=1 x776=1 x777=0 x778=1 x779=1 x780=16 x781=0 x782=0 x783=0 x784=0 x785=0 x786=0 x787=1 x788=1 x789=0 x790=0 x791=0 x792=1 x793=1 x794=0 x795=1 x796=1 x797=0 x798=160 x799=0 x800=1 x801=0 x802=0 x803=0 x804=0 x805=1 x806=1 x807=2 x808=1 x809=0 x810=1 x811=0 x812=1 x813=0 x814=0 x815=0 x816=0 x817=1 x818=1 x819=0 x820=0 x821=0 x822=1 x823=0 x824=0 x825=1 x826=1 x827=0 x828=0 x829=0 x830=1 x831=1 x832=1 x833=1 x834=18 x835=1 x836=0 x837=0 x838=1 x839=0 x840=1 x841=1 x842=0 x843=32 x844=1 x845=1 x846=1 x847=1 x848=0 x849=0 x850=0 x851=1 x852=4 x853=0 x854=1 x855=0 x856=1 x857=0 x858=0 x859=1 x860=0 x861=1 x862=1 x863=0 x864=0 x865=0 x866=0 x867=1 x868=0 x869=1 x870=3 x871=1 x872=1 x873=1 x874=0 x875=0 x876=1 x877=0 x878=0 x879=4 x880=1 x881=1 x882=1 x883=0 x884=0 x885=0 x886=0 x887=0 x888=0 x889=1 x890=0 x891=1 x892=1 x893=1 x894=1 x895=1 x896=0 x897=0 x898=0 x899=0 x900=1 x901=0 x902=0 x903=1 x904=1 x905=1 x906=11 x907=1 x908=0 x909=1 x910=0 x911=0 x912=0 x913=0 x914=0 x915=3 x916=0 x917=0 x918=0 x919=1 x920=0 x921=0 x922=0 x923=1 x924=0 x925=1 x926=1 x927=0 x928=0 x929=0 x930=0 x931=0 x932=1 x933=0 x934=1 x935=1 x936=0 x937=1 x938=0 x939=1 x940=1 x941=0 x942=0 x943=0 x944=0 x945=1 x946=1 x947=1 x948=0 x949=0 x950=0 x951=0 x952=0 x953=0 x954=0 x955=1 x956=0 x957=1 x958=0 x959=0 x960=1 x961=0 x962=0 x963=1 x964=0 x965=0 x966=1 x967=1 x968=0 x969=0 x970=1 x971=1 x972=1 x973=1 x974=1 x975=1 x976=1 x977=1 x978=1 x979=1 x980=0 x981=1 x982=0 x983=0 x984=0 x985=0 x986=0 x987=0 x988=0 x989=0 x990=1 x991=1 x992=0 x993=0 x994=1 x995=1 x996=2 x997=0 x998=0 x999=0 x1000=1 x1001=1 x1002=1 x1003=1 x1004=0 x1005=0 x1006=0 x1007=1 x1008=0 x1009=1 x1010=1 x1011=1 x1012=1 x1013=0 x1014=0 x1015=0 x1016=1 x1017=1 x1018=0 x1019=1 x1020=1 x1021=0 x1022=0 x1023=1 x1024=1 x1025=0 x1026=1 x1027=0 x1028=0 x1029=0 x1030=1 x1031=1 x1032=0 x1033=1 x1034=1 x1035=0 x1036=0 x1037=1 x1038=1 x1039=0 x1040=1 x1041=1 x1042=1 x1043=1 x1044=1 x1045=1 x1046=1 x1047=0 x1048=1 x1049=1 x1050=0 x1051=1 x1052=1 x1053=1 x1054=0 x1055=1 x1056=0 x1057=0 x1058=0 x1059=4 x1060=1 x1061=0 x1062=1 x1063=1 x1064=1 x1065=0 x1066=0 x1067=1 x1068=0 x1069=1 x1070=0 x1071=1 x1072=1 x1073=1 x1074=1 x1075=0 x1076=1 x1077=0 x1078=1 x1079=0 x1080=0 x1081=0 x1082=0 x1083=1 x1084=0 x1085=1 x1086=0 x1087=1 x1088=1 x1089=1 x1090=1 x1091=0 x1092=0 x1093=1 x1094=1 x1095=2 x1096=1 x1097=1 x1098=0 x1099=1 x1100=0 x1101=1 x1102=0 x1103=1 x1104=1 x1105=1 x1106=1 x1107=0 x1108=0 x1109=0 x1110=0 x1111=0 x1112=1 x1113=3 x1114=0 x1115=1 x1116=0 x1117=0 x1118=0 x1119=1 x1120=0 x1121=0 x1122=2 x1123=1 x1124=1 x1125=1 x1126=0 x1127=0 x1128=0 x1129=0 x1130=0 x1131=2 x1132=0 x1133=0 x1134=1 x1135=1 x1136=0 x1137=0 x1138=0 x1139=1 x1140=0 x1141=0 x1142=1 x1143=0 x1144=0 x1145=1 x1146=1 x1147=1 x1148=0 x1149=0 x1150=0 x1151=1 x1152=0 x1153=0 x1154=0 x1155=0 x1156=1 x1157=0 x1158=0 x1159=1 x1160=1 x1161=0 x1162=0 x1163=0 x1164=1 x1165=1 x1166=1 x1167=1 x1168=0 x1169=0 x1170=0 x1171=1 x1172=1 x1173=0 x1174=1 x1175=0 x1176=0 x1177=0 x1178=1 x1179=1 x1180=0 x1181=1 x1182=1 x1183=1 x1184=0 x1185=1 x1186=1 x1187=1 x1188=1 x1189=0 x1190=1 x1191=0 x1192=0 x1193=1 x1194=9 x1195=1 x1196=0 x1197=1 x1198=0 x1199=1 x1200=0 x1201=0 x1202=0 x1203=0 x1204=0 x1205=1 x1206=0 x1207=1 x1208=1 x1209=0 x1210=0 x1211=0 x1212=9 x1213=0 x1214=1 x1215=0 x1216=0 x1217=1 x1218=0 x1219=1 x1220=0 x1221=2 x1222=0 x1223=1 x1224=0 x1225=1 x1226=1 x1227=0 x1228=0 x1229=1 x1230=0 x1231=1 x1232=0 x1233=0 x1234=0 x1235=0 x1236=0 x1237=0 x1238=1 x1239=0 x1240=0 x1241=1 x1242=1 x1243=1 x1244=1 x1245=1 x1246=1 x1247=0 x1248=0 x1249=0 x1250=1 x1251=0 x1252=0 x1253=1 x1254=1 x1255=1 x1256=1 x1257=5 x1258=1 x1259=0 x1260=1 x1261=0 x1262=1 x1263=0 x1264=1 x1265=1 x1266=0 x1267=1 x1268=1 x1269=0 x1270=0 x1271=1 x1272=1 x1273=0 x1274=1 x1275=1 x1276=0 x1277=0 x1278=1 x1279=1 x1280=0 x1281=0 x1282=0 x1283=0 x1284=1 x1285=0 x1286=1 x1287=1 x1288=1 x1289=1 x1290=0 x1291=1 x1292=0 x1293=3 x1294=0 x1295=0 x1296=0 x1297=1 x1298=1 x1299=1 x1300=0 x1301=1 x1302=1 x1303=0 x1304=1 x1305=1 x1306=0 x1307=0 x1308=1 x1309=1 x1310=0 x1311=4 x1312=1 x1313=0 x1314=0 x1315=1 x1316=1 x1317=1 x1318=1 x1319=0 x1320=2 x1321=1 x1322=0 x1323=0 x1324=0 x1325=0 x1326=1 x1327=0 x1328=1 x1329=1 x1330=1 x1331=0 x1332=0 x1333=1 x1334=1 x1335=1 x1336=0 x1337=1 x1338=0 x1339=0 x1340=1 x1341=1 x1342=1 x1343=1 x1344=0 x1345=0 x1346=1 x1347=0 x1348=1 x1349=1 x1350=0 x1351=1 x1352=0 x1353=1 x1354=1 x1355=0 x1356=0 x1357=1 x1358=1 x1359=1 x1360=1 x1361=0 x1362=1 x1363=0 x1364=0 x1365=0 x1366=0 x1367=1 x1368=0 x1369=0 x1370=0 x1371=0 x1372=1 x1373=1 x1374=0 x1375=1 x1376=1 x1377=1 x1378=0 x1379=1 x1380=0 x1381=0 x1382=1 x1383=0 x1384=1 x1385=0 x1386=0 x1387=1 x1388=0 x1389=1 x1390=1 x1391=1 x1392=44 x1393=0 x1394=0 x1395=1 x1396=1 x1397=0 x1398=0 x1399=0 x1400=1 x1401=1 x1402=0 x1403=1 x1404=0 x1405=0 x1406=1 x1407=0 x1408=0 x1409=0 x1410=4 x1411=0 x1412=1 x1413=1 x1414=1 x1415=0 x1416=1 x1417=1 x1418=0 x1419=1 x1420=1 x1421=0 x1422=1 x1423=0 x1424=0 x1425=0 x1426=1 x1427=0 x1428=1 x1429=1 x1430=0 x1431=0 x1432=1 x1433=0 x1434=1 x1435=1 x1436=1 x1437=0 x1438=0 x1439=0 x1440=0 x1441=0 x1442=1 x1443=1 x1444=0 x1445=1 x1446=0 x1447=1 x1448=0 x1449=1 x1450=1 x1451=0 x1452=1 x1453=1 x1454=1 x1455=1 x1456=1 x1457=1 x1458=0 x1459=1 x1460=0 x1461=0 x1462=0 x1463=1 x1464=8 x1465=1 x1466=0 x1467=0 x1468=0 x1469=0 x1470=0 x1471=0 x1472=0 x1473=5 x1474=0 x1475=1 x1476=1 x1477=1 x1478=1 x1479=0 x1480=0 x1481=0 x1482=1 x1483=0 x1484=0 x1485=1 x1486=0 x1487=0 x1488=1 x1489=1 x1490=0 x1491=1 x1492=1 x1493=1 x1494=0 x1495=1 x1496=0 x1497=0 x1498=0 x1499=1 x1500=1 x1501=1 x1502=0 x1503=0 x1504=1 x1505=1 x1506=1 x1507=0 x1508=0 x1509=0 x1510=1 x1511=0 x1512=1 x1513=1 x1514=0 x1515=0 x1516=0 x1517=0 x1518=3 x1519=1 x1520=1 x1521=0 x1522=0 x1523=1 x1524=0 x1525=0 x1526=0 x1527=139 x1528=0 x1529=0 x1530=0 x1531=1 x1532=0 x1533=0 x1534=0 x1535=0 x1536=1 x1537=1 x1538=1 x1539=1 x1540=1 x1541=0 x1542=1 x1543=1 x1544=0 x1545=1 x1546=0 x1547=0 x1548=1 x1549=0 x1550=0 x1551=0 x1552=0 x1553=1 x1554=0 x1555=1 x1556=0 x1557=1 x1558=1 x1559=0 x1560=1 x1561=1 x1562=0 x1563=0 x1564=1 x1565=0 x1566=1 x1567=0 x1568=0 x1569=0 x1570=0 x1571=0 x1572=0 x1573=0 x1574=0 x1575=0 x1576=0 x1577=0 x1578=1 x1579=0 x1580=1 x1581=0 x1582=0 x1583=0 x1584=1 x1585=1 x1586=1 x1587=1 x1588=1 x1589=1 x1590=5 x1591=0 x1592=0 x1593=1 x1594=1 x1595=0 x1596=1 x1597=0 x1598=1 x1599=1 x1600=1 x1601=0 x1602=0 x1603=1 x1604=0 x1605=0 x1606=0 x1607=1 x1608=0 x1609=0 x1610=0 x1611=1 x1612=1 x1613=1 x1614=1 x1615=1 x1616=0 x1617=0 x1618=0 x1619=0 x1620=1 x1621=1 x1622=1 x1623=1 x1624=1 x1625=0 x1626=1 x1627=0 x1628=1 x1629=0 x1630=0 x1631=0 x1632=0 x1633=0 x1634=1 x1635=1 x1636=1 x1637=1 x1638=0 x1639=1 x1640=1 x1641=1 x1642=0 x1643=0 x1644=1 x1645=0 x1646=0 x1647=1 x1648=0 x1649=1 x1650=1 x1651=1 x1652=1 x1653=0 x1654=1 x1655=0 x1656=1 x1657=1 x1658=1 x1659=1 x1660=0 x1661=0 x1662=29 x1663=0 x1664=0 x1665=1 x1666=1 x1667=1 x1668=1 x1669=1 x1670=0 x1671=0 x1672=1 x1673=0 x1674=1 x1675=1 x1676=0 x1677=0 x1678=1 x1679=1 x1680=0 x1681=1 x1682=0 x1683=1 x1684=1 x1685=1 x1686=0 x1687=0 x1688=0 x1689=3 x1690=0 x1691=1 x1692=1 x1693=0 x1694=0 x1695=0 x1696=0 x1697=0 x1698=28 x1699=0 x1700=0 x1701=1 x1702=1 x1703=0 x1704=1 x1705=0 x1706=0 x1707=50 x1708=0 x1709=0 x1710=1 x1711=0 x1712=1 x1713=1 x1714=1 x1715=1 x1716=0 x1717=0 x1718=0 x1719=0 x1720=1 x1721=1 x1722=1 x1723=0 x1724=1 x1725=2 x1726=1 x1727=1 x1728=1 x1729=0 x1730=0 x1731=0 x1732=1 x1733=1 x1734=0 x1735=1 x1736=1 x1737=1 x1738=1 x1739=0 x1740=0 x1741=1 x1742=0 x1743=0 x1744=1 x1745=0 x1746=1 x1747=1 x1748=0 x1749=1 x1750=1 x1751=1 x1752=0 x1753=0 x1754=0 x1755=1 x1756=1 x1757=1 x1758=1 x1759=1 x1760=1 x1761=1 x1762=0 x1763=0 x1764=0 x1765=0 x1766=1 x1767=0 x1768=0 x1769=0 x1770=0 x1771=0 x1772=1 x1773=1 x1774=0 x1775=1 x1776=1 x1777=0 x1778=1 x1779=18 x1780=0 x1781=1 x1782=1 x1783=0 x1784=0 x1785=0 x1786=1 x1787=1 x1788=2 x1789=1 x1790=0 x1791=0 x1792=0 x1793=1 x1794=1 x1795=1 x1796=1 x1797=0 x1798=0 x1799=1 x1800=0 x1801=0 x1802=1 x1803=1 x1804=1 x1805=1 x1806=1 x1807=0 x1808=1 x1809=0 x1810=0 x1811=1 x1812=1 x1813=1 x1814=0 x1815=0 x1816=1 x1817=0 x1818=1 x1819=0 x1820=1 x1821=1 x1822=0 x1823=0 x1824=8 x1825=0 x1826=1 x1827=1 x1828=0 x1829=0 x1830=1 x1831=1 x1832=1 x1833=0 x1834=1 x1835=0 x1836=1 x1837=0 x1838=0 x1839=0 x1840=1 x1841=1 x1842=0 x1843=0 x1844=0 x1845=0 x1846=1 x1847=0 x1848=0 x1849=1 x1850=1 x1851=11 x1852=0 x1853=1 x1854=0 x1855=1 x1856=1 x1857=0 x1858=0 x1859=1 x1860=1 x1861=1 x1862=0 x1863=1 x1864=0 x1865=1 x1866=1 x1867=1 x1868=0 x1869=11 x1870=1 x1871=0 x1872=1 x1873=0 x1874=1 x1875=0 x1876=1 x1877=0 x1878=1 x1879=1 x1880=0 x1881=1 x1882=1 x1883=0 x1884=1 x1885=1 x1886=0 x1887=0 x1888=0 x1889=0 x1890=0 x1891=1 x1892=0 x1893=1 x1894=0 x1895=0 x1896=2 x1897=0 x1898=1 x1899=0 x1900=0 x1901=0 x1902=1 x1903=1 x1904=0 x1905=0 x1906=1 x1907=0 x1908=0 x1909=1 x1910=1 x1911=1 x1912=1 x1913=0 x1914=0 x1915=1 x1916=1 x1917=0 x1918=0 x1919=0 x1920=0 x1921=0 x1922=1 x1923=0 x1924=1 x1925=0 x1926=1 x1927=0 x1928=1 x1929=1 x1930=1 x1931=1 x1932=0 x1933=1 x1934=0 x1935=1 x1936=0 x1937=1 x1938=1 x1939=1 x1940=0 x1941=1 x1942=0 x1943=1 x1944=0 x1945=0 x1946=0 x1947=0 x1948=0 x1949=1 x1950=3 x1951=0 x1952=0 x1953=1 x1954=1 x1955=1 x1956=1 x1957=1 x1958=0 x1959=0 x1960=0 x1961=1 x1962=0 x1963=0 x1964=0 x1965=1 x1966=0 x1967=1 x1968=4 x1969=0 x1970=0 x1971=1 x1972=1 x1973=1 x1974=0 x1975=1 x1976=0 x1977=24 x1978=0 x1979=1 x1980=1 x1981=0 x1982=1 x1983=0 x1984=1 x1985=1 x1986=1 x1987=1 x1988=1 x1989=0 x1990=1 x1991=1 x1992=1 x1993=1 x1994=1 x1995=27 x1996=1 x1997=0 x1998=1 x1999=0 x2000=0 x2001=0 x2002=0 x2003=0 x2004=1 x2005=0 x2006=1 x2007=1 x2008=1 x2009=1 x2010=0 x2011=0 x2012=1 x2013=1 x1=12.0 x2=216.0 x3=0.0 x39=41.0 x102=83.0 x106=554.0 x142=390.0 x154=51.0 x184=0.0 x185=0.0 x186=0.0 x222=0.0 x285=0.0 x289=0.0 x325=0.0 x337=0.0 x4=0.0 x5=0.0 x6=428.0 x71=0.0 x87=0.0 x108=0.0 x136=0.0 x150=17.0 x167=0.0 x187=0.0 x188=445.0 x189=0.0 x254=0.0 x270=0.0 x291=0.0 x319=0.0 x333=0.0 x350=0.0 x7=59.5 x8=0.0 x9=0.0 x113=18.0 x130=97.0 x190=12.5 x191=162.0 x192=0.0 x296=0.0 x313=0.0 x57=48.0 x111=0.0 x124=0.0 x144=52.0 x240=0.0 x294=0.0 x307=55.0 x327=0.0 x61=192.0 x67=91.0 x112=0.0 x158=51.0 x244=486.0 x250=0.0 x295=252.0 x341=0.0 x40=263.0 x120=0.0 x137=0.0 x151=0.0 x164=0.0 x174=307.0 x177=0.0 x223=0.0 x303=0.0 x320=0.0 x334=0.0 x347=213.0 x357=0.0 x360=0.0 x10=0.0 x11=89.0 x12=0.0 x45=0.0 x49=54.0 x59=0.0 x73=0.0 x138=0.0 x148=109.0 x193=0.0 x194=0.0 x195=0.0 x228=0.0 x232=0.0 x242=0.0 x256=0.0 x321=0.0 x331=0.0 x13=0.0 x14=0.0 x15=0.0 x53=13.0 x147=0.0 x152=0.0 x166=0.0 x170=0.0 x183=0.0 x196=0.0 x197=0.0 x198=0.0 x236=0.0 x330=0.0 x335=0.0 x349=0.0 x353=0.0 x366=0.0 x16=0.0 x17=0.0 x18=0.0 x199=0.0 x200=0.0 x201=0.0 x65=0.0 x69=0.0 x131=0.0 x143=0.0 x248=0.0 x252=0.0 x314=0.0 x326=0.0 x107=89.0 x119=0.0 x172=0.0 x290=0.0 x302=0.0 x355=0.0 x41=0.0 x85=0.0 x103=0.0 x153=0.0 x168=0.0 x224=0.0 x268=0.0 x286=0.0 x336=0.0 x351=0.0 x19=0.0 x20=0.0 x21=96.0 x22=0.0 x42=116.0 x118=0.0 x155=15.0 x173=0.0 x181=0.0 x202=227.0 x203=0.0 x204=0.0 x205=0.0 x225=0.0 x301=0.0 x338=0.0 x356=0.0 x364=0.0 x23=0.0 x24=0.0 x25=0.0 x75=0.0 x91=0.0 x95=0.0 x99=0.0 x129=0.0 x157=0.0 x206=0.0 x207=0.0 x208=0.0 x258=0.0 x274=0.0 x278=0.0 x282=0.0 x312=0.0 x340=0.0 x26=0.0 x27=0.0 x83=0.0 x100=0.0 x128=0.0 x133=0.0 x171=0.0 x209=0.0 x210=0.0 x266=0.0 x283=0.0 x311=0.0 x316=0.0 x354=0.0 x28=0.0 x51=0.0 x115=0.0 x169=0.0 x211=0.0 x234=0.0 x298=0.0 x352=0.0 x89=0.0 x125=0.0 x140=0.0 x272=0.0 x308=0.0 x323=0.0 x29=0.0 x30=0.0 x31=0.0 x32=89.0 x43=0.0 x77=0.0 x81=0.0 x97=0.0 x175=0.0 x182=0.0 x212=0.0 x213=0.0 x214=0.0 x215=0.0 x226=0.0 x260=0.0 x264=0.0 x280=0.0 x358=0.0 x365=0.0 x33=0.0 x34=0.0 x35=0.0 x47=0.0 x63=0.0 x216=0.0 x217=0.0 x218=0.0 x230=0.0 x246=0.0 x36=0.0 x37=0.0 x55=57.0 x93=0.0 x117=0.0 x146=0.0 x219=0.0 x220=0.0 x238=0.0 x276=0.0 x300=0.0 x329=0.0 x38=0.0 x79=0.0 x221=0.0 x262=0.0 x98=0.0 x139=0.0 x281=0.0 x322=0.0 x44=0.0 x160=0.0 x227=0.0 x343=0.0 x46=0.0 x101=0.0 x114=0.0 x135=0.0 x229=0.0 x284=0.0 x297=0.0 x318=0.0 x48=0.0 x156=0.0 x231=0.0 x339=0.0 x50=0.0 x126=0.0 x233=0.0 x309=0.0 x52=0.0 x121=0.0 x161=0.0 x165=0.0 x235=0.0 x304=0.0 x344=0.0 x348=0.0 x54=0.0 x109=0.0 x116=0.0 x141=0.0 x176=0.0 x237=0.0 x292=0.0 x299=0.0 x324=0.0 x359=0.0 x56=0.0 x110=0.0 x132=0.0 x163=0.0 x239=0.0 x293=0.0 x315=0.0 x346=0.0 x58=0.0 x159=0.0 x241=0.0 x342=0.0 x60=0.0 x123=0.0 x162=0.0 x243=0.0 x306=0.0 x345=0.0 x62=0.0 x149=0.0 x245=0.0 x332=0.0 x64=0.0 x104=0.0 x247=0.0 x287=0.0 x66=0.0 x249=0.0 x68=0.0 x134=0.0 x251=0.0 x317=0.0 x70=0.0 x253=0.0 x72=0.0 x127=0.0 x180=0.0 x255=0.0 x310=0.0 x363=0.0 x74=0.0 x122=0.0 x145=0.0 x257=0.0 x305=0.0 x328=0.0 x76=0.0 x105=0.0 x259=0.0 x288=0.0 x78=0.0 x178=0.0 x261=0.0 x361=0.0 x80=0.0 x263=0.0 x82=0.0 x265=0.0 x84=0.0 x267=0.0 x86=0.0 x179=0.0 x269=0.0 x362=0.0 x88=0.0 x271=0.0 x90=0.0 x273=0.0 x92=0.0 x275=0.0 x94=0.0 x277=0.0 x96=0.0 x279=0.0
c solveTime=2.726
c solutions=38
c nodes=73900
c failures=35
c restarts=12
c propagations=0
c learned=0
c relearned=0
c peakDepth=2465
c openBoolDecisions=0
c openIntDecisions=0
c openTheoryDecisions=0
c openTheoryChecks=0
c openWork=0
c openLearned=0
c openRelearned=0
c openRestarts=0
c openReductions=0
c openDropped=0
c openRetained=0
c openPeakRetained=0
c openLearnedWatchVisits=0
c lpSolves=0
c lpPruned=0
c lpInfeasible=0
c lpBoundPruned=0
c lpFixed=0
c lpCuts=0
c lpPivots=0
c lpWorkOps=0
c lpNodePasses=0
c lpStandalonePasses=38
c lpStandalonePivots=2142
c lpStandaloneWorkOps=48463919
c lpStandaloneWarmStartAttempts=0
c lpStandaloneWarmStartHits=0
c lpStandaloneRefactorizations=76
c lpStandaloneRefactorInitial=38
c lpStandaloneRefactorWarmStart=0
c lpStandaloneRefactorSingularRecovery=0
c lpStandaloneRefactorUpdateLimit=0
c lpStandaloneRefactorBackendRequested=38
c lpStandaloneRefactorReconcileRecovery=0
c lpStandaloneRefactorPrimal=0
c lpStandaloneSingularRefactorizations=0
c lpStandaloneSmallPivotBails=0
c lpIntegerCertifyAttempts=38
c lpIntegerCertifySuccesses=0
c lpIntegerCertifyDeclines=38
c lpIntegerCertifySuccessRate=0
c lpIntegerCertifyNodeAttempts=0
c lpIntegerCertifyNodeSuccesses=0
c lpIntegerCertifyNodeDeclines=0
c lpIntegerCertifyStandaloneAttempts=38
c lpIntegerCertifyStandaloneSuccesses=0
c lpIntegerCertifyStandaloneDeclines=38
c lpIntegerCertifyStandaloneSuccessRate=0
c lpIntegerCertifyComponentAttempts=0
c lpIntegerCertifyComponentSuccesses=0
c lpIntegerCertifyComponentDeclines=0
c lpIntegerCertifyRootAttempts=0
c lpIntegerCertifyRootSuccesses=0
c lpIntegerCertifyRootDeclines=0
c lpSafeObjectiveLowerBoundAttempts=0
c lpSafeObjectiveLowerBoundSuccesses=0
c lpSafeObjectiveLowerBoundDeclines=0
c lpSafeObjectiveLowerBoundNodeAttempts=0
c lpSafeObjectiveLowerBoundNodeSuccesses=0
c lpSafeObjectiveLowerBoundNodeDeclines=0
c lpSafeObjectiveLowerBoundStandaloneAttempts=0
c lpSafeObjectiveLowerBoundStandaloneSuccesses=0
c lpSafeObjectiveLowerBoundStandaloneDeclines=0
c lpSafeObjectiveLowerBoundComponentAttempts=0
c lpSafeObjectiveLowerBoundComponentSuccesses=0
c lpSafeObjectiveLowerBoundComponentDeclines=0
c lpSafeObjectiveLowerBoundRootAttempts=0
c lpSafeObjectiveLowerBoundRootSuccesses=0
c lpSafeObjectiveLowerBoundRootDeclines=0
c lpExactBasisFeasibleAttempts=38
c lpExactBasisFeasibleSuccesses=0
c lpExactBasisFeasibleDeclines=38
c lpExactBasisFeasibleSuccessRate=0
c lpExactBasisFeasibleNodeAttempts=0
c lpExactBasisFeasibleNodeSuccesses=0
c lpExactBasisFeasibleNodeDeclines=0
c lpExactBasisFeasibleStandaloneAttempts=38
c lpExactBasisFeasibleStandaloneSuccesses=0
c lpExactBasisFeasibleStandaloneDeclines=38
c lpExactBasisFeasibleStandaloneSuccessRate=0
c lpExactBasisFeasibleComponentAttempts=0
c lpExactBasisFeasibleComponentSuccesses=0
c lpExactBasisFeasibleComponentDeclines=0
c lpExactBasisFeasibleRootAttempts=0
c lpExactBasisFeasibleRootSuccesses=0
c lpExactBasisFeasibleRootDeclines=0
c lpExactFarkasRayAttempts=0
c lpExactFarkasRaySuccesses=0
c lpExactFarkasRayDeclines=0
c lpExactFarkasRayNodeAttempts=0
c lpExactFarkasRayNodeSuccesses=0
c lpExactFarkasRayNodeDeclines=0
c lpExactFarkasRayStandaloneAttempts=0
c lpExactFarkasRayStandaloneSuccesses=0
c lpExactFarkasRayStandaloneDeclines=0
c lpExactFarkasRayComponentAttempts=0
c lpExactFarkasRayComponentSuccesses=0
c lpExactFarkasRayComponentDeclines=0
c lpExactFarkasRayRootAttempts=0
c lpExactFarkasRayRootSuccesses=0
c lpExactFarkasRayRootDeclines=0
c lpExactPointFeasibleAttempts=38
c lpExactPointFeasibleSuccesses=0
c lpExactPointFeasibleDeclines=38
c lpExactPointFeasibleSuccessRate=0
c lpExactPointFeasibleNodeAttempts=0
c lpExactPointFeasibleNodeSuccesses=0
c lpExactPointFeasibleNodeDeclines=0
c lpExactPointFeasibleStandaloneAttempts=38
c lpExactPointFeasibleStandaloneSuccesses=0
c lpExactPointFeasibleStandaloneDeclines=38
c lpExactPointFeasibleStandaloneSuccessRate=0
c lpExactPointFeasibleComponentAttempts=0
c lpExactPointFeasibleComponentSuccesses=0
c lpExactPointFeasibleComponentDeclines=0
c lpExactPointFeasibleRootAttempts=0
c lpExactPointFeasibleRootSuccesses=0
c lpExactPointFeasibleRootDeclines=0
c lpRationalOutcomeAttempts=38
c lpRationalOutcomeSuccesses=38
c lpRationalOutcomeDeclines=0
c lpRationalOutcomeSuccessRate=1
c lpRationalOutcomeNodeAttempts=0
c lpRationalOutcomeNodeSuccesses=0
c lpRationalOutcomeNodeDeclines=0
c lpRationalOutcomeStandaloneAttempts=38
c lpRationalOutcomeStandaloneSuccesses=38
c lpRationalOutcomeStandaloneDeclines=0
c lpRationalOutcomeStandaloneSuccessRate=1
c lpRationalOutcomeComponentAttempts=0
c lpRationalOutcomeComponentSuccesses=0
c lpRationalOutcomeComponentDeclines=0
c lpRationalOutcomeRootAttempts=0
c lpRationalOutcomeRootSuccesses=0
c lpRationalOutcomeRootDeclines=0
c lpExactInputAttempts=38
c lpExactInputRejections=0
c lpBackjumps=0
c lpLagrangianPruned=0
c lpEnergeticPruned=0
c lpMs=0
