o 6
%%%klause-arm: label=backtrack#0 objective=6 time=43
o 7
%%%klause-arm: label=backtrack#0 objective=7 time=51
o 9
%%%klause-arm: label=backtrack#0 objective=9 time=53
o 10
%%%klause-arm: label=backtrack#0 objective=10 time=57
s OPTIMUM FOUND
v <instantiation> <list> a b c </list> <values> 2 2 0 </values> </instantiation>
c solveTime=0.061
c solutions=4
c nodes=21
c failures=6
c restarts=0
c propagations=0
c peakDepth=5
c openBoolDecisions=0
c openIntDecisions=0
c openTheoryDecisions=0
c openTheoryChecks=0
c openWork=0
c openLearned=0
c openRelearned=0
c openRestarts=0
c openReductions=0
c openDropped=0
c openRetained=0
c openPeakRetained=0
c openLearnedWatchVisits=0
