o 0
%%%klause-arm: label=bt/satOptimized objective=0 time=60
o 15144
%%%klause-arm: label=bt/satOptimized objective=15144 time=230
o 22688
%%%klause-arm: label=bt/lp-aggressive objective=22688 time=534
s SATISFIABLE
v <instantiation> <list> x[0] x[1] x[2] x[3] x[4] x[5] x[6] x[7] x[8] x[9] x[10] x[11] x[12] x[13] x[14] x[15] x[16] x[17] x[18] x[19] x[20] x[21] x[22] x[23] x[24] x[25] x[26] x[27] x[28] x[29] x[30] x[31] x[32] x[33] x[34] x[35] x[36] x[37] x[38] x[39] x[40] x[41] x[42] x[43] x[44] x[45] x[46] x[47] x[48] x[49] x[50] x[51] x[52] x[53] x[54] x[55] x[56] x[57] x[58] x[59] x[60] x[61] x[62] x[63] x[64] x[65] x[66] x[67] x[68] x[69] x[70] x[71] x[72] x[73] x[74] x[75] x[76] x[77] x[78] x[79] x[80] x[81] x[82] x[83] x[84] x[85] x[86] x[87] x[88] x[89] x[90] x[91] x[92] x[93] x[94] x[95] x[96] x[97] x[98] x[99] w[0] w[1] w[2] w[3] w[4] z </list> <values> 0 1 1 0 0 0 1 0 1 0 0 0 1 0 0 0 0 1 1 0 0 0 0 1 0 1 0 1 1 1 0 1 0 0 0 0 0 0 0 0 0 0 0 0 0 0 0 0 0 1 0 0 0 0 0 0 1 0 1 0 0 1 1 0 0 1 0 0 1 0 1 0 0 1 0 1 1 0 1 0 0 1 0 0 0 1 1 0 0 0 0 0 1 0 1 0 0 0 0 0 11927 13727 11551 13056 13460 22688 </values> </instantiation>
c solveTime=2.178
c solutions=3
c nodes=3006
c failures=2161
c restarts=5
c propagations=0
c propagationWork=57560779
c rootPropagationWork=13398
c propagationMs=262
c rootPropagationMs=0
c learnedMeanSize=29.3717
c learnedMeanLbd=21.0296
c peakDepth=193
c rootFixed=0
c openBoolDecisions=0
c openIntDecisions=0
c openTheoryDecisions=0
c openTheoryChecks=0
c openWork=0
c openLearned=0
c openRelearned=0
c openRestarts=0
c openReductions=0
c openDropped=0
c openRetained=0
c openPeakRetained=0
c openLearnedWatchVisits=0
c lpSolves=1779
c lpPruned=687
c lpInfeasible=234
c lpBoundPruned=453
c lpPruneRate=0.3862
c lpPivotsPerSolve=7.9764
c lpWorkPerSolve=14318
c lpSeededRate=0.5801
c lpRefactorizationsPerSolve=1.3474
c lpFixed=4178
c lpCuts=0
c lpPivots=14190
c lpWorkOps=25472493
c lpOverheadOps=62219997
c lpNodePasses=1779
c lpWorkOpsPerNode=14318
c lpRootPasses=9
c lpRootPivots=546
c lpRootWorkOps=1226736
c lpRootWarmStartAttempts=0
c lpRootWarmStartHits=0
c lpRootRefactorizations=78
c lpRootRefactorInitial=6
c lpRootRefactorWarmStart=0
c lpRootRefactorSingularRecovery=0
c lpRootRefactorUpdateLimit=63
c lpRootRefactorBackendRequested=6
c lpRootRefactorReconcileRecovery=0
c lpRootRefactorNumericalRecovery=0
c lpRootRefactorPrimal=3
c lpRootSingularRefactorizations=0
c lpRootSmallPivotBails=0
c lpLuMaxFill=1.3696
c lpLuMaxDensity=0.9174
c lpLuMaxDim=11
c lpRefactorInitial=750
c lpRefactorWarmStart=0
c lpRefactorSingularRecovery=0
c lpRefactorUpdateLimit=951
c lpRefactorBackendRequested=696
c lpRefactorReconcileRecovery=0
c lpRefactorNumericalRecovery=0
c lpRefactorPrimal=0
c lpCertified=1329
c lpCertifyDeclinedContinuous=0
c lpCertifyDeclinedNumeric=0
c lpCertifyRate=1
c lpCertifyMaxRows=11
c lpFarkasAttempts=234
c lpFarkasReconstructed=30
c lpFarkasExactBasis=0
c lpFarkasRounded=204
c lpFarkasNone=0
c lpIntegerCertifyAttempts=1332
c lpIntegerCertifySuccesses=1332
c lpIntegerCertifyDeclines=0
c lpIntegerCertifySuccessRate=1
c lpIntegerCertifyNodeAttempts=1329
c lpIntegerCertifyNodeSuccesses=1329
c lpIntegerCertifyNodeDeclines=0
c lpIntegerCertifyNodeSuccessRate=1
c lpIntegerCertifyStandaloneAttempts=0
c lpIntegerCertifyStandaloneSuccesses=0
c lpIntegerCertifyStandaloneDeclines=0
c lpIntegerCertifyComponentAttempts=0
c lpIntegerCertifyComponentSuccesses=0
c lpIntegerCertifyComponentDeclines=0
c lpIntegerCertifyRootAttempts=3
c lpIntegerCertifyRootSuccesses=3
c lpIntegerCertifyRootDeclines=0
c lpIntegerCertifyRootSuccessRate=1
c lpSafeObjectiveLowerBoundAttempts=1332
c lpSafeObjectiveLowerBoundSuccesses=1332
c lpSafeObjectiveLowerBoundDeclines=0
c lpSafeObjectiveLowerBoundSuccessRate=1
c lpSafeObjectiveLowerBoundNodeAttempts=1329
c lpSafeObjectiveLowerBoundNodeSuccesses=1329
c lpSafeObjectiveLowerBoundNodeDeclines=0
c lpSafeObjectiveLowerBoundNodeSuccessRate=1
c lpSafeObjectiveLowerBoundStandaloneAttempts=0
c lpSafeObjectiveLowerBoundStandaloneSuccesses=0
c lpSafeObjectiveLowerBoundStandaloneDeclines=0
c lpSafeObjectiveLowerBoundComponentAttempts=0
c lpSafeObjectiveLowerBoundComponentSuccesses=0
c lpSafeObjectiveLowerBoundComponentDeclines=0
c lpSafeObjectiveLowerBoundRootAttempts=3
c lpSafeObjectiveLowerBoundRootSuccesses=3
c lpSafeObjectiveLowerBoundRootDeclines=0
c lpSafeObjectiveLowerBoundRootSuccessRate=1
c lpExactBasisFeasibleAttempts=0
c lpExactBasisFeasibleSuccesses=0
c lpExactBasisFeasibleDeclines=0
c lpExactBasisFeasibleNodeAttempts=0
c lpExactBasisFeasibleNodeSuccesses=0
c lpExactBasisFeasibleNodeDeclines=0
c lpExactBasisFeasibleStandaloneAttempts=0
c lpExactBasisFeasibleStandaloneSuccesses=0
c lpExactBasisFeasibleStandaloneDeclines=0
c lpExactBasisFeasibleComponentAttempts=0
c lpExactBasisFeasibleComponentSuccesses=0
c lpExactBasisFeasibleComponentDeclines=0
c lpExactBasisFeasibleRootAttempts=0
c lpExactBasisFeasibleRootSuccesses=0
c lpExactBasisFeasibleRootDeclines=0
c lpExactFarkasRayAttempts=234
c lpExactFarkasRaySuccesses=234
c lpExactFarkasRayDeclines=0
c lpExactFarkasRaySuccessRate=1
c lpExactFarkasRayNodeAttempts=234
c lpExactFarkasRayNodeSuccesses=234
c lpExactFarkasRayNodeDeclines=0
c lpExactFarkasRayNodeSuccessRate=1
c lpExactFarkasRayStandaloneAttempts=0
c lpExactFarkasRayStandaloneSuccesses=0
c lpExactFarkasRayStandaloneDeclines=0
c lpExactFarkasRayComponentAttempts=0
c lpExactFarkasRayComponentSuccesses=0
c lpExactFarkasRayComponentDeclines=0
c lpExactFarkasRayRootAttempts=0
c lpExactFarkasRayRootSuccesses=0
c lpExactFarkasRayRootDeclines=0
c lpExactPointFeasibleAttempts=0
c lpExactPointFeasibleSuccesses=0
c lpExactPointFeasibleDeclines=0
c lpExactPointFeasibleNodeAttempts=0
c lpExactPointFeasibleNodeSuccesses=0
c lpExactPointFeasibleNodeDeclines=0
c lpExactPointFeasibleStandaloneAttempts=0
c lpExactPointFeasibleStandaloneSuccesses=0
c lpExactPointFeasibleStandaloneDeclines=0
c lpExactPointFeasibleComponentAttempts=0
c lpExactPointFeasibleComponentSuccesses=0
c lpExactPointFeasibleComponentDeclines=0
c lpExactPointFeasibleRootAttempts=0
c lpExactPointFeasibleRootSuccesses=0
c lpExactPointFeasibleRootDeclines=0
c lpRationalOutcomeAttempts=0
c lpRationalOutcomeSuccesses=0
c lpRationalOutcomeDeclines=0
c lpRationalOutcomeNodeAttempts=0
c lpRationalOutcomeNodeSuccesses=0
c lpRationalOutcomeNodeDeclines=0
c lpRationalOutcomeStandaloneAttempts=0
c lpRationalOutcomeStandaloneSuccesses=0
c lpRationalOutcomeStandaloneDeclines=0
c lpRationalOutcomeComponentAttempts=0
c lpRationalOutcomeComponentSuccesses=0
c lpRationalOutcomeComponentDeclines=0
c lpRationalOutcomeRootAttempts=0
c lpRationalOutcomeRootSuccesses=0
c lpRationalOutcomeRootDeclines=0
c lpWarmStartAttempts=1779
c lpWarmStartHits=1032
c lpWarmStartHitRate=0.5801
c lpRootReducedCostFixes=15
c lpRootMatrixMin=1.0
c lpRootMatrixMax=1169.0
c lpRootRowRatio=1169.0
c lpBackjumps=192
c lpLagrangianPruned=0
c lpEnergeticPruned=0
c lpMs=97
c lpRootBound=-24108
c profile=FiniteCp optimizing=true wide=false scheduling=false
c arm.bt/satOptimized=segments=1 work=2348 ms=254 reward=1 failures=0 faults=0 maxMs=254 initMs=17 FirstSolution=1 shareClauses=us:635,out:0,in:0,dup:0 shareFloor=us:4,out:0,in:0,dup:0 shareBounds=us:418,out:0,in:0,dup:0 shareIncumbents=us:14,out:2,in:0,dup:0
c arm.bt/conflictDriven=segments=2 work=7327 ms=221 reward=0 failures=0 faults=0 maxMs=171 initMs=0 shareClauses=us:1009,out:508,in:1,dup:0 shareFloor=us:1,out:0,in:0,dup:0 shareBounds=us:107,out:0,in:0,dup:0 shareIncumbents=us:0,out:0,in:0,dup:0
c arm.bt/lp-aggressive=segments=5 work=100520 ms=874 reward=0.2 failures=0 faults=0 maxMs=321 initMs=1 Improvement=7544 shareClauses=us:1196,out:2,in:509,dup:2 shareCuts=us:226,out:0,in:0,dup:0 shareFloor=us:4,out:2,in:0,dup:0 shareBounds=us:153,out:0,in:0,dup:0 shareIncumbents=us:7,out:2,in:0,dup:0
c arm.bt/lp-default=segments=3 work=51394 ms=389 reward=0 failures=0 faults=0 maxMs=200 initMs=0 shareClauses=us:773,out:1,in:508,dup:1 shareCuts=us:12,out:0,in:0,dup:0 shareFloor=us:2,out:1,in:0,dup:0 shareBounds=us:87,out:0,in:0,dup:0 shareIncumbents=us:137,out:1,in:0,dup:0
c arm.bt/lp-lbtree=segments=3 work=51394 ms=346 reward=0 failures=0 faults=0 maxMs=244 initMs=0 shareClauses=us:557,out:1,in:509,dup:1 shareCuts=us:8,out:0,in:0,dup:0 shareFloor=us:1,out:1,in:0,dup:0 shareBounds=us:79,out:0,in:0,dup:0 shareIncumbents=us:5,out:1,in:0,dup:0
c arm.bt/linucb=segments=1 work=1715 ms=81 reward=0 failures=0 faults=0 maxMs=81 initMs=0 shareClauses=us:169,out:0,in:0,dup:0 shareFloor=us:0,out:0,in:0,dup:0 shareBounds=us:59,out:0,in:0,dup:0 shareIncumbents=us:1,out:0,in:0,dup:0
