1791579732863 launched c7i.2xlarge instances [i-0db396ca358647f9c, i-0941d7e1c86027815, i-0f4cc377fdbc98ba1, i-088cc5ec19a9d6d98, i-04040170f172b4a0d, i-0784cc9835723b5b2]
1791579742845 waiting for i-0784cc9835723b5b2 to boot failed (try 1 of 45), retrying in 20 s: on 13.48.56.64 (exit 255): ssh: connect to host 13.48.56.64 port 22: Connection refused

1791579742845 waiting for i-04040170f172b4a0d to boot failed (try 1 of 45), retrying in 20 s: on 13.60.228.255 (exit 255): ssh: connect to host 13.60.228.255 port 22: Connection refused

1791579743704 waiting for i-0f4cc377fdbc98ba1 to boot failed (try 1 of 45), retrying in 20 s: on 13.60.43.118 (exit 1): Warning: Permanently added 'klause-lab-eu-north-1-i-0f4cc377fdbc98ba1' (ED25519) to the list of known hosts.

1791579743815 waiting for i-0db396ca358647f9c to boot failed (try 1 of 45), retrying in 20 s: on 13.48.249.52 (exit 1): Warning: Permanently added 'klause-lab-eu-north-1-i-0db396ca358647f9c' (ED25519) to the list of known hosts.

1791579743873 waiting for i-088cc5ec19a9d6d98 to boot failed (try 1 of 45), retrying in 20 s: on 51.21.200.133 (exit 1): Warning: Permanently added 'klause-lab-eu-north-1-i-088cc5ec19a9d6d98' (ED25519) to the list of known hosts.

1791579743970 waiting for i-0941d7e1c86027815 to boot failed (try 1 of 45), retrying in 20 s: on 16.171.27.227 (exit 1): Warning: Permanently added 'klause-lab-eu-north-1-i-0941d7e1c86027815' (ED25519) to the list of known hosts.

1791579763856 waiting for i-04040170f172b4a0d to boot failed (try 2 of 45), retrying in 20 s: on 13.60.228.255 (exit 1): Warning: Permanently added 'klause-lab-eu-north-1-i-04040170f172b4a0d' (ED25519) to the list of known hosts.

1791579763883 waiting for i-0784cc9835723b5b2 to boot failed (try 2 of 45), retrying in 20 s: on 13.48.56.64 (exit 1): Warning: Permanently added 'klause-lab-eu-north-1-i-0784cc9835723b5b2' (ED25519) to the list of known hosts.

1791579764184 i-0f4cc377fdbc98ba1: booted; building 5471419aa
1791579764314 waiting for i-088cc5ec19a9d6d98 to boot failed (try 2 of 45), retrying in 20 s: on 51.21.200.133 (exit 1): 
1791579764427 i-0db396ca358647f9c: booted; building 5471419aa
1791579764560 i-0941d7e1c86027815: booted; building 5471419aa
1791579784268 i-04040170f172b4a0d: booted; building 5471419aa
1791579784412 i-0784cc9835723b5b2: booted; building 5471419aa
1791579784831 i-088cc5ec19a9d6d98: booted; building 5471419aa
1791579931246 i-0db396ca358647f9c: built
1791579932373 i-0f4cc377fdbc98ba1: built
1791579937327 i-0941d7e1c86027815: built
1791579947223 i-04040170f172b4a0d: built
1791579950191 i-088cc5ec19a9d6d98: built
1791579952890 i-0784cc9835723b5b2: built
1791579952890 i-0db396ca358647f9c: planning, which fetches the corpora the selections read
1791579954698 selection 0 ('suite=mzn-bench' 'name=2017/city-position/city-5-05' 'max=1' 'per-family=1', reference=any): 1 selected, 0 left out by the reference filter, 1 planned
1791579955311 selection 1 ('suite=mzn-bench' 'name=2011/fast-food/ff10' 'max=1' 'per-family=1', reference=any): 1 selected, 0 left out by the reference filter, 1 planned
1791579955925 selection 2 ('suite=xcsp3-cop' 'name=CoinsGrid-08-04_c22' 'max=1' 'per-family=1', reference=any): 1 selected, 0 left out by the reference filter, 1 planned
1791579956539 selection 3 ('suite=xcsp3-cop' 'name=Fortress1-03_c25' 'max=1' 'per-family=1', reference=any): 1 selected, 0 left out by the reference filter, 1 planned
1791579957157 selection 4 ('suite=pb-comp' 'name=normalized-PB24/OPT-LIN/nordstrom/KNAP/profit_ceiling/normalized-knapPI_15_20_1000_2_-948' 'max=1' 'per-family=1', reference=any): 1 selected, 0 left out by the reference filter, 1 planned
1791579957726 selection 5 ('suite=pb-comp' 'name=normalized-PB15eval/OPT-LIN/dt-problems/normalized-lo_12x12_004.opb.metafix' 'max=1' 'per-family=1', reference=any): 1 selected, 0 left out by the reference filter, 1 planned
1791579958301 selection 6 ('suite=mzn-bench' 'name=2011/depot-placement/rat99_5' 'max=1' 'per-family=1', reference=any): 1 selected, 0 left out by the reference filter, 1 planned
1791579958895 selection 7 ('suite=mzn-bench' 'name=2012/amaze/2012-03-15' 'max=1' 'per-family=1', reference=any): 1 selected, 0 left out by the reference filter, 1 planned
1791579959510 selection 8 ('suite=xcsp3-cop' 'name=CyclicBandwidth-mesh2D05x08_c22' 'max=1' 'per-family=1', reference=any): 1 selected, 0 left out by the reference filter, 1 planned
1791579960141 selection 9 ('suite=xcsp3-cop' 'name=BinPacking2-n1c1w1a_c24' 'max=1' 'per-family=1', reference=any): 1 selected, 0 left out by the reference filter, 1 planned
1791579960880 selection 10 ('suite=pb-comp' 'name=normalized-PB06/OPT-LIN/mps-v2-20-10/MIPLIB/miplib/normalized-mps-v2-20-10-lseu' 'max=1' 'per-family=1', reference=any): 1 selected, 0 left out by the reference filter, 1 planned
1791579961558 selection 11 ('suite=pb-comp' 'name=normalized-PB06/OPT-LIN/submitted-PB05/manquinho/logic-synthesis/normalized-exam.pi' 'max=1' 'per-family=1', reference=any): 1 selected, 0 left out by the reference filter, 1 planned
1791579962160 selection 12 ('suite=mzn-bench' 'name=2016/celar/CELAR6-SUB0' 'max=1' 'per-family=1', reference=any): 1 selected, 0 left out by the reference filter, 1 planned
1791579962161 planned 13 problems × 4 arms = 156 cases, up to 8,1 h
1791579962161 i-0db396ca358647f9c: compressing and pushing newly fetched corpora to s3://klause-lab-corpus-459222092693-eu-north-1
1791579979170 fetching the corpora on the other instances
1791580002849 running 13 problems on 6 instances, each taking the next problem as it has room
1791580843918 AWS gave no more instances (VcpuLimitExceeded); running on 6
1791581247443 AWS gave no more instances (VcpuLimitExceeded); running on 6
1791581449071 AWS gave no more instances (VcpuLimitExceeded); running on 6
1791582721828 i-0db396ca358647f9c has no problems left to take: terminated
1791583019573 i-0784cc9835723b5b2 has no problems left to take: terminated
1791583998702 i-04040170f172b4a0d has no problems left to take: terminated
1791584377171 i-0941d7e1c86027815 has no problems left to take: terminated
1791584652792 i-0f4cc377fdbc98ba1 has no problems left to take: terminated
1791585434832 i-088cc5ec19a9d6d98 has no problems left to take: terminated
1791585442675 job finished
