s SATISFIABLE
v X0_0=1 X0_1=1 X0_2=1 X0_3=1 X0_4=1 X0_5=1 X0_6=1 X0_7=1 X0_8=1 X0_9=1 X0_10=1 X0_11=1 X1_0=1 X1_1=1 X1_2=1 X1_3=1 X1_4=1 X1_5=1 X1_6=1 X1_7=1 X1_8=1 X1_9=1 X1_10=1 X1_11=1
c solveTime=0.132
c solutions=1
c nodes=0
c failures=0
c restarts=0
c propagations=0
c propagationWork=24
c rootPropagationWork=24
c propagationMs=0
c rootPropagationMs=0
c learned=0
c relearned=0
c openBoolDecisions=0
c openIntDecisions=0
c openTheoryDecisions=0
c openTheoryChecks=0
c openWork=0
c openLearned=0
c openRelearned=0
c openRestarts=0
c openReductions=0
c openDropped=0
c openRetained=0
c openPeakRetained=0
c openLearnedWatchVisits=0
c lpSolves=0
c lpPruned=0
c lpInfeasible=0
c lpBoundPruned=0
c lpFixed=0
c lpCuts=0
c lpPivots=0
c lpWorkOps=0
c lpOverheadOps=2448
c lpNodePasses=0
c lpComponentPasses=1
c lpComponentPivots=24
c lpComponentWorkOps=16226
c lpComponentWarmStartAttempts=0
c lpComponentWarmStartHits=0
c lpComponentRefactorizations=4
c lpComponentRefactorInitial=2
c lpComponentRefactorWarmStart=0
c lpComponentRefactorSingularRecovery=0
c lpComponentRefactorUpdateLimit=0
c lpComponentRefactorBackendRequested=2
c lpComponentRefactorReconcileRecovery=0
c lpComponentRefactorNumericalRecovery=0
c lpComponentRefactorPrimal=0
c lpComponentSingularRefactorizations=0
c lpComponentSmallPivotBails=0
c lpIntegerCertifyAttempts=1
c lpIntegerCertifySuccesses=1
c lpIntegerCertifyDeclines=0
c lpIntegerCertifySuccessRate=1
c lpIntegerCertifyNodeAttempts=0
c lpIntegerCertifyNodeSuccesses=0
c lpIntegerCertifyNodeDeclines=0
c lpIntegerCertifyStandaloneAttempts=1
c lpIntegerCertifyStandaloneSuccesses=1
c lpIntegerCertifyStandaloneDeclines=0
c lpIntegerCertifyStandaloneSuccessRate=1
c lpIntegerCertifyComponentAttempts=0
c lpIntegerCertifyComponentSuccesses=0
c lpIntegerCertifyComponentDeclines=0
c lpIntegerCertifyRootAttempts=0
c lpIntegerCertifyRootSuccesses=0
c lpIntegerCertifyRootDeclines=0
c lpSafeObjectiveLowerBoundAttempts=0
c lpSafeObjectiveLowerBoundSuccesses=0
c lpSafeObjectiveLowerBoundDeclines=0
c lpSafeObjectiveLowerBoundNodeAttempts=0
c lpSafeObjectiveLowerBoundNodeSuccesses=0
c lpSafeObjectiveLowerBoundNodeDeclines=0
c lpSafeObjectiveLowerBoundStandaloneAttempts=0
c lpSafeObjectiveLowerBoundStandaloneSuccesses=0
c lpSafeObjectiveLowerBoundStandaloneDeclines=0
c lpSafeObjectiveLowerBoundComponentAttempts=0
c lpSafeObjectiveLowerBoundComponentSuccesses=0
c lpSafeObjectiveLowerBoundComponentDeclines=0
c lpSafeObjectiveLowerBoundRootAttempts=0
c lpSafeObjectiveLowerBoundRootSuccesses=0
c lpSafeObjectiveLowerBoundRootDeclines=0
c lpExactBasisFeasibleAttempts=0
c lpExactBasisFeasibleSuccesses=0
c lpExactBasisFeasibleDeclines=0
c lpExactBasisFeasibleNodeAttempts=0
c lpExactBasisFeasibleNodeSuccesses=0
c lpExactBasisFeasibleNodeDeclines=0
c lpExactBasisFeasibleStandaloneAttempts=0
c lpExactBasisFeasibleStandaloneSuccesses=0
c lpExactBasisFeasibleStandaloneDeclines=0
c lpExactBasisFeasibleComponentAttempts=0
c lpExactBasisFeasibleComponentSuccesses=0
c lpExactBasisFeasibleComponentDeclines=0
c lpExactBasisFeasibleRootAttempts=0
c lpExactBasisFeasibleRootSuccesses=0
c lpExactBasisFeasibleRootDeclines=0
c lpExactFarkasRayAttempts=0
c lpExactFarkasRaySuccesses=0
c lpExactFarkasRayDeclines=0
c lpExactFarkasRayNodeAttempts=0
c lpExactFarkasRayNodeSuccesses=0
c lpExactFarkasRayNodeDeclines=0
c lpExactFarkasRayStandaloneAttempts=0
c lpExactFarkasRayStandaloneSuccesses=0
c lpExactFarkasRayStandaloneDeclines=0
c lpExactFarkasRayComponentAttempts=0
c lpExactFarkasRayComponentSuccesses=0
c lpExactFarkasRayComponentDeclines=0
c lpExactFarkasRayRootAttempts=0
c lpExactFarkasRayRootSuccesses=0
c lpExactFarkasRayRootDeclines=0
c lpExactPointFeasibleAttempts=0
c lpExactPointFeasibleSuccesses=0
c lpExactPointFeasibleDeclines=0
c lpExactPointFeasibleNodeAttempts=0
c lpExactPointFeasibleNodeSuccesses=0
c lpExactPointFeasibleNodeDeclines=0
c lpExactPointFeasibleStandaloneAttempts=0
c lpExactPointFeasibleStandaloneSuccesses=0
c lpExactPointFeasibleStandaloneDeclines=0
c lpExactPointFeasibleComponentAttempts=0
c lpExactPointFeasibleComponentSuccesses=0
c lpExactPointFeasibleComponentDeclines=0
c lpExactPointFeasibleRootAttempts=0
c lpExactPointFeasibleRootSuccesses=0
c lpExactPointFeasibleRootDeclines=0
c lpRationalOutcomeAttempts=1
c lpRationalOutcomeSuccesses=1
c lpRationalOutcomeDeclines=0
c lpRationalOutcomeSuccessRate=1
c lpRationalOutcomeNodeAttempts=0
c lpRationalOutcomeNodeSuccesses=0
c lpRationalOutcomeNodeDeclines=0
c lpRationalOutcomeStandaloneAttempts=1
c lpRationalOutcomeStandaloneSuccesses=1
c lpRationalOutcomeStandaloneDeclines=0
c lpRationalOutcomeStandaloneSuccessRate=1
c lpRationalOutcomeComponentAttempts=0
c lpRationalOutcomeComponentSuccesses=0
c lpRationalOutcomeComponentDeclines=0
c lpRationalOutcomeRootAttempts=0
c lpRationalOutcomeRootSuccesses=0
c lpRationalOutcomeRootDeclines=0
c lpComponentSplits=1
c lpComponentBlocksMax=2
c lpBackjumps=0
c lpLagrangianPruned=0
c lpEnergeticPruned=0
c lpMs=0
c profile=Continuous optimizing=false wide=false scheduling=false
c arm.bt/satOptimized=segments=1 work=4 ms=122 reward=0 failures=0 faults=0 maxMs=122 initMs=13
c arm.bt/conflictDriven=segments=0 work=0 ms=0 reward=0 failures=0 faults=0 maxMs=0 initMs=0
c arm.bt/lp-default=segments=0 work=0 ms=0 reward=0 failures=0 faults=0 maxMs=0 initMs=0
c arm.bt/lp-aggressive=segments=0 work=0 ms=0 reward=0 failures=0 faults=0 maxMs=0 initMs=0
c arm.bt/free=segments=0 work=0 ms=0 reward=0 failures=0 faults=0 maxMs=0 initMs=0
c arm.bt/selector-switch=segments=0 work=0 ms=0 reward=0 failures=0 faults=0 maxMs=0 initMs=0
