k = 0;
X_INTRODUCED_0_ = [1.0, 1.0, 1.0, 1.0, 1.0, 1.0, 1.0, 1.0, 1.0, 1.0, 1.0, 1.0, 1.0, 1.0, 1.0, 1.0, 1.0, 1.0, 1.0, 1.0, 1.0, 1.0, 1.0, 1.0];
_objective = 1.0;
----------
%%%klause-arm: label=bt/satOptimized objective=0 continuousObjective=1.0 time=126
==========
%%%mzn-stat: solveTime=0.14
%%%mzn-stat: solutions=1
%%%mzn-stat: nodes=1
%%%mzn-stat: failures=1
%%%mzn-stat: restarts=0
%%%mzn-stat: propagations=0
%%%mzn-stat: propagationWork=197
%%%mzn-stat: rootPropagationWork=48
%%%mzn-stat: propagationMs=1
%%%mzn-stat: rootPropagationMs=0
%%%mzn-stat: learned=1
%%%mzn-stat: learnedMeanSize=1
%%%mzn-stat: learnedMeanLbd=1
%%%mzn-stat: relearned=0
%%%mzn-stat: peakDepth=1
%%%mzn-stat: glueClauses=1
%%%mzn-stat: caNotApplicable=0
%%%mzn-stat: caNonAsserting=0
%%%mzn-stat: openBoolDecisions=0
%%%mzn-stat: openIntDecisions=0
%%%mzn-stat: openTheoryDecisions=0
%%%mzn-stat: openTheoryChecks=0
%%%mzn-stat: openWork=0
%%%mzn-stat: openLearned=0
%%%mzn-stat: openRelearned=0
%%%mzn-stat: openRestarts=0
%%%mzn-stat: openReductions=0
%%%mzn-stat: openDropped=0
%%%mzn-stat: openRetained=0
%%%mzn-stat: openPeakRetained=0
%%%mzn-stat: openLearnedWatchVisits=0
%%%mzn-stat: lpSolves=0
%%%mzn-stat: lpPruned=0
%%%mzn-stat: lpInfeasible=0
%%%mzn-stat: lpBoundPruned=0
%%%mzn-stat: lpFixed=0
%%%mzn-stat: lpCuts=0
%%%mzn-stat: lpPivots=0
%%%mzn-stat: lpWorkOps=0
%%%mzn-stat: lpOverheadOps=0
%%%mzn-stat: lpNodePasses=0
%%%mzn-stat: lpComponentPasses=2
%%%mzn-stat: lpComponentPivots=25
%%%mzn-stat: lpComponentWorkOps=20935
%%%mzn-stat: lpComponentWarmStartAttempts=2
%%%mzn-stat: lpComponentWarmStartHits=2
%%%mzn-stat: lpComponentWarmStartHitRate=1
%%%mzn-stat: lpComponentRefactorizations=4
%%%mzn-stat: lpComponentRefactorInitial=2
%%%mzn-stat: lpComponentRefactorWarmStart=0
%%%mzn-stat: lpComponentRefactorSingularRecovery=0
%%%mzn-stat: lpComponentRefactorUpdateLimit=0
%%%mzn-stat: lpComponentRefactorBackendRequested=2
%%%mzn-stat: lpComponentRefactorReconcileRecovery=0
%%%mzn-stat: lpComponentRefactorNumericalRecovery=0
%%%mzn-stat: lpComponentRefactorPrimal=0
%%%mzn-stat: lpComponentSingularRefactorizations=0
%%%mzn-stat: lpComponentSmallPivotBails=0
%%%mzn-stat: lpIntegerCertifyAttempts=2
%%%mzn-stat: lpIntegerCertifySuccesses=2
%%%mzn-stat: lpIntegerCertifyDeclines=0
%%%mzn-stat: lpIntegerCertifySuccessRate=1
%%%mzn-stat: lpIntegerCertifyNodeAttempts=0
%%%mzn-stat: lpIntegerCertifyNodeSuccesses=0
%%%mzn-stat: lpIntegerCertifyNodeDeclines=0
%%%mzn-stat: lpIntegerCertifyStandaloneAttempts=2
%%%mzn-stat: lpIntegerCertifyStandaloneSuccesses=2
%%%mzn-stat: lpIntegerCertifyStandaloneDeclines=0
%%%mzn-stat: lpIntegerCertifyStandaloneSuccessRate=1
%%%mzn-stat: lpIntegerCertifyComponentAttempts=0
%%%mzn-stat: lpIntegerCertifyComponentSuccesses=0
%%%mzn-stat: lpIntegerCertifyComponentDeclines=0
%%%mzn-stat: lpIntegerCertifyRootAttempts=0
%%%mzn-stat: lpIntegerCertifyRootSuccesses=0
%%%mzn-stat: lpIntegerCertifyRootDeclines=0
%%%mzn-stat: lpSafeObjectiveLowerBoundAttempts=0
%%%mzn-stat: lpSafeObjectiveLowerBoundSuccesses=0
%%%mzn-stat: lpSafeObjectiveLowerBoundDeclines=0
%%%mzn-stat: lpSafeObjectiveLowerBoundNodeAttempts=0
%%%mzn-stat: lpSafeObjectiveLowerBoundNodeSuccesses=0
%%%mzn-stat: lpSafeObjectiveLowerBoundNodeDeclines=0
%%%mzn-stat: lpSafeObjectiveLowerBoundStandaloneAttempts=0
%%%mzn-stat: lpSafeObjectiveLowerBoundStandaloneSuccesses=0
%%%mzn-stat: lpSafeObjectiveLowerBoundStandaloneDeclines=0
%%%mzn-stat: lpSafeObjectiveLowerBoundComponentAttempts=0
%%%mzn-stat: lpSafeObjectiveLowerBoundComponentSuccesses=0
%%%mzn-stat: lpSafeObjectiveLowerBoundComponentDeclines=0
%%%mzn-stat: lpSafeObjectiveLowerBoundRootAttempts=0
%%%mzn-stat: lpSafeObjectiveLowerBoundRootSuccesses=0
%%%mzn-stat: lpSafeObjectiveLowerBoundRootDeclines=0
%%%mzn-stat: lpExactBasisFeasibleAttempts=0
%%%mzn-stat: lpExactBasisFeasibleSuccesses=0
%%%mzn-stat: lpExactBasisFeasibleDeclines=0
%%%mzn-stat: lpExactBasisFeasibleNodeAttempts=0
%%%mzn-stat: lpExactBasisFeasibleNodeSuccesses=0
%%%mzn-stat: lpExactBasisFeasibleNodeDeclines=0
%%%mzn-stat: lpExactBasisFeasibleStandaloneAttempts=0
%%%mzn-stat: lpExactBasisFeasibleStandaloneSuccesses=0
%%%mzn-stat: lpExactBasisFeasibleStandaloneDeclines=0
%%%mzn-stat: lpExactBasisFeasibleComponentAttempts=0
%%%mzn-stat: lpExactBasisFeasibleComponentSuccesses=0
%%%mzn-stat: lpExactBasisFeasibleComponentDeclines=0
%%%mzn-stat: lpExactBasisFeasibleRootAttempts=0
%%%mzn-stat: lpExactBasisFeasibleRootSuccesses=0
%%%mzn-stat: lpExactBasisFeasibleRootDeclines=0
%%%mzn-stat: lpExactFarkasRayAttempts=0
%%%mzn-stat: lpExactFarkasRaySuccesses=0
%%%mzn-stat: lpExactFarkasRayDeclines=0
%%%mzn-stat: lpExactFarkasRayNodeAttempts=0
%%%mzn-stat: lpExactFarkasRayNodeSuccesses=0
%%%mzn-stat: lpExactFarkasRayNodeDeclines=0
%%%mzn-stat: lpExactFarkasRayStandaloneAttempts=0
%%%mzn-stat: lpExactFarkasRayStandaloneSuccesses=0
%%%mzn-stat: lpExactFarkasRayStandaloneDeclines=0
%%%mzn-stat: lpExactFarkasRayComponentAttempts=0
%%%mzn-stat: lpExactFarkasRayComponentSuccesses=0
%%%mzn-stat: lpExactFarkasRayComponentDeclines=0
%%%mzn-stat: lpExactFarkasRayRootAttempts=0
%%%mzn-stat: lpExactFarkasRayRootSuccesses=0
%%%mzn-stat: lpExactFarkasRayRootDeclines=0
%%%mzn-stat: lpExactPointFeasibleAttempts=0
%%%mzn-stat: lpExactPointFeasibleSuccesses=0
%%%mzn-stat: lpExactPointFeasibleDeclines=0
%%%mzn-stat: lpExactPointFeasibleNodeAttempts=0
%%%mzn-stat: lpExactPointFeasibleNodeSuccesses=0
%%%mzn-stat: lpExactPointFeasibleNodeDeclines=0
%%%mzn-stat: lpExactPointFeasibleStandaloneAttempts=0
%%%mzn-stat: lpExactPointFeasibleStandaloneSuccesses=0
%%%mzn-stat: lpExactPointFeasibleStandaloneDeclines=0
%%%mzn-stat: lpExactPointFeasibleComponentAttempts=0
%%%mzn-stat: lpExactPointFeasibleComponentSuccesses=0
%%%mzn-stat: lpExactPointFeasibleComponentDeclines=0
%%%mzn-stat: lpExactPointFeasibleRootAttempts=0
%%%mzn-stat: lpExactPointFeasibleRootSuccesses=0
%%%mzn-stat: lpExactPointFeasibleRootDeclines=0
%%%mzn-stat: lpRationalOutcomeAttempts=2
%%%mzn-stat: lpRationalOutcomeSuccesses=2
%%%mzn-stat: lpRationalOutcomeDeclines=0
%%%mzn-stat: lpRationalOutcomeSuccessRate=1
%%%mzn-stat: lpRationalOutcomeNodeAttempts=0
%%%mzn-stat: lpRationalOutcomeNodeSuccesses=0
%%%mzn-stat: lpRationalOutcomeNodeDeclines=0
%%%mzn-stat: lpRationalOutcomeStandaloneAttempts=2
%%%mzn-stat: lpRationalOutcomeStandaloneSuccesses=2
%%%mzn-stat: lpRationalOutcomeStandaloneDeclines=0
%%%mzn-stat: lpRationalOutcomeStandaloneSuccessRate=1
%%%mzn-stat: lpRationalOutcomeComponentAttempts=0
%%%mzn-stat: lpRationalOutcomeComponentSuccesses=0
%%%mzn-stat: lpRationalOutcomeComponentDeclines=0
%%%mzn-stat: lpRationalOutcomeRootAttempts=0
%%%mzn-stat: lpRationalOutcomeRootSuccesses=0
%%%mzn-stat: lpRationalOutcomeRootDeclines=0
%%%mzn-stat: lpComponentSplits=2
%%%mzn-stat: lpComponentBlocksMax=2
%%%mzn-stat: lpBackjumps=0
%%%mzn-stat: lpLagrangianPruned=0
%%%mzn-stat: lpEnergeticPruned=0
%%%mzn-stat: lpMs=0
%%%mzn-stat: profile=MixedInteger optimizing=true wide=false scheduling=false
%%%mzn-stat: arm.bt/satOptimized=segments=1 work=1 ms=135 reward=1 failures=0 faults=0 maxMs=135 initMs=15 FirstSolution=1 Glue=1 shareClauses=us:562,out:0,in:0,dup:0 shareFloor=us:2,out:0,in:0,dup:0 shareBounds=us:366,out:0,in:0,dup:0 shareIncumbents=us:9,out:1,in:0,dup:0
%%%mzn-stat: arm.bt/conflictDriven=segments=0 work=0 ms=0 reward=0 failures=0 faults=0 maxMs=0 initMs=0
%%%mzn-stat: arm.bt/lp-default=segments=0 work=0 ms=0 reward=0 failures=0 faults=0 maxMs=0 initMs=0
%%%mzn-stat: arm.bt/lp-aggressive=segments=0 work=0 ms=0 reward=0 failures=0 faults=0 maxMs=0 initMs=0
%%%mzn-stat: arm.bt/lp-lbtree=segments=0 work=0 ms=0 reward=0 failures=0 faults=0 maxMs=0 initMs=0
%%%mzn-stat: arm.bt/linucb=segments=0 work=0 ms=0 reward=0 failures=0 faults=0 maxMs=0 initMs=0
%%%mzn-stat-end
