unknown
; wall timeout
; solveTime=29.776
; solutions=0
; presolvePasses=subsume
; presolveConstraintsRemoved=10
; nodes=0
; failures=0
; propagations=0
; openBoolDecisions=712
; openIntDecisions=0
; openTheoryDecisions=0
; openTheoryChecks=224
; openWork=936
; openLearned=0
; openRelearned=0
; openRestarts=0
; openReductions=0
; openDropped=0
; openRetained=0
; openPeakRetained=0
; openLearnedWatchVisits=0
; smtPrivateChecks=0
; smtSharedChecks=224
; smtTheoryChecks=224
; smtTheoryChecksPerSec=7.5228
; smtConflicts=223
; smtExplainedConflicts=0
; smtUnexplainedConflicts=223
; smtConflictLiterals=0
; smtReductionRequests=0
; smtReductionCacheHits=0
; smtReductionAccepted=0
; smtReductionDeclined=0
; smtReductionMs=0
; smtSimplexAttempts=224
; smtSimplexAccepted=223
; smtSimplexDeclined=1
; smtSimplexMs=28856.6949
; smtFrac128Attempts=0
; smtFrac128Eligible=0
; smtFrac128Accepted=0
; smtFrac128Escalations=0
; smtFrac128OverflowEscalations=0
; smtFrac128InputEscalations=0
; smtEscalationMs=0
; smtWitnessCandidates=0
; smtWitnessAccepted=0
; smtStrictWitnessCandidates=0
; smtStrictWitnessAccepted=0
; smtWideWitnessCandidates=0
; smtWideWitnessAccepted=0
