unknown
; wall timeout
; solveTime=29.245
; solutions=0
; nodes=0
; failures=0
; propagations=0
; openBoolDecisions=12600
; openIntDecisions=0
; openTheoryDecisions=0
; openTheoryChecks=84
; openWork=12684
; openLearned=190
; openRelearned=0
; openRestarts=0
; openReductions=0
; openDropped=0
; openRetained=190
; openPeakRetained=190
; openLearnedWatchVisits=280
; smtPrivateChecks=0
; smtSharedChecks=84
; smtTheoryChecks=84
; smtTheoryChecksPerSec=2.8723
; smtConflicts=83
; smtExplainedConflicts=0
; smtUnexplainedConflicts=83
; smtConflictLiterals=0
; smtReductionRequests=0
; smtReductionCacheHits=0
; smtReductionAccepted=0
; smtReductionDeclined=0
; smtReductionMs=0
; smtSimplexAttempts=84
; smtSimplexAccepted=83
; smtSimplexDeclined=1
; smtSimplexMs=15929.6163
; smtFrac128Attempts=0
; smtFrac128Eligible=0
; smtFrac128Accepted=0
; smtFrac128Escalations=0
; smtFrac128OverflowEscalations=0
; smtFrac128InputEscalations=0
; smtEscalationMs=0
; smtWitnessCandidates=0
; smtWitnessAccepted=0
; smtStrictWitnessCandidates=0
; smtStrictWitnessAccepted=0
; smtWideWitnessCandidates=0
; smtWideWitnessAccepted=0
