unknown
; wall timeout
; solveTime=29.839
; solutions=0
; nodes=0
; failures=0
; propagations=0
; openBoolDecisions=22394
; openIntDecisions=0
; openTheoryDecisions=0
; openTheoryChecks=22233
; openWork=44627
; openLearned=0
; openRelearned=0
; openRestarts=0
; openReductions=0
; openDropped=0
; openRetained=0
; openPeakRetained=0
; openLearnedWatchVisits=0
; smtPrivateChecks=0
; smtSharedChecks=22233
; smtTheoryChecks=22233
; smtTheoryChecksPerSec=745.0987
; smtConflicts=22232
; smtExplainedConflicts=0
; smtUnexplainedConflicts=22232
; smtConflictLiterals=0
; smtReductionRequests=0
; smtReductionCacheHits=0
; smtReductionAccepted=0
; smtReductionDeclined=0
; smtReductionMs=0
; smtSimplexAttempts=22233
; smtSimplexAccepted=22232
; smtSimplexDeclined=1
; smtSimplexMs=17904.3423
; smtFrac128Attempts=0
; smtFrac128Eligible=0
; smtFrac128Accepted=0
; smtFrac128Escalations=0
; smtFrac128OverflowEscalations=0
; smtFrac128InputEscalations=0
; smtEscalationMs=0
; smtWitnessCandidates=0
; smtWitnessAccepted=0
; smtStrictWitnessCandidates=0
; smtStrictWitnessAccepted=0
; smtWideWitnessCandidates=0
; smtWideWitnessAccepted=0
