1791580390755 AWS refused another instance (VcpuLimitExceeded); trying again in 30 s
1791580423628 launched c7i.2xlarge instances [i-04eb7e34e08d78f1c]
1791580444621 waiting for i-04eb7e34e08d78f1c to boot failed (try 1 of 45), retrying in 20 s: on 13.48.106.152 (exit 1): Warning: Permanently added 'klause-lab-eu-north-1-i-04eb7e34e08d78f1c' (ED25519) to the list of known hosts.

1791580468077 i-04eb7e34e08d78f1c: booted; building 52193ef90
1791580630288 i-04eb7e34e08d78f1c: built
1791580630289 i-04eb7e34e08d78f1c: planning, which fetches the corpora the selections read
1791580631450 selection 0 ('suite=mzn-bench' 'name=2017/city-position/city-5-05' 'max=1' 'per-family=1', reference=any): 1 selected, 0 left out by the reference filter, 1 planned
1791580631999 selection 1 ('suite=xcsp3-cop' 'name=Fortress1-03_c25' 'max=1' 'per-family=1', reference=any): 1 selected, 0 left out by the reference filter, 1 planned
1791580632559 selection 2 ('suite=pb-comp' 'name=normalized-PB15eval/OPT-LIN/dt-problems/normalized-lo_12x12_004.opb.metafix' 'max=1' 'per-family=1', reference=any): 1 selected, 0 left out by the reference filter, 1 planned
1791580633120 selection 3 ('suite=pb-comp' 'name=normalized-PB24/OPT-LIN/nordstrom/KNAP/profit_ceiling/normalized-knapPI_15_20_1000_2_-948' 'max=1' 'per-family=1', reference=any): 1 selected, 0 left out by the reference filter, 1 planned
1791580633122 planned 4 problems × 4 arms = 48 cases, up to 1,0 h
1791580633122 i-04eb7e34e08d78f1c: compressing and pushing newly fetched corpora to s3://klause-lab-corpus-459222092693-eu-north-1
1791580649078 running 4 problems on 1 instances, each taking the next problem as it has room
1791580855868 launched c7i.2xlarge instances [i-0d5d81d954f282436]
1791580873762 waiting for i-0d5d81d954f282436 to boot failed (try 1 of 45), retrying in 20 s: on 13.53.125.249 (exit 1): Warning: Permanently added 'klause-lab-eu-north-1-i-0d5d81d954f282436' (ED25519) to the list of known hosts.

1791580894176 waiting for i-0d5d81d954f282436 to boot failed (try 2 of 45), retrying in 20 s: on 13.53.125.249 (exit 1): 
1791580914585 i-0d5d81d954f282436: booted; building 52193ef90
1791581082745 i-0d5d81d954f282436: built
1791581101176 i-0d5d81d954f282436 joined; 2 instances now
1791581460068 launched c7i.2xlarge instances [i-05352bff9b29f50a0]
1791581478491 waiting for i-05352bff9b29f50a0 to boot failed (try 1 of 45), retrying in 20 s: on 13.60.201.196 (exit 1): Warning: Permanently added 'klause-lab-eu-north-1-i-05352bff9b29f50a0' (ED25519) to the list of known hosts.

1791581499034 waiting for i-05352bff9b29f50a0 to boot failed (try 2 of 45), retrying in 20 s: on 13.60.201.196 (exit 1): 
1791581519576 i-05352bff9b29f50a0: booted; building 52193ef90
1791581685068 i-05352bff9b29f50a0: built
1791581702761 i-05352bff9b29f50a0 joined; 3 instances now
1791582472238 i-04eb7e34e08d78f1c has no problems left to take: terminated
1791582913494 i-0d5d81d954f282436 has no problems left to take: terminated
1791583513758 i-05352bff9b29f50a0 has no problems left to take: terminated
1791583514607 job finished
