unknown
; wall timeout
; solveTime=29.726
; solutions=0
; presolvePasses=subsume
; presolveConstraintsRemoved=10
; nodes=0
; failures=0
; propagations=0
; openBoolDecisions=745
; openIntDecisions=0
; openTheoryDecisions=0
; openTheoryChecks=173
; openWork=918
; openLearned=0
; openRelearned=0
; openRestarts=0
; openReductions=0
; openDropped=0
; openRetained=0
; openPeakRetained=0
; openLearnedWatchVisits=0
; smtPrivateChecks=0
; smtSharedChecks=173
; smtTheoryChecks=173
; smtTheoryChecksPerSec=5.8198
; smtConflicts=172
; smtExplainedConflicts=0
; smtUnexplainedConflicts=172
; smtConflictLiterals=0
; smtReductionRequests=0
; smtReductionCacheHits=0
; smtReductionAccepted=0
; smtReductionDeclined=0
; smtReductionMs=0
; smtSimplexAttempts=173
; smtSimplexAccepted=172
; smtSimplexDeclined=1
; smtSimplexMs=28663.233
; smtFrac128Attempts=0
; smtFrac128Eligible=0
; smtFrac128Accepted=0
; smtFrac128Escalations=0
; smtFrac128OverflowEscalations=0
; smtFrac128InputEscalations=0
; smtEscalationMs=0
; smtWitnessCandidates=0
; smtWitnessAccepted=0
; smtStrictWitnessCandidates=0
; smtStrictWitnessAccepted=0
; smtWideWitnessCandidates=0
; smtWideWitnessAccepted=0
