unknown
; wall timeout
; solveTime=28.911
; solutions=0
; nodes=0
; failures=0
; propagations=0
; openBoolDecisions=12571
; openIntDecisions=0
; openTheoryDecisions=0
; openTheoryChecks=55
; openWork=12626
; openLearned=190
; openRelearned=0
; openRestarts=0
; openReductions=0
; openDropped=0
; openRetained=190
; openPeakRetained=190
; openLearnedWatchVisits=280
; smtPrivateChecks=0
; smtSharedChecks=55
; smtTheoryChecks=55
; smtTheoryChecksPerSec=1.9024
; smtConflicts=54
; smtExplainedConflicts=0
; smtUnexplainedConflicts=54
; smtConflictLiterals=0
; smtReductionRequests=0
; smtReductionCacheHits=0
; smtReductionAccepted=0
; smtReductionDeclined=0
; smtReductionMs=0
; smtSimplexAttempts=55
; smtSimplexAccepted=54
; smtSimplexDeclined=1
; smtSimplexMs=14562.7465
; smtFrac128Attempts=0
; smtFrac128Eligible=0
; smtFrac128Accepted=0
; smtFrac128Escalations=0
; smtFrac128OverflowEscalations=0
; smtFrac128InputEscalations=0
; smtEscalationMs=0
; smtWitnessCandidates=0
; smtWitnessAccepted=0
; smtStrictWitnessCandidates=0
; smtStrictWitnessAccepted=0
; smtWideWitnessCandidates=0
; smtWideWitnessAccepted=0
