unknown
; wall timeout
; solveTime=29.632
; solutions=0
; nodes=0
; failures=0
; propagations=0
; openBoolDecisions=13437
; openIntDecisions=0
; openTheoryDecisions=0
; openTheoryChecks=13276
; openWork=26713
; openLearned=0
; openRelearned=0
; openRestarts=0
; openReductions=0
; openDropped=0
; openRetained=0
; openPeakRetained=0
; openLearnedWatchVisits=0
; smtPrivateChecks=0
; smtSharedChecks=13276
; smtTheoryChecks=13276
; smtTheoryChecksPerSec=448.0292
; smtConflicts=13275
; smtExplainedConflicts=0
; smtUnexplainedConflicts=13275
; smtConflictLiterals=0
; smtReductionRequests=0
; smtReductionCacheHits=0
; smtReductionAccepted=0
; smtReductionDeclined=0
; smtReductionMs=0
; smtSimplexAttempts=13276
; smtSimplexAccepted=13275
; smtSimplexDeclined=1
; smtSimplexMs=17451.3724
; smtFrac128Attempts=0
; smtFrac128Eligible=0
; smtFrac128Accepted=0
; smtFrac128Escalations=0
; smtFrac128OverflowEscalations=0
; smtFrac128InputEscalations=0
; smtEscalationMs=0
; smtWitnessCandidates=0
; smtWitnessAccepted=0
; smtStrictWitnessCandidates=0
; smtStrictWitnessAccepted=0
; smtWideWitnessCandidates=0
; smtWideWitnessAccepted=0
