k = 0;
X_INTRODUCED_0_ = [1.0, 1.0, 1.0, 1.0, 1.0, 1.0, 1.0, 1.0, 1.0, 1.0, 1.0, 1.0, 1.0, 1.0, 1.0, 1.0, 1.0, 1.0, 1.0, 1.0, 1.0, 1.0, 1.0, 1.0, 1.0, 1.0, 1.0, 1.0, 1.0, 1.0, 1.0, 1.0, 1.0, 1.0, 1.0, 1.0, 1.0, 1.0, 1.0, 1.0, 1.0, 1.0, 1.0, 1.0, 1.0, 1.0, 1.0, 1.0, 1.0, 1.0, 1.0, 1.0, 1.0, 1.0, 1.0, 1.0, 1.0, 1.0, 1.0, 1.0, 1.0, 1.0, 1.0, 1.0, 1.0, 1.0, 1.0, 1.0, 1.0, 1.0, 1.0, 1.0, 1.0, 1.0, 1.0, 1.0, 1.0, 1.0, 1.0, 1.0, 1.0, 1.0, 1.0, 1.0, 1.0, 1.0, 1.0, 1.0, 1.0, 1.0, 1.0, 1.0, 1.0, 1.0, 1.0, 1.0, 1.0, 1.0, 1.0, 1.0, 1.0, 1.0, 1.0, 1.0, 1.0, 1.0, 1.0, 1.0, 1.0, 1.0, 1.0, 1.0, 1.0, 1.0, 1.0, 1.0, 1.0, 1.0, 1.0, 1.0, 1.0, 1.0, 1.0, 1.0, 1.0, 1.0, 1.0, 1.0, 1.0, 1.0, 1.0, 1.0, 1.0, 1.0, 1.0, 1.0, 1.0, 1.0, 1.0, 1.0, 1.0, 1.0, 1.0, 1.0, 1.0, 1.0, 1.0, 1.0, 1.0, 1.0, 1.0, 1.0, 1.0, 1.0, 1.0, 1.0, 1.0, 1.0, 1.0, 1.0, 1.0, 1.0, 1.0, 1.0, 1.0, 1.0, 1.0, 1.0, 1.0, 1.0, 1.0, 1.0, 1.0, 1.0, 1.0, 1.0, 1.0, 1.0, 1.0, 1.0, 1.0, 1.0, 1.0, 1.0, 1.0, 1.0, 1.0, 1.0, 1.0, 1.0, 1.0, 1.0];
_objective = 1.0;
----------
%%%klause-arm: label=bt/satOptimized objective=0 continuousObjective=1.0 time=276
%%%mzn-stat: solveTime=0.712
%%%mzn-stat: solutions=1
%%%mzn-stat: nodes=6
%%%mzn-stat: failures=0
%%%mzn-stat: restarts=0
%%%mzn-stat: propagations=0
%%%mzn-stat: propagationWork=1507
%%%mzn-stat: rootPropagationWork=1296
%%%mzn-stat: propagationMs=1
%%%mzn-stat: rootPropagationMs=0
%%%mzn-stat: learned=0
%%%mzn-stat: relearned=0
%%%mzn-stat: peakDepth=1
%%%mzn-stat: caNotApplicable=0
%%%mzn-stat: caNonAsserting=0
%%%mzn-stat: openBoolDecisions=0
%%%mzn-stat: openIntDecisions=0
%%%mzn-stat: openTheoryDecisions=0
%%%mzn-stat: openTheoryChecks=0
%%%mzn-stat: openWork=0
%%%mzn-stat: openLearned=0
%%%mzn-stat: openRelearned=0
%%%mzn-stat: openRestarts=0
%%%mzn-stat: openReductions=0
%%%mzn-stat: openDropped=0
%%%mzn-stat: openRetained=0
%%%mzn-stat: openPeakRetained=0
%%%mzn-stat: openLearnedWatchVisits=0
%%%mzn-stat: lpSolves=6
%%%mzn-stat: lpPruned=0
%%%mzn-stat: lpInfeasible=0
%%%mzn-stat: lpBoundPruned=0
%%%mzn-stat: lpPruneRate=0
%%%mzn-stat: lpPivotsPerSolve=63
%%%mzn-stat: lpWorkPerSolve=631066
%%%mzn-stat: lpSeededRate=0.5
%%%mzn-stat: lpRefactorizationsPerSolve=8.5
%%%mzn-stat: lpFixed=0
%%%mzn-stat: lpCuts=0
%%%mzn-stat: lpPivots=378
%%%mzn-stat: lpWorkOps=3786396
%%%mzn-stat: lpOverheadOps=1079502
%%%mzn-stat: lpNodePasses=6
%%%mzn-stat: lpWorkOpsPerNode=631066
%%%mzn-stat: lpComponentPasses=6
%%%mzn-stat: lpComponentPivots=1157
%%%mzn-stat: lpComponentWorkOps=2681589
%%%mzn-stat: lpRootPasses=3
%%%mzn-stat: lpRootPivots=300
%%%mzn-stat: lpRootWorkOps=3026196
%%%mzn-stat: lpComponentWarmStartAttempts=0
%%%mzn-stat: lpComponentWarmStartHits=0
%%%mzn-stat: lpComponentRefactorizations=192
%%%mzn-stat: lpComponentRefactorInitial=48
%%%mzn-stat: lpComponentRefactorWarmStart=0
%%%mzn-stat: lpComponentRefactorSingularRecovery=0
%%%mzn-stat: lpComponentRefactorUpdateLimit=54
%%%mzn-stat: lpComponentRefactorBackendRequested=90
%%%mzn-stat: lpComponentRefactorReconcileRecovery=0
%%%mzn-stat: lpComponentRefactorNumericalRecovery=0
%%%mzn-stat: lpComponentRefactorPrimal=0
%%%mzn-stat: lpComponentSingularRefactorizations=0
%%%mzn-stat: lpComponentSmallPivotBails=0
%%%mzn-stat: lpRootWarmStartAttempts=0
%%%mzn-stat: lpRootWarmStartHits=0
%%%mzn-stat: lpRootRefactorizations=39
%%%mzn-stat: lpRootRefactorInitial=3
%%%mzn-stat: lpRootRefactorWarmStart=0
%%%mzn-stat: lpRootRefactorSingularRecovery=0
%%%mzn-stat: lpRootRefactorUpdateLimit=36
%%%mzn-stat: lpRootRefactorBackendRequested=0
%%%mzn-stat: lpRootRefactorReconcileRecovery=0
%%%mzn-stat: lpRootRefactorNumericalRecovery=0
%%%mzn-stat: lpRootRefactorPrimal=0
%%%mzn-stat: lpRootSingularRefactorizations=0
%%%mzn-stat: lpRootSmallPivotBails=0
%%%mzn-stat: lpLuMaxFill=1
%%%mzn-stat: lpLuMaxDensity=0.0567
%%%mzn-stat: lpLuMaxDim=198
%%%mzn-stat: lpRefactorInitial=6
%%%mzn-stat: lpRefactorWarmStart=0
%%%mzn-stat: lpRefactorSingularRecovery=0
%%%mzn-stat: lpRefactorUpdateLimit=45
%%%mzn-stat: lpRefactorBackendRequested=0
%%%mzn-stat: lpRefactorReconcileRecovery=0
%%%mzn-stat: lpRefactorNumericalRecovery=0
%%%mzn-stat: lpRefactorPrimal=0
%%%mzn-stat: lpCertified=0
%%%mzn-stat: lpCertifyDeclinedContinuous=6
%%%mzn-stat: lpCertifyDeclinedNumeric=0
%%%mzn-stat: lpCertifyRate=0
%%%mzn-stat: lpCertifyMaxRows=198
%%%mzn-stat: lpIntegerCertifyAttempts=12
%%%mzn-stat: lpIntegerCertifySuccesses=6
%%%mzn-stat: lpIntegerCertifyDeclines=6
%%%mzn-stat: lpIntegerCertifySuccessRate=0.5
%%%mzn-stat: lpIntegerCertifyNodeAttempts=6
%%%mzn-stat: lpIntegerCertifyNodeSuccesses=0
%%%mzn-stat: lpIntegerCertifyNodeDeclines=6
%%%mzn-stat: lpIntegerCertifyNodeSuccessRate=0
%%%mzn-stat: lpIntegerCertifyStandaloneAttempts=6
%%%mzn-stat: lpIntegerCertifyStandaloneSuccesses=6
%%%mzn-stat: lpIntegerCertifyStandaloneDeclines=0
%%%mzn-stat: lpIntegerCertifyStandaloneSuccessRate=1
%%%mzn-stat: lpIntegerCertifyComponentAttempts=0
%%%mzn-stat: lpIntegerCertifyComponentSuccesses=0
%%%mzn-stat: lpIntegerCertifyComponentDeclines=0
%%%mzn-stat: lpIntegerCertifyRootAttempts=0
%%%mzn-stat: lpIntegerCertifyRootSuccesses=0
%%%mzn-stat: lpIntegerCertifyRootDeclines=0
%%%mzn-stat: lpSafeObjectiveLowerBoundAttempts=9
%%%mzn-stat: lpSafeObjectiveLowerBoundSuccesses=9
%%%mzn-stat: lpSafeObjectiveLowerBoundDeclines=0
%%%mzn-stat: lpSafeObjectiveLowerBoundSuccessRate=1
%%%mzn-stat: lpSafeObjectiveLowerBoundNodeAttempts=6
%%%mzn-stat: lpSafeObjectiveLowerBoundNodeSuccesses=6
%%%mzn-stat: lpSafeObjectiveLowerBoundNodeDeclines=0
%%%mzn-stat: lpSafeObjectiveLowerBoundNodeSuccessRate=1
%%%mzn-stat: lpSafeObjectiveLowerBoundStandaloneAttempts=0
%%%mzn-stat: lpSafeObjectiveLowerBoundStandaloneSuccesses=0
%%%mzn-stat: lpSafeObjectiveLowerBoundStandaloneDeclines=0
%%%mzn-stat: lpSafeObjectiveLowerBoundComponentAttempts=0
%%%mzn-stat: lpSafeObjectiveLowerBoundComponentSuccesses=0
%%%mzn-stat: lpSafeObjectiveLowerBoundComponentDeclines=0
%%%mzn-stat: lpSafeObjectiveLowerBoundRootAttempts=3
%%%mzn-stat: lpSafeObjectiveLowerBoundRootSuccesses=3
%%%mzn-stat: lpSafeObjectiveLowerBoundRootDeclines=0
%%%mzn-stat: lpSafeObjectiveLowerBoundRootSuccessRate=1
%%%mzn-stat: lpExactBasisFeasibleAttempts=54
%%%mzn-stat: lpExactBasisFeasibleSuccesses=48
%%%mzn-stat: lpExactBasisFeasibleDeclines=6
%%%mzn-stat: lpExactBasisFeasibleSuccessRate=0.8889
%%%mzn-stat: lpExactBasisFeasibleNodeAttempts=0
%%%mzn-stat: lpExactBasisFeasibleNodeSuccesses=0
%%%mzn-stat: lpExactBasisFeasibleNodeDeclines=0
%%%mzn-stat: lpExactBasisFeasibleStandaloneAttempts=54
%%%mzn-stat: lpExactBasisFeasibleStandaloneSuccesses=48
%%%mzn-stat: lpExactBasisFeasibleStandaloneDeclines=6
%%%mzn-stat: lpExactBasisFeasibleStandaloneSuccessRate=0.8889
%%%mzn-stat: lpExactBasisFeasibleComponentAttempts=0
%%%mzn-stat: lpExactBasisFeasibleComponentSuccesses=0
%%%mzn-stat: lpExactBasisFeasibleComponentDeclines=0
%%%mzn-stat: lpExactBasisFeasibleRootAttempts=0
%%%mzn-stat: lpExactBasisFeasibleRootSuccesses=0
%%%mzn-stat: lpExactBasisFeasibleRootDeclines=0
%%%mzn-stat: lpExactFarkasRayAttempts=0
%%%mzn-stat: lpExactFarkasRaySuccesses=0
%%%mzn-stat: lpExactFarkasRayDeclines=0
%%%mzn-stat: lpExactFarkasRayNodeAttempts=0
%%%mzn-stat: lpExactFarkasRayNodeSuccesses=0
%%%mzn-stat: lpExactFarkasRayNodeDeclines=0
%%%mzn-stat: lpExactFarkasRayStandaloneAttempts=0
%%%mzn-stat: lpExactFarkasRayStandaloneSuccesses=0
%%%mzn-stat: lpExactFarkasRayStandaloneDeclines=0
%%%mzn-stat: lpExactFarkasRayComponentAttempts=0
%%%mzn-stat: lpExactFarkasRayComponentSuccesses=0
%%%mzn-stat: lpExactFarkasRayComponentDeclines=0
%%%mzn-stat: lpExactFarkasRayRootAttempts=0
%%%mzn-stat: lpExactFarkasRayRootSuccesses=0
%%%mzn-stat: lpExactFarkasRayRootDeclines=0
%%%mzn-stat: lpExactPointFeasibleAttempts=0
%%%mzn-stat: lpExactPointFeasibleSuccesses=0
%%%mzn-stat: lpExactPointFeasibleDeclines=0
%%%mzn-stat: lpExactPointFeasibleNodeAttempts=0
%%%mzn-stat: lpExactPointFeasibleNodeSuccesses=0
%%%mzn-stat: lpExactPointFeasibleNodeDeclines=0
%%%mzn-stat: lpExactPointFeasibleStandaloneAttempts=0
%%%mzn-stat: lpExactPointFeasibleStandaloneSuccesses=0
%%%mzn-stat: lpExactPointFeasibleStandaloneDeclines=0
%%%mzn-stat: lpExactPointFeasibleComponentAttempts=0
%%%mzn-stat: lpExactPointFeasibleComponentSuccesses=0
%%%mzn-stat: lpExactPointFeasibleComponentDeclines=0
%%%mzn-stat: lpExactPointFeasibleRootAttempts=0
%%%mzn-stat: lpExactPointFeasibleRootSuccesses=0
%%%mzn-stat: lpExactPointFeasibleRootDeclines=0
%%%mzn-stat: lpRationalOutcomeAttempts=60
%%%mzn-stat: lpRationalOutcomeSuccesses=54
%%%mzn-stat: lpRationalOutcomeDeclines=6
%%%mzn-stat: lpRationalOutcomeSuccessRate=0.9
%%%mzn-stat: lpRationalOutcomeNodeAttempts=0
%%%mzn-stat: lpRationalOutcomeNodeSuccesses=0
%%%mzn-stat: lpRationalOutcomeNodeDeclines=0
%%%mzn-stat: lpRationalOutcomeStandaloneAttempts=60
%%%mzn-stat: lpRationalOutcomeStandaloneSuccesses=54
%%%mzn-stat: lpRationalOutcomeStandaloneDeclines=6
%%%mzn-stat: lpRationalOutcomeStandaloneSuccessRate=0.9
%%%mzn-stat: lpRationalOutcomeComponentAttempts=0
%%%mzn-stat: lpRationalOutcomeComponentSuccesses=0
%%%mzn-stat: lpRationalOutcomeComponentDeclines=0
%%%mzn-stat: lpRationalOutcomeRootAttempts=0
%%%mzn-stat: lpRationalOutcomeRootSuccesses=0
%%%mzn-stat: lpRationalOutcomeRootDeclines=0
%%%mzn-stat: lpRationalBasisCalls=54
%%%mzn-stat: lpRationalBasisEligible=48
%%%mzn-stat: lpRationalBasisFactories=48
%%%mzn-stat: lpRationalBasisBuilds=48
%%%mzn-stat: lpRationalBasisReuse=0
%%%mzn-stat: lpRationalBasisSolves=96
%%%mzn-stat: lpRationalBasisRestarts=0
%%%mzn-stat: lpRationalBasisChecks=144
%%%mzn-stat: lpRationalBasisWork=4333919
%%%mzn-stat: lpRationalBasisAllocation=928805306
%%%mzn-stat: lpRationalBasisWork_ASSEMBLY=250649
%%%mzn-stat: lpRationalBasisWork_ORDER_IDENTITY=48
%%%mzn-stat: lpRationalBasisWork_ORDER_EXPORT=0
%%%mzn-stat: lpRationalBasisWork_ORDER_VALIDATION=0
%%%mzn-stat: lpRationalBasisWork_FACTOR=2237928
%%%mzn-stat: lpRationalBasisWork_PRIMAL=273954
%%%mzn-stat: lpRationalBasisWork_DUAL=120096
%%%mzn-stat: lpRationalBasisWork_RAY=0
%%%mzn-stat: lpRationalBasisWork_VERIFICATION=1451244
%%%mzn-stat: lpRationalBasisWork_PROJECTION=0
%%%mzn-stat: lpRationalBasisAllocation_ASSEMBLY=3821148
%%%mzn-stat: lpRationalBasisAllocation_ORDER_IDENTITY=0
%%%mzn-stat: lpRationalBasisAllocation_ORDER_EXPORT=0
%%%mzn-stat: lpRationalBasisAllocation_ORDER_VALIDATION=0
%%%mzn-stat: lpRationalBasisAllocation_FACTOR=770922384
%%%mzn-stat: lpRationalBasisAllocation_PRIMAL=106449200
%%%mzn-stat: lpRationalBasisAllocation_DUAL=14815200
%%%mzn-stat: lpRationalBasisAllocation_RAY=0
%%%mzn-stat: lpRationalBasisAllocation_VERIFICATION=32797374
%%%mzn-stat: lpRationalBasisAllocation_PROJECTION=0
%%%mzn-stat: lpRationalBasisDecline_DIMENSION=6
%%%mzn-stat: lpRationalBasisTerminal_ASSEMBLY_DIMENSION=6
%%%mzn-stat: lpRationalBasisRoute_STANDALONE=54
%%%mzn-stat: lpWarmStartAttempts=6
%%%mzn-stat: lpWarmStartHits=3
%%%mzn-stat: lpWarmStartHitRate=0.5
%%%mzn-stat: lpRootMatrixMin=1.0
%%%mzn-stat: lpRootMatrixMax=25.0
%%%mzn-stat: lpRootRowRatio=25.0
%%%mzn-stat: lpComponentSplits=6
%%%mzn-stat: lpComponentBlocksMax=8
%%%mzn-stat: lpBackjumps=0
%%%mzn-stat: lpLagrangianPruned=0
%%%mzn-stat: lpEnergeticPruned=0
%%%mzn-stat: lpMs=87
%%%mzn-stat: profile=MixedInteger optimizing=true wide=false scheduling=false
%%%mzn-stat: arm.bt/satOptimized=segments=1 work=1 ms=277 reward=1 failures=0 faults=0 maxMs=277 initMs=16 FirstSolution=1 shareClauses=us:574,out:0,in:0,dup:0 shareFloor=us:1,out:0,in:0,dup:0 shareBounds=us:354,out:0,in:0,dup:0 shareIncumbents=us:9,out:1,in:0,dup:0
%%%mzn-stat: arm.bt/conflictDriven=segments=1 work=1 ms=80 reward=0 failures=0 faults=0 maxMs=80 initMs=0 shareClauses=us:7,out:0,in:0,dup:0 shareFloor=us:0,out:0,in:0,dup:0 shareBounds=us:5,out:0,in:0,dup:0 shareIncumbents=us:137,out:1,in:0,dup:0
%%%mzn-stat: arm.bt/lp-default=segments=1 work=4385 ms=124 reward=0 failures=0 faults=0 maxMs=124 initMs=0 shareClauses=us:7,out:0,in:0,dup:0 shareFloor=us:0,out:0,in:0,dup:0 shareBounds=us:6,out:0,in:0,dup:0 shareIncumbents=us:2,out:1,in:0,dup:0
%%%mzn-stat: arm.bt/lp-aggressive=segments=1 work=4385 ms=94 reward=0 failures=0 faults=0 maxMs=94 initMs=0 shareClauses=us:6,out:0,in:0,dup:0 shareFloor=us:0,out:0,in:0,dup:0 shareBounds=us:5,out:0,in:0,dup:0 shareIncumbents=us:2,out:1,in:0,dup:0
%%%mzn-stat: arm.bt/lp-lbtree=segments=1 work=4385 ms=81 reward=0 failures=0 faults=0 maxMs=81 initMs=0 shareClauses=us:6,out:0,in:0,dup:0 shareFloor=us:0,out:0,in:0,dup:0 shareBounds=us:5,out:0,in:0,dup:0 shareIncumbents=us:3,out:1,in:0,dup:0
%%%mzn-stat: arm.bt/linucb=segments=1 work=1 ms=49 reward=0 failures=0 faults=0 maxMs=49 initMs=0 shareClauses=us:7,out:0,in:0,dup:0 shareFloor=us:0,out:0,in:0,dup:0 shareBounds=us:4,out:0,in:0,dup:0 shareIncumbents=us:2,out:1,in:0,dup:0
%%%mzn-stat-end
