k = 1;
X_INTRODUCED_0_ = [1.0, 1.0, 1.0, 1.0, 1.0, 1.0, 1.0, 1.0, 1.0, 1.0, 1.0, 1.0, 1.0, 1.0, 1.0, 1.0, 1.0, 1.0, 1.0, 1.0, 1.0, 1.0, 1.0, 1.0];
----------
==========
%%%mzn-stat: solveTime=0.123
%%%mzn-stat: solutions=1
%%%mzn-stat: openBoolDecisions=1
%%%mzn-stat: openIntDecisions=0
%%%mzn-stat: openTheoryDecisions=0
%%%mzn-stat: openTheoryChecks=2
%%%mzn-stat: openWork=3
%%%mzn-stat: openLearned=0
%%%mzn-stat: openRelearned=0
%%%mzn-stat: openRestarts=0
%%%mzn-stat: openReductions=0
%%%mzn-stat: openDropped=0
%%%mzn-stat: openRetained=0
%%%mzn-stat: openPeakRetained=0
%%%mzn-stat: openLearnedWatchVisits=0
%%%mzn-stat: smtTheoryChecks=2
%%%mzn-stat: smtTheoryChecksPerSec=16.2602
%%%mzn-stat: smtConflicts=0
%%%mzn-stat: smtExplainedConflicts=0
%%%mzn-stat: smtUnexplainedConflicts=0
%%%mzn-stat: smtConflictLiterals=0
%%%mzn-stat: smtReductionRequests=0
%%%mzn-stat: smtReductionCacheHits=0
%%%mzn-stat: smtReductionAccepted=0
%%%mzn-stat: smtReductionDeclined=0
%%%mzn-stat: smtReductionMs=0
%%%mzn-stat: smtSourceLpOperations=0
%%%mzn-stat: smtSourceLpModeledWork=0
%%%mzn-stat: smtSourceLpModeledAllocation=0
%%%mzn-stat: smtSourceLpActiveNs=0
%%%mzn-stat: smtSourceLpPreparationWork=0
%%%mzn-stat: smtSourceLpFloatWork=0
%%%mzn-stat: smtSourceLpContinuationWork=0
%%%mzn-stat: smtSourceLpRefinementWork=0
%%%mzn-stat: smtWitnessCandidates=1
%%%mzn-stat: smtWitnessAccepted=1
%%%mzn-stat: smtStrictWitnessCandidates=0
%%%mzn-stat: smtStrictWitnessAccepted=0
%%%mzn-stat: smtWideWitnessCandidates=0
%%%mzn-stat: smtWideWitnessAccepted=0
%%%mzn-stat: smtWitnessAcceptance=1
%%%mzn-stat-end
