unknown
; wall timeout
; solveTime=29.383
; solutions=0
; presolvePasses=subsume
; presolveConstraintsRemoved=285
; nodes=0
; failures=0
; propagations=0
; openBoolDecisions=21339
; openIntDecisions=0
; openTheoryDecisions=0
; openTheoryChecks=482
; openWork=21821
; openLearned=67
; openRelearned=0
; openRestarts=0
; openReductions=0
; openDropped=0
; openRetained=67
; openPeakRetained=67
; openLearnedWatchVisits=12
; smtPrivateChecks=0
; smtSharedChecks=482
; smtTheoryChecks=482
; smtTheoryChecksPerSec=16.404
; smtConflicts=481
; smtExplainedConflicts=0
; smtUnexplainedConflicts=481
; smtConflictLiterals=0
; smtReductionRequests=0
; smtReductionCacheHits=0
; smtReductionAccepted=0
; smtReductionDeclined=0
; smtReductionMs=0
; smtSimplexAttempts=482
; smtSimplexAccepted=481
; smtSimplexDeclined=1
; smtSimplexMs=3427.8717
; smtFrac128Attempts=0
; smtFrac128Eligible=0
; smtFrac128Accepted=0
; smtFrac128Escalations=0
; smtFrac128OverflowEscalations=0
; smtFrac128InputEscalations=0
; smtEscalationMs=0
; smtWitnessCandidates=0
; smtWitnessAccepted=0
; smtStrictWitnessCandidates=0
; smtStrictWitnessAccepted=0
; smtWideWitnessCandidates=0
; smtWideWitnessAccepted=0
