Starting a Gradle Daemon, 2 busy and 1 incompatible and 4 stopped Daemons could not be reused, use --status for details
Calculating task graph as no cached configuration is available for tasks: :klause-bench:bench --args=solve suite=xcsp3-core  processors=1 timeout=3000 label=w0-3378fa6e2aa3-xcsp3-default-r1 lp=default

> Configure project :klause
Signing skipped: SNAPSHOT is a snapshot.

> Task :klause-bench:checkKotlinGradlePluginConfigurationErrors SKIPPED
> Task :klause-bench:protobufDummy UP-TO-DATE
> Task :klause:jvmProcessResources NO-SOURCE
> Task :klause:kmpPartiallyResolvedDependenciesChecker
> Task :klause:processJvmMainResources SKIPPED
> Task :klause:checkKotlinGradlePluginConfigurationErrors SKIPPED
> Task :klause-bench:extractProto UP-TO-DATE
> Task :klause-bench:processResources UP-TO-DATE
> Task :klause:compileKotlinJvm UP-TO-DATE
> Task :klause:compileJvmMainJava NO-SOURCE
> Task :klause:jvmMainClasses UP-TO-DATE
> Task :klause:jvmJar UP-TO-DATE
> Task :klause-bench:extractIncludeProto UP-TO-DATE
> Task :klause-bench:generateProto UP-TO-DATE
> Task :klause-bench:compileKotlin UP-TO-DATE
> Task :klause-bench:compileJava UP-TO-DATE
> Task :klause-bench:classes UP-TO-DATE

> Task :klause-bench:bench
=== solve over 4 instance(s) ===

=== solve (klause-p1-t3s-lp-default-w0-3378fa6e2aa3-xcsp3-default-r1; 3000ms budget) -> output/klause-p1-t3s-lp-default-w0-3378fa6e2aa3-xcsp3-default-r1/ ===
ok [magic-series-tiny] satisfy = SAT@587ms
ok [sum-opt-tiny] optimize = opt=10.0@123ms
ok [magic-square-3] satisfy = SAT@606ms
ok [graph-coloring-tiny] satisfy = SAT@642ms

4/4 feasible, 1 proved  (output/klause-p1-t3s-lp-default-w0-3378fa6e2aa3-xcsp3-default-r1/, output/klause-p1-t3s-lp-default-w0-3378fa6e2aa3-xcsp3-default-r1.csv)

BUILD SUCCESSFUL in 24s
10 actionable tasks: 2 executed, 8 up-to-date
Configuration cache entry stored.
