sat
(
  (define-fun F21 () Int 0)
  (define-fun F20 () Int 5)
  (define-fun F23 () Int 3)
  (define-fun F22 () Int 5)
  (define-fun F14 () Int 5)
  (define-fun F0 () Int 3)
  (define-fun F16 () Int 5)
  (define-fun F15 () Int 8)
  (define-fun F2 () Int 8)
  (define-fun F18 () Int 5)
  (define-fun F17 () Int 7)
  (define-fun F4 () Int 7)
  (define-fun F19 () Int 1)
  (define-fun F6 () Int 1)
  (define-fun F8 () Int 0)
  (define-fun cvclZero () Int 5)
  (define-fun P30 () Bool false)
  (define-fun P10 () Bool false)
  (define-fun P32 () Bool false)
  (define-fun P31 () Bool false)
  (define-fun P12 () Bool false)
  (define-fun P34 () Bool false)
  (define-fun P11 () Bool true)
  (define-fun P33 () Bool true)
  (define-fun P25 () Bool false)
  (define-fun P13 () Bool true)
  (define-fun P24 () Bool false)
  (define-fun P35 () Bool false)
  (define-fun P27 () Bool false)
  (define-fun P26 () Bool false)
  (define-fun P29 () Bool true)
  (define-fun P28 () Bool false)
)
; solveTime=10.666
; solutions=1
; presolvePasses=amo-clique
; presolveConstraintsRemoved=6
; nodes=0
; failures=0
; propagations=0
; openBoolDecisions=20
; openIntDecisions=0
; openTheoryDecisions=78
; openTheoryChecks=1163
; openWork=1261
; openLearned=5
; openRelearned=0
; openRestarts=0
; openReductions=0
; openDropped=0
; openRetained=5
; openPeakRetained=5
; openLearnedWatchVisits=0
; smtPrivateChecks=1083
; smtSharedChecks=80
; smtTheoryChecks=1163
; smtTheoryChecksPerSec=109.0381
; smtConflicts=44
; smtExplainedConflicts=5
; smtUnexplainedConflicts=39
; smtConflictLiterals=1245
; smtLiteralsPerExplainedConflict=249
; smtReductionRequests=549
; smtReductionCacheHits=0
; smtReductionAccepted=549
; smtReductionDeclined=0
; smtReductionMs=2116.0454
; smtSimplexAttempts=24324
; smtSimplexAccepted=24324
; smtSimplexDeclined=0
; smtSimplexMs=6761.5987
; smtFrac128Attempts=0
; smtFrac128Eligible=0
; smtFrac128Accepted=0
; smtFrac128Escalations=0
; smtFrac128OverflowEscalations=0
; smtFrac128InputEscalations=0
; smtEscalationMs=0
; smtWitnessCandidates=1
; smtWitnessAccepted=1
; smtStrictWitnessCandidates=1
; smtStrictWitnessAccepted=1
; smtWideWitnessCandidates=0
; smtWideWitnessAccepted=0
; smtWitnessAcceptance=1
; smtStrictWitnessAcceptance=1
; lpSolves=0
; lpPruned=0
; lpInfeasible=0
; lpBoundPruned=0
; lpFixed=0
; lpCuts=0
; lpPivots=0
; lpWorkOps=0
; lpNodePasses=0
; lpStandalonePasses=64
; lpStandalonePivots=0
; lpStandaloneWorkOps=0
; lpStandaloneWarmStartAttempts=62
; lpStandaloneWarmStartHits=62
; lpStandaloneWarmStartHitRate=1
; lpStandaloneRefactorizations=64
; lpStandaloneRefactorInitial=0
; lpStandaloneRefactorWarmStart=0
; lpStandaloneRefactorSingularRecovery=0
; lpStandaloneRefactorUpdateLimit=0
; lpStandaloneRefactorBackendRequested=0
; lpStandaloneRefactorReconcileRecovery=0
; lpStandaloneRefactorPrimal=64
; lpStandaloneSingularRefactorizations=0
; lpStandaloneSmallPivotBails=0
; lpIntegerCertifyAttempts=64
; lpIntegerCertifySuccesses=64
; lpIntegerCertifyDeclines=0
; lpIntegerCertifySuccessRate=1
; lpIntegerCertifyNodeAttempts=0
; lpIntegerCertifyNodeSuccesses=0
; lpIntegerCertifyNodeDeclines=0
; lpIntegerCertifyStandaloneAttempts=64
; lpIntegerCertifyStandaloneSuccesses=64
; lpIntegerCertifyStandaloneDeclines=0
; lpIntegerCertifyStandaloneSuccessRate=1
; lpIntegerCertifyComponentAttempts=0
; lpIntegerCertifyComponentSuccesses=0
; lpIntegerCertifyComponentDeclines=0
; lpIntegerCertifyRootAttempts=0
; lpIntegerCertifyRootSuccesses=0
; lpIntegerCertifyRootDeclines=0
; lpSafeObjectiveLowerBoundAttempts=64
; lpSafeObjectiveLowerBoundSuccesses=64
; lpSafeObjectiveLowerBoundDeclines=0
; lpSafeObjectiveLowerBoundSuccessRate=1
; lpSafeObjectiveLowerBoundNodeAttempts=0
; lpSafeObjectiveLowerBoundNodeSuccesses=0
; lpSafeObjectiveLowerBoundNodeDeclines=0
; lpSafeObjectiveLowerBoundStandaloneAttempts=64
; lpSafeObjectiveLowerBoundStandaloneSuccesses=64
; lpSafeObjectiveLowerBoundStandaloneDeclines=0
; lpSafeObjectiveLowerBoundStandaloneSuccessRate=1
; lpSafeObjectiveLowerBoundComponentAttempts=0
; lpSafeObjectiveLowerBoundComponentSuccesses=0
; lpSafeObjectiveLowerBoundComponentDeclines=0
; lpSafeObjectiveLowerBoundRootAttempts=0
; lpSafeObjectiveLowerBoundRootSuccesses=0
; lpSafeObjectiveLowerBoundRootDeclines=0
; lpExactBasisFeasibleAttempts=0
; lpExactBasisFeasibleSuccesses=0
; lpExactBasisFeasibleDeclines=0
; lpExactBasisFeasibleNodeAttempts=0
; lpExactBasisFeasibleNodeSuccesses=0
; lpExactBasisFeasibleNodeDeclines=0
; lpExactBasisFeasibleStandaloneAttempts=0
; lpExactBasisFeasibleStandaloneSuccesses=0
; lpExactBasisFeasibleStandaloneDeclines=0
; lpExactBasisFeasibleComponentAttempts=0
; lpExactBasisFeasibleComponentSuccesses=0
; lpExactBasisFeasibleComponentDeclines=0
; lpExactBasisFeasibleRootAttempts=0
; lpExactBasisFeasibleRootSuccesses=0
; lpExactBasisFeasibleRootDeclines=0
; lpExactFarkasRayAttempts=0
; lpExactFarkasRaySuccesses=0
; lpExactFarkasRayDeclines=0
; lpExactFarkasRayNodeAttempts=0
; lpExactFarkasRayNodeSuccesses=0
; lpExactFarkasRayNodeDeclines=0
; lpExactFarkasRayStandaloneAttempts=0
; lpExactFarkasRayStandaloneSuccesses=0
; lpExactFarkasRayStandaloneDeclines=0
; lpExactFarkasRayComponentAttempts=0
; lpExactFarkasRayComponentSuccesses=0
; lpExactFarkasRayComponentDeclines=0
; lpExactFarkasRayRootAttempts=0
; lpExactFarkasRayRootSuccesses=0
; lpExactFarkasRayRootDeclines=0
; lpExactPointFeasibleAttempts=0
; lpExactPointFeasibleSuccesses=0
; lpExactPointFeasibleDeclines=0
; lpExactPointFeasibleNodeAttempts=0
; lpExactPointFeasibleNodeSuccesses=0
; lpExactPointFeasibleNodeDeclines=0
; lpExactPointFeasibleStandaloneAttempts=0
; lpExactPointFeasibleStandaloneSuccesses=0
; lpExactPointFeasibleStandaloneDeclines=0
; lpExactPointFeasibleComponentAttempts=0
; lpExactPointFeasibleComponentSuccesses=0
; lpExactPointFeasibleComponentDeclines=0
; lpExactPointFeasibleRootAttempts=0
; lpExactPointFeasibleRootSuccesses=0
; lpExactPointFeasibleRootDeclines=0
; lpRationalOutcomeAttempts=0
; lpRationalOutcomeSuccesses=0
; lpRationalOutcomeDeclines=0
; lpRationalOutcomeNodeAttempts=0
; lpRationalOutcomeNodeSuccesses=0
; lpRationalOutcomeNodeDeclines=0
; lpRationalOutcomeStandaloneAttempts=0
; lpRationalOutcomeStandaloneSuccesses=0
; lpRationalOutcomeStandaloneDeclines=0
; lpRationalOutcomeComponentAttempts=0
; lpRationalOutcomeComponentSuccesses=0
; lpRationalOutcomeComponentDeclines=0
; lpRationalOutcomeRootAttempts=0
; lpRationalOutcomeRootSuccesses=0
; lpRationalOutcomeRootDeclines=0
; lpBackjumps=0
; lpLagrangianPruned=0
; lpEnergeticPruned=0
; lpMs=0
