evemorn = 17;
isolated = 44;
X_INTRODUCED_17_ = [4, 3, 1, 1, 3, 1, 1, 5, 1, 5, 1, 1, 5, 1, 1, 3, 1, 1, 3, 1, 1, 1, 3, 1, 5, 1, 1, 3, 1, 3, 3, 1, 1, 1, 5, 1, 1, 3, 1, 1, 5, 1, 3, 5, 3, 1, 3, 1, 1, 5, 5, 1, 1, 1, 1, 5, 1, 5, 1, 5, 5, 4, 1, 1, 3, 1, 3, 1, 3, 1, 3, 1, 4, 3, 3, 5, 1, 1, 1, 4, 3, 5, 3, 4, 5, 1, 4, 3, 1, 1, 3, 1, 1, 5, 3, 5, 1, 3, 4, 1, 5, 1, 1, 3, 4, 4, 1, 5, 4, 3, 1, 4, 5, 1, 3, 4, 1, 4, 4, 4, 1, 4, 5, 3, 4, 3, 1, 4, 1, 1, 4, 4, 5, 4, 4, 1, 5, 2, 4, 5];
_objective = 61;
----------
%%%klause-arm: label=backtrack#0 objective=61 time=927
evemorn = 16;
isolated = 44;
X_INTRODUCED_17_ = [4, 3, 1, 1, 3, 1, 1, 5, 1, 3, 1, 1, 5, 1, 1, 3, 1, 1, 3, 1, 1, 1, 3, 1, 5, 1, 1, 3, 1, 3, 3, 1, 1, 1, 5, 1, 1, 3, 1, 1, 5, 1, 3, 5, 3, 1, 3, 1, 1, 5, 5, 1, 1, 1, 1, 5, 1, 5, 1, 5, 5, 4, 1, 1, 3, 1, 3, 1, 3, 1, 3, 1, 5, 3, 3, 5, 1, 1, 1, 4, 3, 5, 3, 4, 5, 1, 4, 3, 1, 1, 3, 1, 1, 5, 3, 5, 1, 3, 4, 1, 5, 1, 1, 3, 4, 4, 1, 5, 4, 3, 1, 4, 5, 1, 4, 4, 1, 4, 4, 4, 1, 4, 5, 3, 4, 3, 1, 4, 1, 1, 4, 4, 5, 4, 4, 1, 5, 2, 4, 5];
_objective = 60;
----------
%%%klause-arm: label=backtrack#0 objective=60 time=1127
evemorn = 15;
isolated = 44;
X_INTRODUCED_17_ = [4, 3, 1, 1, 3, 1, 1, 5, 1, 5, 1, 1, 5, 1, 1, 3, 1, 1, 3, 1, 1, 1, 3, 1, 5, 1, 1, 3, 1, 3, 3, 1, 1, 1, 5, 1, 1, 3, 1, 1, 5, 1, 3, 5, 3, 1, 3, 1, 1, 5, 5, 1, 1, 1, 1, 5, 1, 5, 3, 5, 5, 4, 1, 1, 3, 1, 3, 1, 3, 1, 3, 1, 5, 3, 3, 5, 1, 1, 1, 1, 3, 5, 3, 4, 5, 1, 4, 3, 1, 1, 3, 1, 1, 5, 3, 5, 1, 3, 4, 1, 5, 1, 1, 3, 4, 4, 1, 4, 4, 3, 1, 4, 5, 1, 4, 4, 1, 4, 4, 4, 1, 4, 5, 3, 4, 3, 1, 4, 1, 1, 4, 4, 5, 4, 4, 1, 5, 2, 4, 5];
_objective = 59;
----------
%%%klause-arm: label=backtrack#0 objective=59 time=1291
evemorn = 14;
isolated = 44;
X_INTRODUCED_17_ = [4, 3, 1, 1, 3, 1, 1, 5, 1, 5, 1, 1, 5, 1, 1, 3, 1, 1, 3, 1, 1, 1, 3, 1, 5, 1, 1, 3, 1, 3, 3, 1, 1, 1, 5, 1, 1, 3, 1, 1, 5, 1, 3, 5, 3, 1, 3, 1, 1, 5, 5, 1, 1, 1, 1, 5, 1, 5, 3, 5, 5, 4, 1, 1, 3, 1, 3, 1, 3, 1, 3, 1, 5, 3, 3, 5, 1, 1, 1, 1, 3, 5, 3, 3, 5, 1, 4, 3, 1, 1, 3, 1, 1, 5, 3, 5, 1, 3, 4, 1, 5, 1, 1, 3, 4, 4, 1, 4, 4, 3, 1, 4, 5, 1, 4, 4, 1, 4, 4, 4, 1, 4, 5, 3, 4, 4, 1, 4, 1, 1, 4, 4, 5, 4, 4, 1, 5, 2, 4, 5];
_objective = 58;
----------
%%%klause-arm: label=backtrack#0 objective=58 time=1422
evemorn = 13;
isolated = 44;
X_INTRODUCED_17_ = [4, 3, 1, 1, 3, 1, 1, 5, 1, 5, 1, 1, 5, 1, 1, 3, 1, 1, 3, 1, 1, 1, 3, 1, 5, 1, 1, 3, 1, 3, 3, 1, 1, 1, 5, 1, 1, 3, 1, 1, 5, 1, 3, 5, 3, 1, 3, 1, 1, 5, 5, 3, 1, 1, 1, 5, 1, 5, 5, 5, 5, 4, 1, 1, 3, 1, 3, 1, 3, 1, 3, 1, 5, 3, 3, 5, 1, 1, 1, 1, 3, 5, 3, 3, 5, 1, 1, 3, 1, 1, 3, 1, 1, 5, 3, 5, 1, 3, 4, 1, 4, 1, 1, 3, 4, 4, 1, 4, 4, 3, 1, 4, 5, 1, 4, 4, 1, 4, 4, 4, 1, 4, 5, 3, 4, 4, 1, 4, 1, 1, 4, 4, 5, 4, 4, 1, 5, 2, 4, 5];
_objective = 57;
----------
%%%klause-arm: label=backtrack#0 objective=57 time=1542
%%%mzn-stat: solveTime=1.632
%%%mzn-stat: solutions=5
%%%mzn-stat: presolvePasses=strengthen,affine,difference-system
%%%mzn-stat: presolveConstraintsRemoved=560
%%%mzn-stat: nodes=1933
%%%mzn-stat: failures=31
%%%mzn-stat: restarts=0
%%%mzn-stat: propagations=0
%%%mzn-stat: learned=0
%%%mzn-stat: relearned=0
%%%mzn-stat: peakDepth=398
%%%mzn-stat: caNotApplicable=0
%%%mzn-stat: caNonAsserting=0
%%%mzn-stat: caRejectedTrueLit=0
%%%mzn-stat: openBoolDecisions=0
%%%mzn-stat: openIntDecisions=0
%%%mzn-stat: openTheoryDecisions=0
%%%mzn-stat: openTheoryChecks=0
%%%mzn-stat: openWork=0
%%%mzn-stat: openLearned=0
%%%mzn-stat: openRelearned=0
%%%mzn-stat: openRestarts=0
%%%mzn-stat: openReductions=0
%%%mzn-stat: openDropped=0
%%%mzn-stat: openRetained=0
%%%mzn-stat: openPeakRetained=0
%%%mzn-stat: openLearnedWatchVisits=0
%%%mzn-stat-end
