nXNd__1_2_X = 138;
nXNd__1_2_Y = 56;
nXNd__1_2_Z = 175;
nXNd__1_3_X = 138;
nXNd__1_3_Y = 22;
nXNd__1_3_Z = 175;
nXNd__1_4_X = 138;
nXNd__1_4_Y = 22;
nXNd__1_4_Z = 20;
nXNd__1_5_X = 155;
nXNd__1_5_Y = 22;
nXNd__1_5_Z = 20;
nXNd__1_6_X = 155;
nXNd__1_6_Y = 96;
nXNd__1_6_Z = 20;
nXNd__1_7_X = 155;
nXNd__1_7_Y = 96;
nXNd__1_7_Z = 12;
nXNd__1_8_X = 9;
nXNd__1_8_Y = 96;
nXNd__1_8_Z = 12;
nXNd__1_9_X = 9;
nXNd__1_9_Y = 96;
nXNd__1_9_Z = 35;
nXNd__1_10_X = 9;
nXNd__1_10_Y = 88;
nXNd__1_10_Z = 35;
objective = 204699;
X_INTRODUCED_2_ = [136, 54, 165, 136, 20, 173, 136, 20, 18, 136, 20, 18, 153, 20, 18, 153, 94, 10, 7, 94, 10, 7, 94, 10, 7, 86, 33, -1, 86, 33, 0, 0, 0];
X_INTRODUCED_36_ = [140, 58, 177, 140, 58, 177, 140, 24, 177, 157, 24, 22, 157, 98, 22, 157, 98, 22, 157, 98, 14, 11, 98, 37, 11, 98, 37, 11, 90, 37, 0, 0, 0];
X_INTRODUCED_70_ = [0, 0, 8, 0, 34, 0, 0, 0, 155, 17, 0, 0, 0, 74, 0, 0, 0, 8, 146, 0, 0, 0, 0, 23, 0, 8, 0, 8, 0, 0, 0, 0, 0];
nDirLeg = [3, 5, 6, 1, 2, 6, 4, 3, 5, 4, 0];
fExistLeg = [1, 1, 1, 1, 1, 1, 1, 1, 1, 1, 0];
fLastLeg = [0, 0, 0, 0, 0, 0, 0, 0, 0, 1, 0];
_objective = 204699;
----------
%%%klause-arm: label=backtrack#0 objective=204699 time=304
nXNd__1_2_X = 138;
nXNd__1_2_Y = 56;
nXNd__1_2_Z = 175;
nXNd__1_3_X = 138;
nXNd__1_3_Y = 29;
nXNd__1_3_Z = 175;
nXNd__1_4_X = 138;
nXNd__1_4_Y = 29;
nXNd__1_4_Z = 20;
nXNd__1_5_X = 155;
nXNd__1_5_Y = 29;
nXNd__1_5_Z = 20;
nXNd__1_6_X = 155;
nXNd__1_6_Y = 96;
nXNd__1_6_Z = 20;
nXNd__1_7_X = 155;
nXNd__1_7_Y = 96;
nXNd__1_7_Z = 6;
nXNd__1_8_X = 9;
nXNd__1_8_Y = 96;
nXNd__1_8_Z = 6;
nXNd__1_9_X = 9;
nXNd__1_9_Y = 96;
nXNd__1_9_Z = 35;
nXNd__1_10_X = 9;
nXNd__1_10_Y = 88;
nXNd__1_10_Z = 35;
objective = 204297;
X_INTRODUCED_2_ = [136, 54, 165, 136, 27, 173, 136, 27, 18, 136, 27, 18, 153, 27, 18, 153, 94, 4, 7, 94, 4, 7, 94, 4, 7, 86, 33, -1, 86, 33, 0, 0, 0];
X_INTRODUCED_36_ = [140, 58, 177, 140, 58, 177, 140, 31, 177, 157, 31, 22, 157, 98, 22, 157, 98, 22, 157, 98, 8, 11, 98, 37, 11, 98, 37, 11, 90, 37, 0, 0, 0];
X_INTRODUCED_70_ = [0, 0, 8, 0, 27, 0, 0, 0, 155, 17, 0, 0, 0, 67, 0, 0, 0, 14, 146, 0, 0, 0, 0, 29, 0, 8, 0, 8, 0, 0, 0, 0, 0];
nDirLeg = [3, 5, 6, 1, 2, 6, 4, 3, 5, 4, 0];
fExistLeg = [1, 1, 1, 1, 1, 1, 1, 1, 1, 1, 0];
fLastLeg = [0, 0, 0, 0, 0, 0, 0, 0, 0, 1, 0];
_objective = 204297;
----------
%%%klause-arm: label=backtrack#0 objective=204297 time=493
nXNd__1_2_X = 138;
nXNd__1_2_Y = 56;
nXNd__1_2_Z = 175;
nXNd__1_3_X = 138;
nXNd__1_3_Y = 30;
nXNd__1_3_Z = 175;
nXNd__1_4_X = 138;
nXNd__1_4_Y = 30;
nXNd__1_4_Z = 20;
nXNd__1_5_X = 155;
nXNd__1_5_Y = 30;
nXNd__1_5_Z = 20;
nXNd__1_6_X = 155;
nXNd__1_6_Y = 96;
nXNd__1_6_Z = 20;
nXNd__1_7_X = 155;
nXNd__1_7_Y = 96;
nXNd__1_7_Z = 6;
nXNd__1_8_X = 9;
nXNd__1_8_Y = 96;
nXNd__1_8_Z = 6;
nXNd__1_9_X = 9;
nXNd__1_9_Y = 96;
nXNd__1_9_Z = 35;
nXNd__1_10_X = 9;
nXNd__1_10_Y = 88;
nXNd__1_10_Z = 35;
objective = 203895;
X_INTRODUCED_2_ = [136, 54, 165, 136, 28, 173, 136, 28, 18, 136, 28, 18, 153, 28, 18, 153, 94, 4, 7, 94, 4, 7, 94, 4, 7, 86, 33, -1, 86, 33, 0, 0, 0];
X_INTRODUCED_36_ = [140, 58, 177, 140, 58, 177, 140, 32, 177, 157, 32, 22, 157, 98, 22, 157, 98, 22, 157, 98, 8, 11, 98, 37, 11, 98, 37, 11, 90, 37, 0, 0, 0];
X_INTRODUCED_70_ = [0, 0, 8, 0, 26, 0, 0, 0, 155, 17, 0, 0, 0, 66, 0, 0, 0, 14, 146, 0, 0, 0, 0, 29, 0, 8, 0, 8, 0, 0, 0, 0, 0];
nDirLeg = [3, 5, 6, 1, 2, 6, 4, 3, 5, 4, 0];
fExistLeg = [1, 1, 1, 1, 1, 1, 1, 1, 1, 1, 0];
fLastLeg = [0, 0, 0, 0, 0, 0, 0, 0, 0, 1, 0];
_objective = 203895;
----------
%%%klause-arm: label=backtrack#0 objective=203895 time=703
nXNd__1_2_X = 138;
nXNd__1_2_Y = 56;
nXNd__1_2_Z = 175;
nXNd__1_3_X = 156;
nXNd__1_3_Y = 56;
nXNd__1_3_Z = 175;
nXNd__1_4_X = 156;
nXNd__1_4_Y = 56;
nXNd__1_4_Z = 13;
nXNd__1_5_X = 164;
nXNd__1_5_Y = 56;
nXNd__1_5_Z = 13;
nXNd__1_6_X = 164;
nXNd__1_6_Y = 96;
nXNd__1_6_Z = 13;
nXNd__1_7_X = 164;
nXNd__1_7_Y = 96;
nXNd__1_7_Z = 5;
nXNd__1_8_X = 9;
nXNd__1_8_Y = 96;
nXNd__1_8_Z = 5;
nXNd__1_9_X = 9;
nXNd__1_9_Y = 96;
nXNd__1_9_Z = 35;
nXNd__1_10_X = 9;
nXNd__1_10_Y = 88;
nXNd__1_10_Z = 35;
objective = 197463;
X_INTRODUCED_2_ = [136, 54, 165, 136, 54, 173, 154, 54, 11, 154, 54, 11, 162, 54, 11, 162, 94, 3, 7, 94, 3, 7, 94, 3, 7, 86, 33, -1, 86, 33, 0, 0, 0];
X_INTRODUCED_36_ = [140, 58, 177, 158, 58, 177, 158, 58, 177, 166, 58, 15, 166, 98, 15, 166, 98, 15, 166, 98, 7, 11, 98, 37, 11, 98, 37, 11, 90, 37, 0, 0, 0];
X_INTRODUCED_70_ = [0, 0, 8, 18, 0, 0, 0, 0, 162, 8, 0, 0, 0, 40, 0, 0, 0, 8, 155, 0, 0, 0, 0, 30, 0, 8, 0, 8, 0, 0, 0, 0, 0];
nDirLeg = [3, 1, 6, 1, 2, 6, 4, 3, 5, 4, 0];
fExistLeg = [1, 1, 1, 1, 1, 1, 1, 1, 1, 1, 0];
fLastLeg = [0, 0, 0, 0, 0, 0, 0, 0, 0, 1, 0];
_objective = 197463;
----------
%%%klause-arm: label=backtrack#0 objective=197463 time=847
nXNd__1_2_X = 138;
nXNd__1_2_Y = 56;
nXNd__1_2_Z = 175;
nXNd__1_3_X = 155;
nXNd__1_3_Y = 56;
nXNd__1_3_Z = 175;
nXNd__1_4_X = 155;
nXNd__1_4_Y = 56;
nXNd__1_4_Z = 13;
nXNd__1_5_X = 163;
nXNd__1_5_Y = 56;
nXNd__1_5_Z = 13;
nXNd__1_6_X = 163;
nXNd__1_6_Y = 96;
nXNd__1_6_Z = 13;
nXNd__1_7_X = 163;
nXNd__1_7_Y = 96;
nXNd__1_7_Z = 5;
nXNd__1_8_X = 9;
nXNd__1_8_Y = 96;
nXNd__1_8_Z = 5;
nXNd__1_9_X = 9;
nXNd__1_9_Y = 96;
nXNd__1_9_Z = 35;
nXNd__1_10_X = 9;
nXNd__1_10_Y = 88;
nXNd__1_10_Z = 35;
objective = 197061;
X_INTRODUCED_2_ = [136, 54, 165, 136, 54, 173, 153, 54, 11, 153, 54, 11, 161, 54, 11, 161, 94, 3, 7, 94, 3, 7, 94, 3, 7, 86, 33, -1, 86, 33, 0, 0, 0];
X_INTRODUCED_36_ = [140, 58, 177, 157, 58, 177, 157, 58, 177, 165, 58, 15, 165, 98, 15, 165, 98, 15, 165, 98, 7, 11, 98, 37, 11, 98, 37, 11, 90, 37, 0, 0, 0];
X_INTRODUCED_70_ = [0, 0, 8, 17, 0, 0, 0, 0, 162, 8, 0, 0, 0, 40, 0, 0, 0, 8, 154, 0, 0, 0, 0, 30, 0, 8, 0, 8, 0, 0, 0, 0, 0];
nDirLeg = [3, 1, 6, 1, 2, 6, 4, 3, 5, 4, 0];
fExistLeg = [1, 1, 1, 1, 1, 1, 1, 1, 1, 1, 0];
fLastLeg = [0, 0, 0, 0, 0, 0, 0, 0, 0, 1, 0];
_objective = 197061;
----------
%%%klause-arm: label=backtrack#0 objective=197061 time=958
nXNd__1_2_X = 138;
nXNd__1_2_Y = 56;
nXNd__1_2_Z = 175;
nXNd__1_3_X = 156;
nXNd__1_3_Y = 56;
nXNd__1_3_Z = 175;
nXNd__1_4_X = 156;
nXNd__1_4_Y = 64;
nXNd__1_4_Z = 175;
nXNd__1_5_X = 156;
nXNd__1_5_Y = 64;
nXNd__1_5_Z = 147;
nXNd__1_6_X = 156;
nXNd__1_6_Y = 98;
nXNd__1_6_Z = 147;
nXNd__1_7_X = 156;
nXNd__1_7_Y = 98;
nXNd__1_7_Z = 6;
nXNd__1_8_X = 9;
nXNd__1_8_Y = 98;
nXNd__1_8_Z = 6;
nXNd__1_9_X = 9;
nXNd__1_9_Y = 98;
nXNd__1_9_Z = 35;
nXNd__1_10_X = 9;
nXNd__1_10_Y = 88;
nXNd__1_10_Z = 35;
objective = 194649;
X_INTRODUCED_2_ = [136, 54, 165, 136, 54, 173, 154, 54, 173, 154, 62, 145, 154, 62, 145, 154, 96, 4, 7, 96, 4, 7, 96, 4, 7, 86, 33, -1, 86, 33, 0, 0, 0];
X_INTRODUCED_36_ = [140, 58, 177, 158, 58, 177, 158, 66, 177, 158, 66, 177, 158, 100, 149, 158, 100, 149, 158, 100, 8, 11, 100, 37, 11, 100, 37, 11, 90, 37, 0, 0, 0];
X_INTRODUCED_70_ = [0, 0, 8, 18, 0, 0, 0, 8, 0, 0, 0, 28, 0, 34, 0, 0, 0, 141, 147, 0, 0, 0, 0, 29, 0, 10, 0, 8, 0, 0, 0, 0, 0];
nDirLeg = [3, 1, 2, 6, 2, 6, 4, 3, 5, 4, 0];
fExistLeg = [1, 1, 1, 1, 1, 1, 1, 1, 1, 1, 0];
fLastLeg = [0, 0, 0, 0, 0, 0, 0, 0, 0, 1, 0];
_objective = 194649;
----------
%%%klause-arm: label=backtrack#0 objective=194649 time=1316
%%%mzn-stat: solveTime=1.872
%%%mzn-stat: solutions=6
%%%mzn-stat: presolvePasses=strengthen,aggregate,difference-system
%%%mzn-stat: presolveConstraintsRemoved=196
%%%mzn-stat: nodes=572
%%%mzn-stat: failures=201
%%%mzn-stat: restarts=0
%%%mzn-stat: propagations=0
%%%mzn-stat: learned=0
%%%mzn-stat: relearned=0
%%%mzn-stat: peakDepth=90
%%%mzn-stat: caNotApplicable=0
%%%mzn-stat: caNonAsserting=0
%%%mzn-stat: caRejectedTrueLit=0
%%%mzn-stat: openBoolDecisions=0
%%%mzn-stat: openIntDecisions=0
%%%mzn-stat: openTheoryDecisions=0
%%%mzn-stat: openTheoryChecks=0
%%%mzn-stat: openWork=0
%%%mzn-stat: openLearned=0
%%%mzn-stat: openRelearned=0
%%%mzn-stat: openRestarts=0
%%%mzn-stat: openReductions=0
%%%mzn-stat: openDropped=0
%%%mzn-stat: openRetained=0
%%%mzn-stat: openPeakRetained=0
%%%mzn-stat: openLearnedWatchVisits=0
%%%mzn-stat: lpSolves=0
%%%mzn-stat: lpPruned=0
%%%mzn-stat: lpInfeasible=0
%%%mzn-stat: lpBoundPruned=0
%%%mzn-stat: lpFixed=0
%%%mzn-stat: lpCuts=0
%%%mzn-stat: lpPivots=0
%%%mzn-stat: lpWorkOps=0
%%%mzn-stat: lpNodePasses=0
%%%mzn-stat: lpRootPasses=3
%%%mzn-stat: lpRootPivots=16
%%%mzn-stat: lpRootWorkOps=11922825
%%%mzn-stat: lpRootWarmStartAttempts=0
%%%mzn-stat: lpRootWarmStartHits=0
%%%mzn-stat: lpRootRefactorizations=3
%%%mzn-stat: lpRootRefactorInitial=1
%%%mzn-stat: lpRootRefactorWarmStart=0
%%%mzn-stat: lpRootRefactorSingularRecovery=0
%%%mzn-stat: lpRootRefactorUpdateLimit=0
%%%mzn-stat: lpRootRefactorBackendRequested=0
%%%mzn-stat: lpRootRefactorReconcileRecovery=0
%%%mzn-stat: lpRootRefactorPrimal=2
%%%mzn-stat: lpRootSingularRefactorizations=0
%%%mzn-stat: lpRootSmallPivotBails=0
%%%mzn-stat: lpIntegerCertifyAttempts=0
%%%mzn-stat: lpIntegerCertifySuccesses=0
%%%mzn-stat: lpIntegerCertifyDeclines=0
%%%mzn-stat: lpIntegerCertifyNodeAttempts=0
%%%mzn-stat: lpIntegerCertifyNodeSuccesses=0
%%%mzn-stat: lpIntegerCertifyNodeDeclines=0
%%%mzn-stat: lpIntegerCertifyStandaloneAttempts=0
%%%mzn-stat: lpIntegerCertifyStandaloneSuccesses=0
%%%mzn-stat: lpIntegerCertifyStandaloneDeclines=0
%%%mzn-stat: lpIntegerCertifyComponentAttempts=0
%%%mzn-stat: lpIntegerCertifyComponentSuccesses=0
%%%mzn-stat: lpIntegerCertifyComponentDeclines=0
%%%mzn-stat: lpIntegerCertifyRootAttempts=0
%%%mzn-stat: lpIntegerCertifyRootSuccesses=0
%%%mzn-stat: lpIntegerCertifyRootDeclines=0
%%%mzn-stat: lpSafeObjectiveLowerBoundAttempts=0
%%%mzn-stat: lpSafeObjectiveLowerBoundSuccesses=0
%%%mzn-stat: lpSafeObjectiveLowerBoundDeclines=0
%%%mzn-stat: lpSafeObjectiveLowerBoundNodeAttempts=0
%%%mzn-stat: lpSafeObjectiveLowerBoundNodeSuccesses=0
%%%mzn-stat: lpSafeObjectiveLowerBoundNodeDeclines=0
%%%mzn-stat: lpSafeObjectiveLowerBoundStandaloneAttempts=0
%%%mzn-stat: lpSafeObjectiveLowerBoundStandaloneSuccesses=0
%%%mzn-stat: lpSafeObjectiveLowerBoundStandaloneDeclines=0
%%%mzn-stat: lpSafeObjectiveLowerBoundComponentAttempts=0
%%%mzn-stat: lpSafeObjectiveLowerBoundComponentSuccesses=0
%%%mzn-stat: lpSafeObjectiveLowerBoundComponentDeclines=0
%%%mzn-stat: lpSafeObjectiveLowerBoundRootAttempts=0
%%%mzn-stat: lpSafeObjectiveLowerBoundRootSuccesses=0
%%%mzn-stat: lpSafeObjectiveLowerBoundRootDeclines=0
%%%mzn-stat: lpExactBasisFeasibleAttempts=0
%%%mzn-stat: lpExactBasisFeasibleSuccesses=0
%%%mzn-stat: lpExactBasisFeasibleDeclines=0
%%%mzn-stat: lpExactBasisFeasibleNodeAttempts=0
%%%mzn-stat: lpExactBasisFeasibleNodeSuccesses=0
%%%mzn-stat: lpExactBasisFeasibleNodeDeclines=0
%%%mzn-stat: lpExactBasisFeasibleStandaloneAttempts=0
%%%mzn-stat: lpExactBasisFeasibleStandaloneSuccesses=0
%%%mzn-stat: lpExactBasisFeasibleStandaloneDeclines=0
%%%mzn-stat: lpExactBasisFeasibleComponentAttempts=0
%%%mzn-stat: lpExactBasisFeasibleComponentSuccesses=0
%%%mzn-stat: lpExactBasisFeasibleComponentDeclines=0
%%%mzn-stat: lpExactBasisFeasibleRootAttempts=0
%%%mzn-stat: lpExactBasisFeasibleRootSuccesses=0
%%%mzn-stat: lpExactBasisFeasibleRootDeclines=0
%%%mzn-stat: lpExactFarkasRayAttempts=0
%%%mzn-stat: lpExactFarkasRaySuccesses=0
%%%mzn-stat: lpExactFarkasRayDeclines=0
%%%mzn-stat: lpExactFarkasRayNodeAttempts=0
%%%mzn-stat: lpExactFarkasRayNodeSuccesses=0
%%%mzn-stat: lpExactFarkasRayNodeDeclines=0
%%%mzn-stat: lpExactFarkasRayStandaloneAttempts=0
%%%mzn-stat: lpExactFarkasRayStandaloneSuccesses=0
%%%mzn-stat: lpExactFarkasRayStandaloneDeclines=0
%%%mzn-stat: lpExactFarkasRayComponentAttempts=0
%%%mzn-stat: lpExactFarkasRayComponentSuccesses=0
%%%mzn-stat: lpExactFarkasRayComponentDeclines=0
%%%mzn-stat: lpExactFarkasRayRootAttempts=0
%%%mzn-stat: lpExactFarkasRayRootSuccesses=0
%%%mzn-stat: lpExactFarkasRayRootDeclines=0
%%%mzn-stat: lpExactPointFeasibleAttempts=0
%%%mzn-stat: lpExactPointFeasibleSuccesses=0
%%%mzn-stat: lpExactPointFeasibleDeclines=0
%%%mzn-stat: lpExactPointFeasibleNodeAttempts=0
%%%mzn-stat: lpExactPointFeasibleNodeSuccesses=0
%%%mzn-stat: lpExactPointFeasibleNodeDeclines=0
%%%mzn-stat: lpExactPointFeasibleStandaloneAttempts=0
%%%mzn-stat: lpExactPointFeasibleStandaloneSuccesses=0
%%%mzn-stat: lpExactPointFeasibleStandaloneDeclines=0
%%%mzn-stat: lpExactPointFeasibleComponentAttempts=0
%%%mzn-stat: lpExactPointFeasibleComponentSuccesses=0
%%%mzn-stat: lpExactPointFeasibleComponentDeclines=0
%%%mzn-stat: lpExactPointFeasibleRootAttempts=0
%%%mzn-stat: lpExactPointFeasibleRootSuccesses=0
%%%mzn-stat: lpExactPointFeasibleRootDeclines=0
%%%mzn-stat: lpRationalOutcomeAttempts=0
%%%mzn-stat: lpRationalOutcomeSuccesses=0
%%%mzn-stat: lpRationalOutcomeDeclines=0
%%%mzn-stat: lpRationalOutcomeNodeAttempts=0
%%%mzn-stat: lpRationalOutcomeNodeSuccesses=0
%%%mzn-stat: lpRationalOutcomeNodeDeclines=0
%%%mzn-stat: lpRationalOutcomeStandaloneAttempts=0
%%%mzn-stat: lpRationalOutcomeStandaloneSuccesses=0
%%%mzn-stat: lpRationalOutcomeStandaloneDeclines=0
%%%mzn-stat: lpRationalOutcomeComponentAttempts=0
%%%mzn-stat: lpRationalOutcomeComponentSuccesses=0
%%%mzn-stat: lpRationalOutcomeComponentDeclines=0
%%%mzn-stat: lpRationalOutcomeRootAttempts=0
%%%mzn-stat: lpRationalOutcomeRootSuccesses=0
%%%mzn-stat: lpRationalOutcomeRootDeclines=0
%%%mzn-stat: lpBackjumps=0
%%%mzn-stat: lpLagrangianPruned=0
%%%mzn-stat: lpEnergeticPruned=0
%%%mzn-stat: lpMs=0
%%%mzn-stat-end
