Calculating task graph as no cached configuration is available for tasks: :klause-bench:bench --args=solve suite=xcsp3-core  processors=1 timeout=3000 label=w0-3378fa6e2aa3-xcsp3-off-r3 lp=off

> Configure project :klause
Signing skipped: SNAPSHOT is a snapshot.

> Task :klause-bench:checkKotlinGradlePluginConfigurationErrors SKIPPED
> Task :klause-bench:protobufDummy UP-TO-DATE
> Task :klause:jvmProcessResources NO-SOURCE
> Task :klause-bench:extractProto UP-TO-DATE
> Task :klause:processJvmMainResources SKIPPED
> Task :klause:kmpPartiallyResolvedDependenciesChecker
> Task :klause:checkKotlinGradlePluginConfigurationErrors SKIPPED
> Task :klause-bench:processResources UP-TO-DATE
> Task :klause:compileKotlinJvm UP-TO-DATE
> Task :klause:compileJvmMainJava NO-SOURCE
> Task :klause:jvmMainClasses UP-TO-DATE
> Task :klause:jvmJar UP-TO-DATE
> Task :klause-bench:extractIncludeProto UP-TO-DATE
> Task :klause-bench:generateProto UP-TO-DATE
> Task :klause-bench:compileKotlin UP-TO-DATE
> Task :klause-bench:compileJava UP-TO-DATE
> Task :klause-bench:classes UP-TO-DATE

> Task :klause-bench:bench
=== solve over 4 instance(s) ===

=== solve (klause-p1-t3s-lp-off-w0-3378fa6e2aa3-xcsp3-off-r3; 3000ms budget) -> output/klause-p1-t3s-lp-off-w0-3378fa6e2aa3-xcsp3-off-r3/ ===
ok [magic-series-tiny] satisfy = SAT@329ms
ok [sum-opt-tiny] optimize = opt=10.0@48ms
ok [magic-square-3] satisfy = SAT@371ms
ok [graph-coloring-tiny] satisfy = SAT@318ms

4/4 feasible, 1 proved  (output/klause-p1-t3s-lp-off-w0-3378fa6e2aa3-xcsp3-off-r3/, output/klause-p1-t3s-lp-off-w0-3378fa6e2aa3-xcsp3-off-r3.csv)

BUILD SUCCESSFUL in 2s
10 actionable tasks: 2 executed, 8 up-to-date
Configuration cache entry stored.
