unknown
; wall timeout
; solveTime=29.493
; solutions=0
; presolvePasses=subsume,amo-clique
; presolveConstraintsRemoved=112
; nodes=0
; failures=0
; propagations=0
; openBoolDecisions=4541
; openIntDecisions=0
; openTheoryDecisions=0
; openTheoryChecks=3191
; openWork=7732
; openLearned=0
; openRelearned=0
; openRestarts=0
; openReductions=0
; openDropped=0
; openRetained=0
; openPeakRetained=0
; openLearnedWatchVisits=0
; smtPrivateChecks=0
; smtSharedChecks=3191
; smtTheoryChecks=3191
; smtTheoryChecksPerSec=108.1952
; smtConflicts=3190
; smtExplainedConflicts=0
; smtUnexplainedConflicts=3190
; smtConflictLiterals=0
; smtReductionRequests=0
; smtReductionCacheHits=0
; smtReductionAccepted=0
; smtReductionDeclined=0
; smtReductionMs=0
; smtSimplexAttempts=3191
; smtSimplexAccepted=3190
; smtSimplexDeclined=1
; smtSimplexMs=2668.9632
; smtFrac128Attempts=0
; smtFrac128Eligible=0
; smtFrac128Accepted=0
; smtFrac128Escalations=0
; smtFrac128OverflowEscalations=0
; smtFrac128InputEscalations=0
; smtEscalationMs=0
; smtWitnessCandidates=0
; smtWitnessAccepted=0
; smtStrictWitnessCandidates=0
; smtStrictWitnessAccepted=0
; smtWideWitnessCandidates=0
; smtWideWitnessAccepted=0
