unknown
; wall timeout
; solveTime=29.647
; solutions=0
; presolvePasses=subsume
; presolveConstraintsRemoved=11
; nodes=0
; failures=0
; propagations=0
; openBoolDecisions=1544
; openIntDecisions=0
; openTheoryDecisions=0
; openTheoryChecks=706
; openWork=2250
; openLearned=0
; openRelearned=0
; openRestarts=0
; openReductions=0
; openDropped=0
; openRetained=0
; openPeakRetained=0
; openLearnedWatchVisits=0
; smtPrivateChecks=0
; smtSharedChecks=706
; smtTheoryChecks=706
; smtTheoryChecksPerSec=23.8135
; smtConflicts=705
; smtExplainedConflicts=0
; smtUnexplainedConflicts=705
; smtConflictLiterals=0
; smtReductionRequests=0
; smtReductionCacheHits=0
; smtReductionAccepted=0
; smtReductionDeclined=0
; smtReductionMs=0
; smtSimplexAttempts=706
; smtSimplexAccepted=705
; smtSimplexDeclined=1
; smtSimplexMs=23218.69
; smtFrac128Attempts=0
; smtFrac128Eligible=0
; smtFrac128Accepted=0
; smtFrac128Escalations=0
; smtFrac128OverflowEscalations=0
; smtFrac128InputEscalations=0
; smtEscalationMs=0
; smtWitnessCandidates=0
; smtWitnessAccepted=0
; smtStrictWitnessCandidates=0
; smtStrictWitnessAccepted=0
; smtWideWitnessCandidates=0
; smtWideWitnessAccepted=0
