unknown
; wall timeout
; solveTime=29.499
; solutions=0
; presolvePasses=subsume
; presolveConstraintsRemoved=285
; nodes=0
; failures=0
; propagations=0
; openBoolDecisions=21328
; openIntDecisions=0
; openTheoryDecisions=0
; openTheoryChecks=471
; openWork=21799
; openLearned=67
; openRelearned=0
; openRestarts=0
; openReductions=0
; openDropped=0
; openRetained=67
; openPeakRetained=67
; openLearnedWatchVisits=12
; smtPrivateChecks=0
; smtSharedChecks=471
; smtTheoryChecks=471
; smtTheoryChecksPerSec=15.9666
; smtConflicts=470
; smtExplainedConflicts=0
; smtUnexplainedConflicts=470
; smtConflictLiterals=0
; smtReductionRequests=0
; smtReductionCacheHits=0
; smtReductionAccepted=0
; smtReductionDeclined=0
; smtReductionMs=0
; smtSimplexAttempts=471
; smtSimplexAccepted=470
; smtSimplexDeclined=1
; smtSimplexMs=3058.1807
; smtFrac128Attempts=0
; smtFrac128Eligible=0
; smtFrac128Accepted=0
; smtFrac128Escalations=0
; smtFrac128OverflowEscalations=0
; smtFrac128InputEscalations=0
; smtEscalationMs=0
; smtWitnessCandidates=0
; smtWitnessAccepted=0
; smtStrictWitnessCandidates=0
; smtStrictWitnessAccepted=0
; smtWideWitnessCandidates=0
; smtWideWitnessAccepted=0
