unknown
; wall timeout
; solveTime=28.998
; solutions=0
; presolvePasses=amo-clique
; presolveConstraintsRemoved=1267
; nodes=0
; failures=0
; propagations=0
; openBoolDecisions=3142
; openIntDecisions=0
; openTheoryDecisions=0
; openTheoryChecks=2148
; openWork=5290
; openLearned=0
; openRelearned=0
; openRestarts=0
; openReductions=0
; openDropped=0
; openRetained=0
; openPeakRetained=0
; openLearnedWatchVisits=0
; smtPrivateChecks=0
; smtSharedChecks=2148
; smtTheoryChecks=2148
; smtTheoryChecksPerSec=74.0741
; smtConflicts=2147
; smtExplainedConflicts=0
; smtUnexplainedConflicts=2147
; smtConflictLiterals=0
; smtReductionRequests=0
; smtReductionCacheHits=0
; smtReductionAccepted=0
; smtReductionDeclined=0
; smtReductionMs=0
; smtSimplexAttempts=2148
; smtSimplexAccepted=2147
; smtSimplexDeclined=1
; smtSimplexMs=2127.5377
; smtFrac128Attempts=0
; smtFrac128Eligible=0
; smtFrac128Accepted=0
; smtFrac128Escalations=0
; smtFrac128OverflowEscalations=0
; smtFrac128InputEscalations=0
; smtEscalationMs=0
; smtWitnessCandidates=0
; smtWitnessAccepted=0
; smtStrictWitnessCandidates=0
; smtStrictWitnessAccepted=0
; smtWideWitnessCandidates=0
; smtWideWitnessAccepted=0
