sat
(
  (define-fun v_z_12 () Int -4294967236)
  (define-fun v_y_10 () Int 0)
  (define-fun v_y_12 () Int 3435973789)
  (define-fun |ULTIMATE.start___VERIFIER_assert_~cond#1| () Int 1)
)
; solveTime=0.662
; solutions=1
; presolvePasses=strengthen,fuse-bounds
; presolveConstraintsRemoved=3
; nodes=0
; failures=0
; propagations=0
; openBoolDecisions=0
; openIntDecisions=0
; openTheoryDecisions=0
; openTheoryChecks=2
; openWork=2
; openLearned=0
; openRelearned=0
; openRestarts=0
; openReductions=0
; openDropped=0
; openRetained=0
; openPeakRetained=0
; openLearnedWatchVisits=0
; smtPrivateChecks=1
; smtSharedChecks=1
; smtTheoryChecks=2
; smtTheoryChecksPerSec=3.0211
; smtConflicts=0
; smtExplainedConflicts=0
; smtUnexplainedConflicts=0
; smtConflictLiterals=0
; smtReductionRequests=2
; smtReductionCacheHits=0
; smtReductionAccepted=2
; smtReductionDeclined=0
; smtReductionMs=42.006
; smtSimplexAttempts=43
; smtSimplexAccepted=43
; smtSimplexDeclined=0
; smtSimplexMs=67.895
; smtFrac128Attempts=0
; smtFrac128Eligible=0
; smtFrac128Accepted=0
; smtFrac128Escalations=0
; smtFrac128OverflowEscalations=0
; smtFrac128InputEscalations=0
; smtEscalationMs=0
; smtWitnessCandidates=1
; smtWitnessAccepted=1
; smtStrictWitnessCandidates=1
; smtStrictWitnessAccepted=1
; smtWideWitnessCandidates=0
; smtWideWitnessAccepted=0
; smtWitnessAcceptance=1
; smtStrictWitnessAcceptance=1
; lpSolves=0
; lpPruned=0
; lpInfeasible=0
; lpBoundPruned=0
; lpFixed=0
; lpCuts=0
; lpPivots=0
; lpWorkOps=0
; lpNodePasses=0
; lpComponentPasses=6
; lpComponentPivots=21
; lpComponentWorkOps=1566
; lpComponentWarmStartAttempts=0
; lpComponentWarmStartHits=0
; lpComponentRefactorizations=15
; lpComponentRefactorInitial=5
; lpComponentRefactorWarmStart=0
; lpComponentRefactorSingularRecovery=0
; lpComponentRefactorUpdateLimit=0
; lpComponentRefactorBackendRequested=0
; lpComponentRefactorReconcileRecovery=0
; lpComponentRefactorPrimal=10
; lpComponentSingularRefactorizations=0
; lpComponentSmallPivotBails=0
; lpIntegerCertifyAttempts=6
; lpIntegerCertifySuccesses=6
; lpIntegerCertifyDeclines=0
; lpIntegerCertifySuccessRate=1
; lpIntegerCertifyNodeAttempts=0
; lpIntegerCertifyNodeSuccesses=0
; lpIntegerCertifyNodeDeclines=0
; lpIntegerCertifyStandaloneAttempts=6
; lpIntegerCertifyStandaloneSuccesses=6
; lpIntegerCertifyStandaloneDeclines=0
; lpIntegerCertifyStandaloneSuccessRate=1
; lpIntegerCertifyComponentAttempts=0
; lpIntegerCertifyComponentSuccesses=0
; lpIntegerCertifyComponentDeclines=0
; lpIntegerCertifyRootAttempts=0
; lpIntegerCertifyRootSuccesses=0
; lpIntegerCertifyRootDeclines=0
; lpSafeObjectiveLowerBoundAttempts=4
; lpSafeObjectiveLowerBoundSuccesses=4
; lpSafeObjectiveLowerBoundDeclines=0
; lpSafeObjectiveLowerBoundSuccessRate=1
; lpSafeObjectiveLowerBoundNodeAttempts=0
; lpSafeObjectiveLowerBoundNodeSuccesses=0
; lpSafeObjectiveLowerBoundNodeDeclines=0
; lpSafeObjectiveLowerBoundStandaloneAttempts=4
; lpSafeObjectiveLowerBoundStandaloneSuccesses=4
; lpSafeObjectiveLowerBoundStandaloneDeclines=0
; lpSafeObjectiveLowerBoundStandaloneSuccessRate=1
; lpSafeObjectiveLowerBoundComponentAttempts=0
; lpSafeObjectiveLowerBoundComponentSuccesses=0
; lpSafeObjectiveLowerBoundComponentDeclines=0
; lpSafeObjectiveLowerBoundRootAttempts=0
; lpSafeObjectiveLowerBoundRootSuccesses=0
; lpSafeObjectiveLowerBoundRootDeclines=0
; lpExactBasisFeasibleAttempts=0
; lpExactBasisFeasibleSuccesses=0
; lpExactBasisFeasibleDeclines=0
; lpExactBasisFeasibleNodeAttempts=0
; lpExactBasisFeasibleNodeSuccesses=0
; lpExactBasisFeasibleNodeDeclines=0
; lpExactBasisFeasibleStandaloneAttempts=0
; lpExactBasisFeasibleStandaloneSuccesses=0
; lpExactBasisFeasibleStandaloneDeclines=0
; lpExactBasisFeasibleComponentAttempts=0
; lpExactBasisFeasibleComponentSuccesses=0
; lpExactBasisFeasibleComponentDeclines=0
; lpExactBasisFeasibleRootAttempts=0
; lpExactBasisFeasibleRootSuccesses=0
; lpExactBasisFeasibleRootDeclines=0
; lpExactFarkasRayAttempts=0
; lpExactFarkasRaySuccesses=0
; lpExactFarkasRayDeclines=0
; lpExactFarkasRayNodeAttempts=0
; lpExactFarkasRayNodeSuccesses=0
; lpExactFarkasRayNodeDeclines=0
; lpExactFarkasRayStandaloneAttempts=0
; lpExactFarkasRayStandaloneSuccesses=0
; lpExactFarkasRayStandaloneDeclines=0
; lpExactFarkasRayComponentAttempts=0
; lpExactFarkasRayComponentSuccesses=0
; lpExactFarkasRayComponentDeclines=0
; lpExactFarkasRayRootAttempts=0
; lpExactFarkasRayRootSuccesses=0
; lpExactFarkasRayRootDeclines=0
; lpExactPointFeasibleAttempts=0
; lpExactPointFeasibleSuccesses=0
; lpExactPointFeasibleDeclines=0
; lpExactPointFeasibleNodeAttempts=0
; lpExactPointFeasibleNodeSuccesses=0
; lpExactPointFeasibleNodeDeclines=0
; lpExactPointFeasibleStandaloneAttempts=0
; lpExactPointFeasibleStandaloneSuccesses=0
; lpExactPointFeasibleStandaloneDeclines=0
; lpExactPointFeasibleComponentAttempts=0
; lpExactPointFeasibleComponentSuccesses=0
; lpExactPointFeasibleComponentDeclines=0
; lpExactPointFeasibleRootAttempts=0
; lpExactPointFeasibleRootSuccesses=0
; lpExactPointFeasibleRootDeclines=0
; lpRationalOutcomeAttempts=0
; lpRationalOutcomeSuccesses=0
; lpRationalOutcomeDeclines=0
; lpRationalOutcomeNodeAttempts=0
; lpRationalOutcomeNodeSuccesses=0
; lpRationalOutcomeNodeDeclines=0
; lpRationalOutcomeStandaloneAttempts=0
; lpRationalOutcomeStandaloneSuccesses=0
; lpRationalOutcomeStandaloneDeclines=0
; lpRationalOutcomeComponentAttempts=0
; lpRationalOutcomeComponentSuccesses=0
; lpRationalOutcomeComponentDeclines=0
; lpRationalOutcomeRootAttempts=0
; lpRationalOutcomeRootSuccesses=0
; lpRationalOutcomeRootDeclines=0
; lpBackjumps=0
; lpLagrangianPruned=0
; lpEnergeticPruned=0
; lpMs=0
