sat
(
  (define-fun x0 () Int 0)
  (define-fun x1 () Int -2)
  (define-fun x2 () Int 1)
  (define-fun x3 () Int 0)
  (define-fun x4 () Int -2)
)
; solveTime=0.913
; solutions=1
; presolvePasses=strengthen
; nodes=0
; failures=0
; propagations=0
; openBoolDecisions=0
; openIntDecisions=0
; openTheoryDecisions=0
; openTheoryChecks=1
; openWork=1
; openLearned=0
; openRelearned=0
; openRestarts=0
; openReductions=0
; openDropped=0
; openRetained=0
; openPeakRetained=0
; openLearnedWatchVisits=0
; smtPrivateChecks=0
; smtSharedChecks=1
; smtTheoryChecks=1
; smtTheoryChecksPerSec=1.0953
; smtConflicts=0
; smtExplainedConflicts=0
; smtUnexplainedConflicts=0
; smtConflictLiterals=0
; smtReductionRequests=1
; smtReductionCacheHits=0
; smtReductionAccepted=1
; smtReductionDeclined=0
; smtReductionMs=55.4463
; smtSimplexAttempts=9
; smtSimplexAccepted=9
; smtSimplexDeclined=0
; smtSimplexMs=68.0966
; smtFrac128Attempts=0
; smtFrac128Eligible=0
; smtFrac128Accepted=0
; smtFrac128Escalations=0
; smtFrac128OverflowEscalations=0
; smtFrac128InputEscalations=0
; smtEscalationMs=0
; smtWitnessCandidates=1
; smtWitnessAccepted=1
; smtStrictWitnessCandidates=0
; smtStrictWitnessAccepted=0
; smtWideWitnessCandidates=1
; smtWideWitnessAccepted=1
; smtWitnessAcceptance=1
; smtWideWitnessAcceptance=1
; lpSolves=0
; lpPruned=0
; lpInfeasible=0
; lpBoundPruned=0
; lpFixed=0
; lpCuts=0
; lpPivots=0
; lpWorkOps=0
; lpNodePasses=0
; lpStandalonePasses=17
; lpStandalonePivots=48
; lpStandaloneWorkOps=5624
; lpStandaloneWarmStartAttempts=13
; lpStandaloneWarmStartHits=13
; lpStandaloneWarmStartHitRate=1
; lpStandaloneRefactorizations=17
; lpStandaloneRefactorInitial=2
; lpStandaloneRefactorWarmStart=0
; lpStandaloneRefactorSingularRecovery=0
; lpStandaloneRefactorUpdateLimit=0
; lpStandaloneRefactorBackendRequested=0
; lpStandaloneRefactorReconcileRecovery=0
; lpStandaloneRefactorPrimal=15
; lpStandaloneSingularRefactorizations=0
; lpStandaloneSmallPivotBails=0
; lpIntegerCertifyAttempts=17
; lpIntegerCertifySuccesses=17
; lpIntegerCertifyDeclines=0
; lpIntegerCertifySuccessRate=1
; lpIntegerCertifyNodeAttempts=0
; lpIntegerCertifyNodeSuccesses=0
; lpIntegerCertifyNodeDeclines=0
; lpIntegerCertifyStandaloneAttempts=17
; lpIntegerCertifyStandaloneSuccesses=17
; lpIntegerCertifyStandaloneDeclines=0
; lpIntegerCertifyStandaloneSuccessRate=1
; lpIntegerCertifyComponentAttempts=0
; lpIntegerCertifyComponentSuccesses=0
; lpIntegerCertifyComponentDeclines=0
; lpIntegerCertifyRootAttempts=0
; lpIntegerCertifyRootSuccesses=0
; lpIntegerCertifyRootDeclines=0
; lpSafeObjectiveLowerBoundAttempts=15
; lpSafeObjectiveLowerBoundSuccesses=15
; lpSafeObjectiveLowerBoundDeclines=0
; lpSafeObjectiveLowerBoundSuccessRate=1
; lpSafeObjectiveLowerBoundNodeAttempts=0
; lpSafeObjectiveLowerBoundNodeSuccesses=0
; lpSafeObjectiveLowerBoundNodeDeclines=0
; lpSafeObjectiveLowerBoundStandaloneAttempts=15
; lpSafeObjectiveLowerBoundStandaloneSuccesses=15
; lpSafeObjectiveLowerBoundStandaloneDeclines=0
; lpSafeObjectiveLowerBoundStandaloneSuccessRate=1
; lpSafeObjectiveLowerBoundComponentAttempts=0
; lpSafeObjectiveLowerBoundComponentSuccesses=0
; lpSafeObjectiveLowerBoundComponentDeclines=0
; lpSafeObjectiveLowerBoundRootAttempts=0
; lpSafeObjectiveLowerBoundRootSuccesses=0
; lpSafeObjectiveLowerBoundRootDeclines=0
; lpExactBasisFeasibleAttempts=0
; lpExactBasisFeasibleSuccesses=0
; lpExactBasisFeasibleDeclines=0
; lpExactBasisFeasibleNodeAttempts=0
; lpExactBasisFeasibleNodeSuccesses=0
; lpExactBasisFeasibleNodeDeclines=0
; lpExactBasisFeasibleStandaloneAttempts=0
; lpExactBasisFeasibleStandaloneSuccesses=0
; lpExactBasisFeasibleStandaloneDeclines=0
; lpExactBasisFeasibleComponentAttempts=0
; lpExactBasisFeasibleComponentSuccesses=0
; lpExactBasisFeasibleComponentDeclines=0
; lpExactBasisFeasibleRootAttempts=0
; lpExactBasisFeasibleRootSuccesses=0
; lpExactBasisFeasibleRootDeclines=0
; lpExactFarkasRayAttempts=0
; lpExactFarkasRaySuccesses=0
; lpExactFarkasRayDeclines=0
; lpExactFarkasRayNodeAttempts=0
; lpExactFarkasRayNodeSuccesses=0
; lpExactFarkasRayNodeDeclines=0
; lpExactFarkasRayStandaloneAttempts=0
; lpExactFarkasRayStandaloneSuccesses=0
; lpExactFarkasRayStandaloneDeclines=0
; lpExactFarkasRayComponentAttempts=0
; lpExactFarkasRayComponentSuccesses=0
; lpExactFarkasRayComponentDeclines=0
; lpExactFarkasRayRootAttempts=0
; lpExactFarkasRayRootSuccesses=0
; lpExactFarkasRayRootDeclines=0
; lpExactPointFeasibleAttempts=0
; lpExactPointFeasibleSuccesses=0
; lpExactPointFeasibleDeclines=0
; lpExactPointFeasibleNodeAttempts=0
; lpExactPointFeasibleNodeSuccesses=0
; lpExactPointFeasibleNodeDeclines=0
; lpExactPointFeasibleStandaloneAttempts=0
; lpExactPointFeasibleStandaloneSuccesses=0
; lpExactPointFeasibleStandaloneDeclines=0
; lpExactPointFeasibleComponentAttempts=0
; lpExactPointFeasibleComponentSuccesses=0
; lpExactPointFeasibleComponentDeclines=0
; lpExactPointFeasibleRootAttempts=0
; lpExactPointFeasibleRootSuccesses=0
; lpExactPointFeasibleRootDeclines=0
; lpRationalOutcomeAttempts=0
; lpRationalOutcomeSuccesses=0
; lpRationalOutcomeDeclines=0
; lpRationalOutcomeNodeAttempts=0
; lpRationalOutcomeNodeSuccesses=0
; lpRationalOutcomeNodeDeclines=0
; lpRationalOutcomeStandaloneAttempts=0
; lpRationalOutcomeStandaloneSuccesses=0
; lpRationalOutcomeStandaloneDeclines=0
; lpRationalOutcomeComponentAttempts=0
; lpRationalOutcomeComponentSuccesses=0
; lpRationalOutcomeComponentDeclines=0
; lpRationalOutcomeRootAttempts=0
; lpRationalOutcomeRootSuccesses=0
; lpRationalOutcomeRootDeclines=0
; lpBackjumps=0
; lpLagrangianPruned=0
; lpEnergeticPruned=0
; lpMs=0
