unknown
; wall timeout
; solveTime=28.915
; solutions=0
; nodes=0
; failures=0
; propagations=0
; openBoolDecisions=12563
; openIntDecisions=0
; openTheoryDecisions=0
; openTheoryChecks=48
; openWork=12611
; openLearned=190
; openRelearned=0
; openRestarts=0
; openReductions=0
; openDropped=0
; openRetained=190
; openPeakRetained=190
; openLearnedWatchVisits=280
; smtPrivateChecks=0
; smtSharedChecks=48
; smtTheoryChecks=48
; smtTheoryChecksPerSec=1.66
; smtConflicts=47
; smtExplainedConflicts=0
; smtUnexplainedConflicts=47
; smtConflictLiterals=0
; smtReductionRequests=0
; smtReductionCacheHits=0
; smtReductionAccepted=0
; smtReductionDeclined=0
; smtReductionMs=0
; smtSimplexAttempts=48
; smtSimplexAccepted=47
; smtSimplexDeclined=1
; smtSimplexMs=13345.1116
; smtFrac128Attempts=0
; smtFrac128Eligible=0
; smtFrac128Accepted=0
; smtFrac128Escalations=0
; smtFrac128OverflowEscalations=0
; smtFrac128InputEscalations=0
; smtEscalationMs=0
; smtWitnessCandidates=0
; smtWitnessAccepted=0
; smtStrictWitnessCandidates=0
; smtStrictWitnessAccepted=0
; smtWideWitnessCandidates=0
; smtWideWitnessAccepted=0
