unknown
; wall timeout
; solveTime=29.553
; solutions=0
; nodes=0
; failures=0
; propagations=0
; openBoolDecisions=11621
; openIntDecisions=0
; openTheoryDecisions=0
; openTheoryChecks=11458
; openWork=23079
; openLearned=0
; openRelearned=0
; openRestarts=0
; openReductions=0
; openDropped=0
; openRetained=0
; openPeakRetained=0
; openLearnedWatchVisits=0
; smtPrivateChecks=0
; smtSharedChecks=11458
; smtTheoryChecks=11458
; smtTheoryChecksPerSec=387.7102
; smtConflicts=11457
; smtExplainedConflicts=0
; smtUnexplainedConflicts=11457
; smtConflictLiterals=0
; smtReductionRequests=0
; smtReductionCacheHits=0
; smtReductionAccepted=0
; smtReductionDeclined=0
; smtReductionMs=0
; smtSimplexAttempts=11458
; smtSimplexAccepted=11457
; smtSimplexDeclined=1
; smtSimplexMs=17482.5768
; smtFrac128Attempts=0
; smtFrac128Eligible=0
; smtFrac128Accepted=0
; smtFrac128Escalations=0
; smtFrac128OverflowEscalations=0
; smtFrac128InputEscalations=0
; smtEscalationMs=0
; smtWitnessCandidates=0
; smtWitnessAccepted=0
; smtStrictWitnessCandidates=0
; smtStrictWitnessAccepted=0
; smtWideWitnessCandidates=0
; smtWideWitnessAccepted=0
